{
 "cells": [
  {
   "cell_type": "markdown",
   "id": "b11f61c4-b566-41b7-9a84-86ad443fff10",
   "metadata": {
    "tags": []
   },
   "source": [
    "# Lab 1: Configuring & Running Experiments in SimBricks\n",
    "\n",
    "## 1. Minimal 2-Host Experiment\n",
    "To get started, we will set up a simple experiment with two hosts that have one NIC each and are connected through a basic switch. The hosts run Linux with the regular network stack, and run the standard `iperf` network benchmark, with one hosts acting as the server, and the other as the client.\n",
    "\n",
    "To keep simulation times low for testing here, we use unsynchronized and inaccurate simulator configurations: QEMU with KVM acceleration (if available), the behavioral Intel x710 (`i40e`) NIC model, and our simple behavioral switch.\n",
    "\n",
    "### 1.1. Specifying Simulation Configuration\n",
    "Now let's set up this configuration in the SimBricks orchestration framework:"
   ]
  },
  {
   "cell_type": "markdown",
   "id": "18fd1c0b-d0c7-4335-ab6d-78c921dc6dca",
   "metadata": {},
   "source": [
    "The first step is to create an `Experiment` object. This object contains pointers to all relevant components in the simulation and an instance serves as a declarative description of the configuration."
   ]
  },
  {
   "cell_type": "code",
   "execution_count": 1,
   "id": "dd0172a5-6e49-472a-a4cd-7a0de202cf34",
   "metadata": {},
   "outputs": [],
   "source": [
    "import simbricks.orchestration.experiments as exp\n",
    "import simbricks.orchestration.simulators as sim\n",
    "import simbricks.orchestration.nodeconfig as node\n",
    "\n",
    "e = exp.Experiment('my-simple-experiment')"
   ]
  },
  {
   "cell_type": "markdown",
   "id": "2bfd5836-344a-4d41-9763-eb59abd06c56",
   "metadata": {},
   "source": [
    "Now we instantiate the first Component simulator, the `SwitchNet` behavioral switch model, and add it to our experiment object."
   ]
  },
  {
   "cell_type": "code",
   "execution_count": 2,
   "id": "46336658-27f3-4728-bcc2-da50e8811ae3",
   "metadata": {},
   "outputs": [],
   "source": [
    "net = sim.SwitchNet()\n",
    "e.add_network(net)"
   ]
  },
  {
   "cell_type": "markdown",
   "id": "40199453-ab3e-447c-8c0d-589fa7c0d0c7",
   "metadata": {},
   "source": [
    "For each host simulator we also have to specify what software to run through a *node configuration object*. This basically specifies which disk image to use, and includes a set of commands to run after boot, for steps including loading NIC drivers, assigning IP addresses, and other configuration steps. Here we use the `I40eLinuxNode` configuration, which will load the `i40e` NIC driver, and assign the IP address specified."
   ]
  },
  {
   "cell_type": "code",
   "execution_count": 3,
   "id": "ffaa1dd9-f84b-41fd-baa6-7c1a460423be",
   "metadata": {},
   "outputs": [],
   "source": [
    "server_config = node.I40eLinuxNode()\n",
    "server_config.prefix = 24\n",
    "server_config.ip = '10.0.0.1'"
   ]
  },
  {
   "cell_type": "markdown",
   "id": "a150223b-ffd6-4640-b812-24f8a2329e6a",
   "metadata": {},
   "source": [
    "The node configuration also points to the *application configuration*, specifying the actual workload, i.e. commands to run after the system is fully booted up. These objects mostly just provide a bit of syntactic sugar to make it easier to set benchmark configuration parameters in a readable way from python."
   ]
  },
  {
   "cell_type": "code",
   "execution_count": 4,
   "id": "797902eb-27f2-4afa-a9ce-4a83a1a14ef1",
   "metadata": {},
   "outputs": [],
   "source": [
    "server_config.app = node.IperfTCPServer()"
   ]
  },
  {
   "cell_type": "markdown",
   "id": "0a1cd00d-8550-4f22-b422-464787763666",
   "metadata": {},
   "source": [
    "Next we create the first instance of the QEMU host simulator for the server and label it accordingly."
   ]
  },
  {
   "cell_type": "code",
   "execution_count": 5,
   "id": "9026ffde-66a0-4dd4-96ad-f307860e6567",
   "metadata": {},
   "outputs": [],
   "source": [
    "server = sim.QemuHost(server_config)\n",
    "server.name = 'server'\n",
    "e.add_host(server)"
   ]
  },
  {
   "cell_type": "markdown",
   "id": "efd071fb-7777-4d8d-9d7d-72fad087a190",
   "metadata": {},
   "source": [
    "After configuring the server host simulator, we add an instance of the `i40e` NIC model, and connect it to both the host simulator and our switch simulator. As a last step for the server, we add the NIC and host to the experiment object."
   ]
  },
  {
   "cell_type": "code",
   "execution_count": 6,
   "id": "f8237f28-9118-4dcb-bd00-e050ed48a494",
   "metadata": {},
   "outputs": [],
   "source": [
    "server_nic = sim.I40eNIC()\n",
    "server_nic.set_network(net)\n",
    "server.add_nic(server_nic)\n",
    "e.add_nic(server_nic)"
   ]
  },
  {
   "cell_type": "markdown",
   "id": "6046bfaa-541a-4f2d-a821-de378d896f5d",
   "metadata": {},
   "source": [
    "Finally, we repeat the same steps for the client, with a few small differences."
   ]
  },
  {
   "cell_type": "code",
   "execution_count": 7,
   "id": "38338146-678f-4b3e-b190-d3a7eeb1ffb1",
   "metadata": {},
   "outputs": [],
   "source": [
    "\n",
    "# Node configuration describes software configuration running on the client\n",
    "client_config = node.I40eLinuxNode()\n",
    "client_config.prefix = 24\n",
    "client_config.ip = '10.0.0.2'"
   ]
  },
  {
   "cell_type": "markdown",
   "id": "7da15814-b0b7-47de-8719-655bc06d79b9",
   "metadata": {},
   "source": [
    "Second, for the client we specify a different application configuration to run the iperf client instead of the server, and pass it the server IP address to connect to."
   ]
  },
  {
   "cell_type": "code",
   "execution_count": 8,
   "id": "57d35d90-4157-4b94-9541-6170e0c929e4",
   "metadata": {},
   "outputs": [],
   "source": [
    "client_config.app = node.IperfTCPClient()\n",
    "client_config.app.server_ip = '10.0.0.1'  # Client needs to know server IP"
   ]
  },
  {
   "cell_type": "markdown",
   "id": "ddd9f558",
   "metadata": {},
   "source": [
    "For the client host, set the `wait` attribute, to indicate that we want to wait for this simulator to terminate before stopping the experiment (many simulators, for the server, NICs, and networks, typically run until they are manually stopped when the experiment is finished)."
   ]
  },
  {
   "cell_type": "code",
   "execution_count": 9,
   "id": "1d47722a",
   "metadata": {},
   "outputs": [],
   "source": [
    "# Create host simulator for client\n",
    "client = sim.QemuHost(client_config)\n",
    "client.name = 'client'\n",
    "client.wait = True  # Wait for client to shut down before ending experiment\n",
    "e.add_host(client)"
   ]
  },
  {
   "cell_type": "markdown",
   "id": "aed4c303",
   "metadata": {},
   "source": [
    "Then we again create the NIC and connect it to the switch and host."
   ]
  },
  {
   "cell_type": "code",
   "execution_count": 10,
   "id": "3fc5abbf",
   "metadata": {},
   "outputs": [],
   "source": [
    "# Create nic simulator for client\n",
    "client_nic = sim.I40eNIC()\n",
    "client_nic.set_network(net)\n",
    "client.add_nic(client_nic)\n",
    "e.add_nic(client_nic)"
   ]
  },
  {
   "cell_type": "markdown",
   "id": "93347d9e-b4f4-4e3f-a7c8-c553ba990813",
   "metadata": {},
   "source": [
    "And that's it! We have assembled our first SimBricks simulation configuration. Here is a simple illustration of what we have assembled:"
   ]
  },
  {
   "cell_type": "code",
   "execution_count": 11,
   "id": "8247f5d8-1e33-4ed4-a988-37d1373119df",
   "metadata": {},
   "outputs": [
    {
     "data": {
      "image/svg+xml": [
       "<?xml version=\"1.0\" encoding=\"UTF-8\" standalone=\"no\"?>\n",
       "<!DOCTYPE svg PUBLIC \"-//W3C//DTD SVG 1.1//EN\"\n",
       " \"http://www.w3.org/Graphics/SVG/1.1/DTD/svg11.dtd\">\n",
       "<!-- Generated by graphviz version 2.43.0 (0)\n",
       " -->\n",
       "<!-- Title: %3 Pages: 1 -->\n",
       "<svg width=\"272pt\" height=\"309pt\"\n",
       " viewBox=\"0.00 0.00 272.49 309.39\" xmlns=\"http://www.w3.org/2000/svg\" xmlns:xlink=\"http://www.w3.org/1999/xlink\">\n",
       "<g id=\"graph0\" class=\"graph\" transform=\"scale(1 1) rotate(0) translate(4 305.39)\">\n",
       "<title>%3</title>\n",
       "<polygon fill=\"white\" stroke=\"transparent\" points=\"-4,4 -4,-305.39 268.49,-305.39 268.49,4 -4,4\"/>\n",
       "<!-- host.server -->\n",
       "<g id=\"node1\" class=\"node\">\n",
       "<title>host.server</title>\n",
       "<ellipse fill=\"#98f5ff\" stroke=\"black\" cx=\"63.69\" cy=\"-237.69\" rx=\"63.89\" ry=\"63.89\"/>\n",
       "<text text-anchor=\"middle\" x=\"63.69\" y=\"-233.99\" font-family=\"Times,serif\" font-size=\"14.00\">host.server</text>\n",
       "</g>\n",
       "<!-- nic.server. -->\n",
       "<g id=\"node3\" class=\"node\">\n",
       "<title>nic.server.</title>\n",
       "<polygon fill=\"lightgreen\" stroke=\"black\" points=\"118.19,-123 27.19,-123 27.19,-87 118.19,-87 118.19,-123\"/>\n",
       "<text text-anchor=\"middle\" x=\"72.69\" y=\"-101.3\" font-family=\"Times,serif\" font-size=\"14.00\">nic.server.</text>\n",
       "</g>\n",
       "<!-- host.server&#45;&gt;nic.server. -->\n",
       "<g id=\"edge1\" class=\"edge\">\n",
       "<title>host.server&#45;&gt;nic.server.</title>\n",
       "<path fill=\"none\" stroke=\"green\" d=\"M68.01,-174.03C69,-159.68 70,-145.16 70.82,-133.25\"/>\n",
       "<polygon fill=\"green\" stroke=\"green\" points=\"74.32,-133.33 71.52,-123.11 67.34,-132.85 74.32,-133.33\"/>\n",
       "<text text-anchor=\"middle\" x=\"87.69\" y=\"-144.8\" font-family=\"Times,serif\" font-size=\"14.00\">PCIe</text>\n",
       "</g>\n",
       "<!-- host.client -->\n",
       "<g id=\"node2\" class=\"node\">\n",
       "<title>host.client</title>\n",
       "<ellipse fill=\"#98f5ff\" stroke=\"black\" cx=\"204.69\" cy=\"-237.69\" rx=\"59.59\" ry=\"59.59\"/>\n",
       "<text text-anchor=\"middle\" x=\"204.69\" y=\"-233.99\" font-family=\"Times,serif\" font-size=\"14.00\">host.client</text>\n",
       "</g>\n",
       "<!-- nic.client. -->\n",
       "<g id=\"node4\" class=\"node\">\n",
       "<title>nic.client.</title>\n",
       "<polygon fill=\"lightgreen\" stroke=\"black\" points=\"239.69,-123 153.69,-123 153.69,-87 239.69,-87 239.69,-123\"/>\n",
       "<text text-anchor=\"middle\" x=\"196.69\" y=\"-101.3\" font-family=\"Times,serif\" font-size=\"14.00\">nic.client.</text>\n",
       "</g>\n",
       "<!-- host.client&#45;&gt;nic.client. -->\n",
       "<g id=\"edge2\" class=\"edge\">\n",
       "<title>host.client&#45;&gt;nic.client.</title>\n",
       "<path fill=\"none\" stroke=\"green\" d=\"M201.09,-177.85C200.14,-162.28 199.16,-146.23 198.36,-133.25\"/>\n",
       "<polygon fill=\"green\" stroke=\"green\" points=\"201.85,-132.92 197.74,-123.15 194.86,-133.35 201.85,-132.92\"/>\n",
       "<text text-anchor=\"middle\" x=\"217.69\" y=\"-144.8\" font-family=\"Times,serif\" font-size=\"14.00\">PCIe</text>\n",
       "</g>\n",
       "<!-- net. -->\n",
       "<g id=\"node5\" class=\"node\">\n",
       "<title>net.</title>\n",
       "<polygon fill=\"gold\" stroke=\"black\" points=\"125.69,-36 85.31,-18 125.69,0 166.08,-18 125.69,-36\"/>\n",
       "<text text-anchor=\"middle\" x=\"125.69\" y=\"-14.3\" font-family=\"Times,serif\" font-size=\"14.00\">net.</text>\n",
       "</g>\n",
       "<!-- nic.server.&#45;&gt;net. -->\n",
       "<g id=\"edge3\" class=\"edge\">\n",
       "<title>nic.server.&#45;&gt;net.</title>\n",
       "<path fill=\"none\" stroke=\"red\" d=\"M83.42,-86.8C91.61,-73.67 102.96,-55.47 111.83,-41.23\"/>\n",
       "<polygon fill=\"red\" stroke=\"red\" points=\"114.93,-42.88 117.25,-32.54 108.99,-39.18 114.93,-42.88\"/>\n",
       "<text text-anchor=\"middle\" x=\"115.69\" y=\"-57.8\" font-family=\"Times,serif\" font-size=\"14.00\">Eth</text>\n",
       "</g>\n",
       "<!-- nic.client.&#45;&gt;net. -->\n",
       "<g id=\"edge4\" class=\"edge\">\n",
       "<title>nic.client.&#45;&gt;net.</title>\n",
       "<path fill=\"none\" stroke=\"red\" d=\"M182.33,-86.8C170.88,-73.09 154.82,-53.87 142.72,-39.39\"/>\n",
       "<polygon fill=\"red\" stroke=\"red\" points=\"145.22,-36.92 136.13,-31.49 139.85,-41.41 145.22,-36.92\"/>\n",
       "<text text-anchor=\"middle\" x=\"178.69\" y=\"-57.8\" font-family=\"Times,serif\" font-size=\"14.00\">Eth</text>\n",
       "</g>\n",
       "</g>\n",
       "</svg>\n"
      ],
      "text/plain": [
       "<graphviz.dot.Digraph at 0x7f38207ab6d0>"
      ]
     },
     "execution_count": 11,
     "metadata": {},
     "output_type": "execute_result"
    }
   ],
   "source": [
    "import visualize\n",
    "\n",
    "visualize.experiment_graph(e)"
   ]
  },
  {
   "cell_type": "markdown",
   "id": "93082727-1349-481a-8068-d6d4557bc9ed",
   "metadata": {
    "tags": []
   },
   "source": [
    "### 1.2. Running the Simulation\n",
    "\n",
    "Now that we have assembled our simulation, the next step is running it. Typically we would save the experiment to a `.py` file, and then use the `run.py` script and run it from the terminal. (Details on how to do that below.) Here we will directly use our python orchestration mechanisms to run a simple local experiment.\n",
    "\n",
    "For this we first specify the `LocalExecutor` to run our simulation locally directly by starting the commands from the python process. (other executors execute component simulators on remote hosts, particularly useful for distributed simulations spanning multiple hosts)"
   ]
  },
  {
   "cell_type": "code",
   "execution_count": 12,
   "id": "efd720b7-0957-4c05-8548-d19cbc766855",
   "metadata": {
    "scrolled": true,
    "tags": []
   },
   "outputs": [],
   "source": [
    "import simbricks.orchestration.experiments as exp\n",
    "import simbricks.orchestration.experiment.experiment_environment as expenv\n",
    "import simbricks.orchestration.exectools as exectools\n",
    "import simbricks.orchestration.runtime as runtime\n",
    "import simbricks.orchestration.runners as runners\n",
    "\n",
    "executor = exectools.LocalExecutor()"
   ]
  },
  {
   "cell_type": "markdown",
   "id": "74169fa7-e7c6-49fa-8bdb-829085ca0352",
   "metadata": {},
   "source": [
    "Next, we set up an experiment environment, which specifies paths for simulator executables, unix sockets, shared memory regions, working copies of simulator disk images, and other working files of different component simulators. Here we just pass in the path to our SimBricks repo and a new working directory for this experiment. For the rest the `ExpEnv` has sensible defaults that can be customized if necessary."
   ]
  },
  {
   "cell_type": "code",
   "execution_count": 13,
   "id": "ded0862d-cc6f-42bc-9a33-d4b6103f171b",
   "metadata": {
    "scrolled": true,
    "tags": []
   },
   "outputs": [],
   "source": [
    "workdir = './out/lab1_test1'\n",
    "env = expenv.ExpEnv(repo_path='/simbricks', workdir=workdir, cpdir=workdir)"
   ]
  },
  {
   "cell_type": "markdown",
   "id": "811e5407-2c45-48df-b9af-40c5993f8cce",
   "metadata": {},
   "source": [
    "Now we create a `Run` object, which is intended for a single execution of an experiment, and stores the experiment, and the environment. For the run we then initialize the output and working directory."
   ]
  },
  {
   "cell_type": "code",
   "execution_count": 14,
   "id": "865c0d43-fb0b-4db6-8d19-1712cf2a6b3f",
   "metadata": {
    "scrolled": true,
    "tags": []
   },
   "outputs": [],
   "source": [
    "run = runtime.Run(experiment=e, index=0, env=env, outpath=workdir, prereq=None)\n",
    "await run.prep_dirs(executor)"
   ]
  },
  {
   "cell_type": "markdown",
   "id": "c6af4bb6-d870-4703-a656-f189b095eec4",
   "metadata": {},
   "source": [
    "Finally, we create a runner responsible for orchestrating the simulation run. The execution results in an output object that contains all simulator outputs, commands, executed, timestamps, and other metadata for the run. We create the runner with the verbose flag set here, so we also see the output on the console as the simulation executes, helpful for debugging but all this information is also contained in the output object."
   ]
  },
  {
   "cell_type": "code",
   "execution_count": 15,
   "id": "753e7d68-3a46-4adc-a867-0a95c6b367b0",
   "metadata": {
    "scrolled": true,
    "tags": []
   },
   "outputs": [
    {
     "name": "stdout",
     "output_type": "stream",
     "text": [
      "preparing config tar: /workspaces/simbricks-examples/first-steps/out/lab1_test1/cfg.server.tar\n",
      "preparing config tar: /workspaces/simbricks-examples/first-steps/out/lab1_test1/cfg.client.tar\n",
      "prepare_my-simple-experiment.0 ERR: ['qemu-img: warning: Deprecated use of backing file without explicit backing format (detected format of qcow2)']\n",
      "prepare_my-simple-experiment.0 OUT: [\"Formatting '/workspaces/simbricks-examples/first-steps/out/lab1_test1/hdcopy.server', fmt=qcow2 cluster_size=65536 extended_l2=off compression_type=zlib size=42949672960 backing_file=/simbricks/images/output-base/base backing_fmt=qcow2 lazy_refcounts=off refcount_bits=16\"]\n",
      "prepare_my-simple-experiment.0 ERR: ['qemu-img: warning: Deprecated use of backing file without explicit backing format (detected format of qcow2)']\n",
      "prepare_my-simple-experiment.0 OUT: [\"Formatting '/workspaces/simbricks-examples/first-steps/out/lab1_test1/hdcopy.client', fmt=qcow2 cluster_size=65536 extended_l2=off compression_type=zlib size=42949672960 backing_file=/simbricks/images/output-base/base backing_fmt=qcow2 lazy_refcounts=off refcount_bits=16\"]\n",
      "prepare_my-simple-experiment.0 TERMINATED: 0\n",
      "prepare_my-simple-experiment.0 TERMINATED: 0\n",
      "my-simple-experiment: starting nic.server.\n",
      "my-simple-experiment: starting nic.client.\n",
      "my-simple-experiment: waiting for sockets nic.server.\n",
      "my-simple-experiment: waiting for sockets nic.client.\n",
      "await_file(/workspaces/simbricks-examples/first-steps/out/lab1_test1/dev.pci.server.)\n",
      "await_file(/workspaces/simbricks-examples/first-steps/out/lab1_test1/nic.eth.server.)\n",
      "await_file(/workspaces/simbricks-examples/first-steps/out/lab1_test1/dev.pci.client.)\n",
      "await_file(/workspaces/simbricks-examples/first-steps/out/lab1_test1/nic.eth.client.)\n"
     ]
    },
    {
     "name": "stdout",
     "output_type": "stream",
     "text": [
      "my-simple-experiment: started nic.server.\n",
      "my-simple-experiment: started nic.client.\n",
      "my-simple-experiment: starting net.\n",
      "net. ERR: ['Switch connecting to: /workspaces/simbricks-examples/first-steps/out/lab1_test1/nic.eth.server.']\n",
      "net. ERR: ['Switch connecting to: /workspaces/simbricks-examples/first-steps/out/lab1_test1/nic.eth.client.']\n",
      "my-simple-experiment: started net.\n",
      "my-simple-experiment: starting host.server\n",
      "my-simple-experiment: starting host.client\n",
      "host.server ERR: [\"qemu-system-x86_64: warning: host doesn't support requested feature: CPUID.07H:EBX.hle [bit 4]\"]\n",
      "host.server ERR: [\"qemu-system-x86_64: warning: host doesn't support requested feature: CPUID.07H:EBX.rtm [bit 11]\"]\n",
      "host.client ERR: [\"qemu-system-x86_64: warning: host doesn't support requested feature: CPUID.07H:EBX.hle [bit 4]\"]\n",
      "host.client ERR: [\"qemu-system-x86_64: warning: host doesn't support requested feature: CPUID.07H:EBX.rtm [bit 11]\"]\n",
      "nic.server. ERR: ['mac_addr=5f3100f46d00']\n",
      "nic.server. ERR: ['sync_pci=0 sync_eth=1']\n",
      "nic.client. ERR: ['mac_addr=d3772de523ac']\n",
      "nic.client. ERR: ['sync_pci=0 sync_eth=1']\n",
      "host.server OUT: ['Wrong EFI loader signature.\\r']\n",
      "host.server OUT: ['early console in extract_kernel\\r']\n",
      "host.server OUT: ['input_data: 0x00000000023793a8\\r']\n",
      "host.server OUT: ['input_len: 0x000000000044008e\\r']\n",
      "host.server OUT: ['output: 0x0000000001000000\\r']\n",
      "host.server OUT: ['output_len: 0x0000000001780a40\\r']\n",
      "host.server OUT: ['kernel_total_size: 0x0000000001626000\\r']\n",
      "host.server OUT: ['needed_size: 0x0000000001800000\\r']\n",
      "host.server OUT: ['trampoline_32bit: 0x000000000009d000\\r']\n",
      "host.server OUT: ['\\r']\n",
      "host.client OUT: ['Wrong EFI loader signature.\\r']\n",
      "host.client OUT: ['early console in extract_kernel\\r']\n",
      "host.client OUT: ['input_data: 0x00000000023793a8\\r']\n",
      "host.client OUT: ['input_len: 0x000000000044008e\\r']\n",
      "host.client OUT: ['output: 0x0000000001000000\\r']\n",
      "host.client OUT: ['output_len: 0x0000000001780a40\\r']\n",
      "host.client OUT: ['kernel_total_size: 0x0000000001626000\\r']\n",
      "host.client OUT: ['needed_size: 0x0000000001800000\\r']\n",
      "host.client OUT: ['trampoline_32bit: 0x000000000009d000\\r']\n",
      "host.client OUT: ['\\r']\n",
      "host.server OUT: ['Decompressing Linux... Parsing ELF... done.\\r']\n",
      "host.server OUT: ['Booting the kernel.\\r']\n",
      "host.server OUT: ['[    0.000000] Linux version 5.15.93 (root@buildkitsandbox) (gcc (Ubuntu 11.4.0-1ubuntu1~22.04) 11.4.0, GNU ld (GNU Binutils for Ubuntu) 2.38) #1 SMP Wed May 8 16:57:21 UTC 2024\\r']\n",
      "host.server OUT: ['[    0.000000] Command line: earlyprintk=ttyS0 console=ttyS0 root=/dev/sda1 init=/home/ubuntu/guestinit.sh rw\\r']\n",
      "host.server OUT: [\"[    0.000000] x86/fpu: Supporting XSAVE feature 0x001: 'x87 floating point registers'\\r\"]\n",
      "host.server OUT: [\"[    0.000000] x86/fpu: Supporting XSAVE feature 0x002: 'SSE registers'\\r\"]\n",
      "host.server OUT: [\"[    0.000000] x86/fpu: Supporting XSAVE feature 0x004: 'AVX registers'\\r\"]\n",
      "host.server OUT: [\"[    0.000000] x86/fpu: Supporting XSAVE feature 0x020: 'AVX-512 opmask'\\r\"]\n",
      "host.server OUT: [\"[    0.000000] x86/fpu: Supporting XSAVE feature 0x040: 'AVX-512 Hi256'\\r\"]\n",
      "host.server OUT: [\"[    0.000000] x86/fpu: Supporting XSAVE feature 0x080: 'AVX-512 ZMM_Hi256'\\r\"]\n",
      "host.server OUT: [\"[    0.000000] x86/fpu: Supporting XSAVE feature 0x200: 'Protection Keys User registers'\\r\"]\n",
      "host.server OUT: ['[    0.000000] x86/fpu: xstate_offset[2]:  576, xstate_sizes[2]:  256\\r']\n",
      "host.server OUT: ['[    0.000000] x86/fpu: xstate_offset[5]: 1088, xstate_sizes[5]:   64\\r']\n",
      "host.server OUT: ['[    0.000000] x86/fpu: xstate_offset[6]: 1152, xstate_sizes[6]:  512\\r']\n",
      "host.server OUT: ['[    0.000000] x86/fpu: xstate_offset[7]: 1664, xstate_sizes[7]: 1024\\r']\n",
      "host.server OUT: ['[    0.000000] x86/fpu: xstate_offset[9]: 2688, xstate_sizes[9]:    8\\r']\n",
      "host.server OUT: [\"[    0.000000] x86/fpu: Enabled xstate features 0x2e7, context size is 2696 bytes, using 'standard' format.\\r\"]\n",
      "host.server OUT: ['[    0.000000] signal: max sigframe size: 3632\\r']\n",
      "host.server OUT: ['[    0.000000] BIOS-provided physical RAM map:\\r']\n",
      "host.server OUT: ['[    0.000000] BIOS-e820: [mem 0x0000000000000000-0x000000000009fbff] usable\\r']\n",
      "host.server OUT: ['[    0.000000] BIOS-e820: [mem 0x000000000009fc00-0x000000000009ffff] reserved\\r']\n",
      "host.server OUT: ['[    0.000000] BIOS-e820: [mem 0x00000000000f0000-0x00000000000fffff] reserved\\r']\n",
      "host.server OUT: ['[    0.000000] BIOS-e820: [mem 0x0000000000100000-0x000000001ffddfff] usable\\r']\n",
      "host.server OUT: ['[    0.000000] BIOS-e820: [mem 0x000000001ffde000-0x000000001fffffff] reserved\\r']\n",
      "host.server OUT: ['[    0.000000] BIOS-e820: [mem 0x00000000b0000000-0x00000000bfffffff] reserved\\r']\n",
      "host.server OUT: ['[    0.000000] BIOS-e820: [mem 0x00000000fed1c000-0x00000000fed1ffff] reserved\\r']\n",
      "host.server OUT: ['[    0.000000] BIOS-e820: [mem 0x00000000feffc000-0x00000000feffffff] reserved\\r']\n",
      "host.server OUT: ['[    0.000000] BIOS-e820: [mem 0x00000000fffc0000-0x00000000ffffffff] reserved\\r']\n",
      "host.server OUT: ['[    0.000000] printk: bootconsole [earlyser0] enabled\\r']\n",
      "host.server OUT: ['[    0.000000] NX (Execute Disable) protection: active\\r']\n",
      "host.server OUT: ['[    0.000000] SMBIOS 2.8 present.\\r']\n",
      "host.server OUT: ['[    0.000000] DMI: QEMU Standard PC (Q35 + ICH9, 2009), BIOS rel-1.14.0-0-g155821a1990b-prebuilt.qemu.org 04/01/2014\\r']\n",
      "host.server OUT: ['[    0.000000] Hypervisor detected: KVM\\r']\n",
      "host.server OUT: ['[    0.000000] kvm-clock: Using msrs 4b564d01 and 4b564d00\\r']\n",
      "host.server OUT: ['[    0.000000] kvm-clock: cpu 0, msr 2396001, primary cpu clock\\r']\n",
      "host.server OUT: ['[    0.000001] kvm-clock: using sched offset of 187795777 cycles\\r']\n",
      "host.server OUT: ['[    0.000657] clocksource: kvm-clock: mask: 0xffffffffffffffff max_cycles: 0x1cd42e4dffb, max_idle_ns: 881590591483 ns\\r']\n",
      "host.server OUT: ['[    0.002547] tsc: Detected 2394.356 MHz processor\\r']\n",
      "host.server OUT: ['[    0.003985] last_pfn = 0x1ffde max_arch_pfn = 0x400000000\\r']\n",
      "host.server OUT: ['[    0.004699] x86/PAT: Configuration [0-7]: WB  WC  UC- UC  WB  WP  UC- WT  \\r']\n",
      "host.client OUT: ['Decompressing Linux... Parsing ELF... done.\\r']\n",
      "host.client OUT: ['Booting the kernel.\\r']\n",
      "host.client OUT: ['[    0.000000] Linux version 5.15.93 (root@buildkitsandbox) (gcc (Ubuntu 11.4.0-1ubuntu1~22.04) 11.4.0, GNU ld (GNU Binutils for Ubuntu) 2.38) #1 SMP Wed May 8 16:57:21 UTC 2024\\r']\n",
      "host.client OUT: ['[    0.000000] Command line: earlyprintk=ttyS0 console=ttyS0 root=/dev/sda1 init=/home/ubuntu/guestinit.sh rw\\r']\n",
      "host.client OUT: [\"[    0.000000] x86/fpu: Supporting XSAVE feature 0x001: 'x87 floating point registers'\\r\"]\n",
      "host.client OUT: [\"[    0.000000] x86/fpu: Supporting XSAVE feature 0x002: 'SSE registers'\\r\"]\n",
      "host.client OUT: [\"[    0.000000] x86/fpu: Supporting XSAVE feature 0x004: 'AVX registers'\\r\"]\n",
      "host.client OUT: [\"[    0.000000] x86/fpu: Supporting XSAVE feature 0x020: 'AVX-512 opmask'\\r\"]\n",
      "host.client OUT: [\"[    0.000000] x86/fpu: Supporting XSAVE feature 0x040: 'AVX-512 Hi256'\\r\"]\n",
      "host.client OUT: [\"[    0.000000] x86/fpu: Supporting XSAVE feature 0x080: 'AVX-512 ZMM_Hi256'\\r\"]\n",
      "host.client OUT: [\"[    0.000000] x86/fpu: Supporting XSAVE feature 0x200: 'Protection Keys User registers'\\r\"]\n",
      "host.client OUT: ['[    0.000000] x86/fpu: xstate_offset[2]:  576, xstate_sizes[2]:  256\\r']\n",
      "host.client OUT: ['[    0.000000] x86/fpu: xstate_offset[5]: 1088, xstate_sizes[5]:   64\\r']\n",
      "host.client OUT: ['[    0.000000] x86/fpu: xstate_offset[6]: 1152, xstate_sizes[6]:  512\\r']\n",
      "host.client OUT: ['[    0.000000] x86/fpu: xstate_offset[7]: 1664, xstate_sizes[7]: 1024\\r']\n",
      "host.client OUT: ['[    0.000000] x86/fpu: xstate_offset[9]: 2688, xstate_sizes[9]:    8\\r']\n",
      "host.server OUT: ['[    0.012245] found SMP MP-table at [mem 0x000f5ab0-0x000f5abf]\\r']\n",
      "host.server OUT: ['[    0.012955] Using GB pages for direct mapping\\r']\n",
      "host.server OUT: ['[    0.013620] ACPI: Early table checksum verification disabled\\r']\n",
      "host.server OUT: ['[    0.014283] ACPI: RSDP 0x00000000000F58E0 000014 (v00 BOCHS )\\r']\n",
      "host.server OUT: ['[    0.014958] ACPI: RSDT 0x000000001FFE20CE 000038 (v01 BOCHS  BXPCRSDT 00000001 BXPC 00000001)\\r']\n",
      "host.client OUT: [\"[    0.000000] x86/fpu: Enabled xstate features 0x2e7, context size is 2696 bytes, using 'standard' format.\\r\"]\n",
      "host.client OUT: ['[    0.000000] signal: max sigframe size: 3632\\r']\n",
      "host.client OUT: ['[    0.000000] BIOS-provided physical RAM map:\\r']\n",
      "host.server OUT: ['[    0.015947] ACPI: FACP 0x000000001FFE1EC6 0000F4 (v03 BOCHS  BXPCFACP 00000001 BXPC 00000001)\\r']\n",
      "host.server OUT: ['[    0.016937] ACPI: DSDT 0x000000001FFE0040 001E86 (v01 BOCHS  BXPCDSDT 00000001 BXPC 00000001)\\r']\n",
      "host.server OUT: ['[    0.017925] ACPI: FACS 0x000000001FFE0000 000040\\r']\n",
      "host.client OUT: ['[    0.000000] BIOS-e820: [mem 0x0000000000000000-0x000000000009fbff] usable\\r']\n",
      "host.client OUT: ['[    0.000000] BIOS-e820: [mem 0x000000000009fc00-0x000000000009ffff] reserved\\r']\n",
      "host.client OUT: ['[    0.000000] BIOS-e820: [mem 0x00000000000f0000-0x00000000000fffff] reserved\\r']\n",
      "host.client OUT: ['[    0.000000] BIOS-e820: [mem 0x0000000000100000-0x000000001ffddfff] usable\\r']\n",
      "host.client OUT: ['[    0.000000] BIOS-e820: [mem 0x000000001ffde000-0x000000001fffffff] reserved\\r']\n",
      "host.client OUT: ['[    0.000000] BIOS-e820: [mem 0x00000000b0000000-0x00000000bfffffff] reserved\\r']\n",
      "host.client OUT: ['[    0.000000] BIOS-e820: [mem 0x00000000fed1c000-0x00000000fed1ffff] reserved\\r']\n",
      "host.client OUT: ['[    0.000000] BIOS-e820: [mem 0x00000000feffc000-0x00000000feffffff] reserved\\r']\n",
      "host.client OUT: ['[    0.000000] BIOS-e820: [mem 0x00000000fffc0000-0x00000000ffffffff] reserved\\r']\n",
      "host.server OUT: ['[    0.018463] ACPI: APIC 0x000000001FFE1FBA 000078 (v01 BOCHS  BXPCAPIC 00000001 BXPC 00000001)\\r']\n",
      "host.server OUT: ['[    0.019451] ACPI: HPET 0x000000001FFE2032 000038 (v01 BOCHS  BXPCHPET 00000001 BXPC 00000001)\\r']\n",
      "host.server OUT: ['[    0.020438] ACPI: MCFG 0x000000001FFE206A 00003C (v01 BOCHS  BXPCMCFG 00000001 BXPC 00000001)\\r']\n",
      "host.server OUT: ['[    0.021425] ACPI: WAET 0x000000001FFE20A6 000028 (v01 BOCHS  BXPCWAET 00000001 BXPC 00000001)\\r']\n",
      "host.server OUT: ['[    0.022415] ACPI: Reserving FACP table memory at [mem 0x1ffe1ec6-0x1ffe1fb9]\\r']\n",
      "host.server OUT: ['[    0.023231] ACPI: Reserving DSDT table memory at [mem 0x1ffe0040-0x1ffe1ec5]\\r']\n",
      "host.server OUT: ['[    0.024047] ACPI: Reserving FACS table memory at [mem 0x1ffe0000-0x1ffe003f]\\r']\n",
      "host.server OUT: ['[    0.024860] ACPI: Reserving APIC table memory at [mem 0x1ffe1fba-0x1ffe2031]\\r']\n",
      "host.client OUT: ['[    0.000000] printk: bootconsole [earlyser0] enabled\\r']\n",
      "host.client OUT: ['[    0.000000] NX (Execute Disable) protection: active\\r']\n",
      "host.client OUT: ['[    0.000000] SMBIOS 2.8 present.\\r']\n",
      "host.client OUT: ['[    0.000000] DMI: QEMU Standard PC (Q35 + ICH9, 2009), BIOS rel-1.14.0-0-g155821a1990b-prebuilt.qemu.org 04/01/2014\\r']\n",
      "host.client OUT: ['[    0.000000] Hypervisor detected: KVM\\r']\n",
      "host.client OUT: ['[    0.000000] kvm-clock: Using msrs 4b564d01 and 4b564d00\\r']\n",
      "host.server OUT: ['[    0.025675] ACPI: Reserving HPET table memory at [mem 0x1ffe2032-0x1ffe2069]\\r']\n",
      "host.server OUT: ['[    0.026494] ACPI: Reserving MCFG table memory at [mem 0x1ffe206a-0x1ffe20a5]\\r']\n",
      "host.server OUT: ['[    0.027307] ACPI: Reserving WAET table memory at [mem 0x1ffe20a6-0x1ffe20cd]\\r']\n",
      "host.server OUT: ['[    0.028415] No NUMA configuration found\\r']\n",
      "host.server OUT: ['[    0.028860] Faking a node at [mem 0x0000000000000000-0x000000001ffddfff]\\r']\n",
      "host.client OUT: ['[    0.000000] kvm-clock: cpu 0, msr 2396001, primary cpu clock\\r']\n",
      "host.client OUT: ['[    0.000001] kvm-clock: using sched offset of 197270233 cycles\\r']\n",
      "host.client OUT: ['[    0.000654] clocksource: kvm-clock: mask: 0xffffffffffffffff max_cycles: 0x1cd42e4dffb, max_idle_ns: 881590591483 ns\\r']\n",
      "host.client OUT: ['[    0.002535] tsc: Detected 2394.356 MHz processor\\r']\n",
      "host.client OUT: ['[    0.003966] last_pfn = 0x1ffde max_arch_pfn = 0x400000000\\r']\n",
      "host.client OUT: ['[    0.004678] x86/PAT: Configuration [0-7]: WB  WC  UC- UC  WB  WP  UC- WT  \\r']\n",
      "host.server OUT: ['[    0.029643] NODE_DATA(0) allocated [mem 0x1ffbc000-0x1ffddfff]\\r']\n",
      "host.server OUT: ['[    0.030591] Zone ranges:\\r']\n",
      "host.server OUT: ['[    0.030883]   DMA      [mem 0x0000000000001000-0x0000000000ffffff]\\r']\n",
      "host.server OUT: ['[    0.031599]   DMA32    [mem 0x0000000001000000-0x000000001ffddfff]\\r']\n",
      "host.server OUT: ['[    0.032314]   Normal   empty\\r']\n",
      "host.server OUT: ['[    0.032648] Movable zone start for each node\\r']\n",
      "host.server OUT: ['[    0.033143] Early memory node ranges\\r']\n",
      "host.server OUT: ['[    0.033557]   node   0: [mem 0x0000000000001000-0x000000000009efff]\\r']\n",
      "host.server OUT: ['[    0.034280]   node   0: [mem 0x0000000000100000-0x000000001ffddfff]\\r']\n",
      "host.server OUT: ['[    0.035010] Initmem setup node 0 [mem 0x0000000000001000-0x000000001ffddfff]\\r']\n",
      "host.server OUT: ['[    0.036261] On node 0, zone DMA: 1 pages in unavailable ranges\\r']\n",
      "host.server OUT: ['[    0.036289] On node 0, zone DMA: 97 pages in unavailable ranges\\r']\n",
      "host.server OUT: ['[    0.039038] On node 0, zone DMA32: 34 pages in unavailable ranges\\r']\n",
      "host.server OUT: ['[    0.040096] ACPI: PM-Timer IO Port: 0x608\\r']\n",
      "host.server OUT: ['[    0.041275] ACPI: LAPIC_NMI (acpi_id[0xff] dfl dfl lint[0x1])\\r']\n",
      "host.server OUT: ['[    0.041983] IOAPIC[0]: apic_id 0, version 17, address 0xfec00000, GSI 0-23\\r']\n",
      "host.server OUT: ['[    0.042789] ACPI: INT_SRC_OVR (bus 0 bus_irq 0 global_irq 2 dfl dfl)\\r']\n",
      "host.server OUT: ['[    0.043525] ACPI: INT_SRC_OVR (bus 0 bus_irq 5 global_irq 5 high level)\\r']\n",
      "host.server OUT: ['[    0.044294] ACPI: INT_SRC_OVR (bus 0 bus_irq 9 global_irq 9 high level)\\r']\n",
      "host.server OUT: ['[    0.045064] ACPI: INT_SRC_OVR (bus 0 bus_irq 10 global_irq 10 high level)\\r']\n",
      "host.server OUT: ['[    0.045852] ACPI: INT_SRC_OVR (bus 0 bus_irq 11 global_irq 11 high level)\\r']\n",
      "host.server OUT: ['[    0.046649] ACPI: Using ACPI (MADT) for SMP configuration information\\r']\n",
      "host.server OUT: ['[    0.047399] ACPI: HPET id: 0x8086a201 base: 0xfed00000\\r']\n",
      "host.server OUT: ['[    0.047996] TSC deadline timer available\\r']\n",
      "host.server OUT: ['[    0.048449] smpboot: Allowing 1 CPUs, 0 hotplug CPUs\\r']\n",
      "host.server OUT: ['[    0.049051] [mem 0x20000000-0xafffffff] available for PCI devices\\r']\n",
      "host.server OUT: ['[    0.049756] Booting paravirtualized kernel on KVM\\r']\n",
      "host.client OUT: ['[    0.012223] found SMP MP-table at [mem 0x000f5ab0-0x000f5abf]\\r']\n",
      "host.client OUT: ['[    0.012931] Using GB pages for direct mapping\\r']\n",
      "host.client OUT: ['[    0.013594] ACPI: Early table checksum verification disabled\\r']\n",
      "host.client OUT: ['[    0.014252] ACPI: RSDP 0x00000000000F58E0 000014 (v00 BOCHS )\\r']\n",
      "host.client OUT: ['[    0.014922] ACPI: RSDT 0x000000001FFE20CE 000038 (v01 BOCHS  BXPCRSDT 00000001 BXPC 00000001)\\r']\n",
      "host.client OUT: ['[    0.015910] ACPI: FACP 0x000000001FFE1EC6 0000F4 (v03 BOCHS  BXPCFACP 00000001 BXPC 00000001)\\r']\n",
      "host.client OUT: ['[    0.016899] ACPI: DSDT 0x000000001FFE0040 001E86 (v01 BOCHS  BXPCDSDT 00000001 BXPC 00000001)\\r']\n",
      "host.client OUT: ['[    0.017892] ACPI: FACS 0x000000001FFE0000 000040\\r']\n",
      "host.client OUT: ['[    0.018426] ACPI: APIC 0x000000001FFE1FBA 000078 (v01 BOCHS  BXPCAPIC 00000001 BXPC 00000001)\\r']\n",
      "host.client OUT: ['[    0.019413] ACPI: HPET 0x000000001FFE2032 000038 (v01 BOCHS  BXPCHPET 00000001 BXPC 00000001)\\r']\n",
      "host.server OUT: ['[    0.050302] clocksource: refined-jiffies: mask: 0xffffffff max_cycles: 0xffffffff, max_idle_ns: 1910969940391419 ns\\r']\n",
      "host.server OUT: ['[    0.056590] setup_percpu: NR_CPUS:8192 nr_cpumask_bits:1 nr_cpu_ids:1 nr_node_ids:1\\r']\n",
      "host.server OUT: ['[    0.057955] percpu: Embedded 50 pages/cpu s166936 r8192 d29672 u2097152\\r']\n",
      "host.server OUT: ['[    0.058765] kvm-guest: stealtime: cpu 0, msr 1f41b000\\r']\n",
      "host.server OUT: ['[    0.059367] Built 1 zonelists, mobility grouping on.  Total pages: 128990\\r']\n",
      "host.server OUT: ['[    0.060169] Policy zone: DMA32\\r']\n",
      "host.server OUT: ['[    0.060529] Kernel command line: earlyprintk=ttyS0 console=ttyS0 root=/dev/sda1 init=/home/ubuntu/guestinit.sh rw\\r']\n",
      "host.server OUT: ['[    0.061823] Dentry cache hash table entries: 65536 (order: 7, 524288 bytes, linear)\\r']\n",
      "host.server OUT: ['[    0.062756] Inode-cache hash table entries: 32768 (order: 6, 262144 bytes, linear)\\r']\n",
      "host.server OUT: ['[    0.063691] mem auto-init: stack:off, heap alloc:off, heap free:off\\r']\n",
      "host.client OUT: ['[    0.020399] ACPI: MCFG 0x000000001FFE206A 00003C (v01 BOCHS  BXPCMCFG 00000001 BXPC 00000001)\\r']\n",
      "host.client OUT: ['[    0.021392] ACPI: WAET 0x000000001FFE20A6 000028 (v01 BOCHS  BXPCWAET 00000001 BXPC 00000001)\\r']\n",
      "host.client OUT: ['[    0.022379] ACPI: Reserving FACP table memory at [mem 0x1ffe1ec6-0x1ffe1fb9]\\r']\n",
      "host.client OUT: ['[    0.023190] ACPI: Reserving DSDT table memory at [mem 0x1ffe0040-0x1ffe1ec5]\\r']\n",
      "host.client OUT: ['[    0.024001] ACPI: Reserving FACS table memory at [mem 0x1ffe0000-0x1ffe003f]\\r']\n",
      "host.client OUT: ['[    0.024811] ACPI: Reserving APIC table memory at [mem 0x1ffe1fba-0x1ffe2031]\\r']\n",
      "host.client OUT: ['[    0.025626] ACPI: Reserving HPET table memory at [mem 0x1ffe2032-0x1ffe2069]\\r']\n",
      "host.client OUT: ['[    0.026436] ACPI: Reserving MCFG table memory at [mem 0x1ffe206a-0x1ffe20a5]\\r']\n",
      "host.client OUT: ['[    0.027247] ACPI: Reserving WAET table memory at [mem 0x1ffe20a6-0x1ffe20cd]\\r']\n",
      "host.client OUT: ['[    0.028350] No NUMA configuration found\\r']\n",
      "host.client OUT: ['[    0.028791] Faking a node at [mem 0x0000000000000000-0x000000001ffddfff]\\r']\n",
      "host.client OUT: ['[    0.029571] NODE_DATA(0) allocated [mem 0x1ffbc000-0x1ffddfff]\\r']\n",
      "host.client OUT: ['[    0.030507] Zone ranges:\\r']\n",
      "host.client OUT: ['[    0.030798]   DMA      [mem 0x0000000000001000-0x0000000000ffffff]\\r']\n",
      "host.client OUT: ['[    0.031510]   DMA32    [mem 0x0000000001000000-0x000000001ffddfff]\\r']\n",
      "host.client OUT: ['[    0.032221]   Normal   empty\\r']\n",
      "host.client OUT: ['[    0.032552] Movable zone start for each node\\r']\n",
      "host.client OUT: ['[    0.033050] Early memory node ranges\\r']\n",
      "host.client OUT: ['[    0.033460]   node   0: [mem 0x0000000000001000-0x000000000009efff]\\r']\n",
      "host.client OUT: ['[    0.034182]   node   0: [mem 0x0000000000100000-0x000000001ffddfff]\\r']\n",
      "host.client OUT: ['[    0.034904] Initmem setup node 0 [mem 0x0000000000001000-0x000000001ffddfff]\\r']\n",
      "host.client OUT: ['[    0.036131] On node 0, zone DMA: 1 pages in unavailable ranges\\r']\n",
      "host.client OUT: ['[    0.036159] On node 0, zone DMA: 97 pages in unavailable ranges\\r']\n",
      "host.client OUT: ['[    0.038881] On node 0, zone DMA32: 34 pages in unavailable ranges\\r']\n",
      "host.client OUT: ['[    0.039926] ACPI: PM-Timer IO Port: 0x608\\r']\n",
      "host.client OUT: ['[    0.041096] ACPI: LAPIC_NMI (acpi_id[0xff] dfl dfl lint[0x1])\\r']\n",
      "host.client OUT: ['[    0.041798] IOAPIC[0]: apic_id 0, version 17, address 0xfec00000, GSI 0-23\\r']\n",
      "host.client OUT: ['[    0.042591] ACPI: INT_SRC_OVR (bus 0 bus_irq 0 global_irq 2 dfl dfl)\\r']\n",
      "host.client OUT: ['[    0.043322] ACPI: INT_SRC_OVR (bus 0 bus_irq 5 global_irq 5 high level)\\r']\n",
      "host.client OUT: ['[    0.044081] ACPI: INT_SRC_OVR (bus 0 bus_irq 9 global_irq 9 high level)\\r']\n",
      "host.client OUT: ['[    0.044840] ACPI: INT_SRC_OVR (bus 0 bus_irq 10 global_irq 10 high level)\\r']\n",
      "host.client OUT: ['[    0.045625] ACPI: INT_SRC_OVR (bus 0 bus_irq 11 global_irq 11 high level)\\r']\n",
      "host.client OUT: ['[    0.046408] ACPI: Using ACPI (MADT) for SMP configuration information\\r']\n",
      "host.client OUT: ['[    0.047148] ACPI: HPET id: 0x8086a201 base: 0xfed00000\\r']\n",
      "host.client OUT: ['[    0.047740] TSC deadline timer available\\r']\n",
      "host.client OUT: ['[    0.048191] smpboot: Allowing 1 CPUs, 0 hotplug CPUs\\r']\n",
      "host.client OUT: ['[    0.048789] [mem 0x20000000-0xafffffff] available for PCI devices\\r']\n",
      "host.server OUT: ['[    0.065723] Memory: 492000K/523760K available (8197K kernel code, 1892K rwdata, 2212K rodata, 1920K init, 2560K bss, 31504K reserved, 0K cma-reserved)\\r']\n",
      "host.server OUT: ['[    0.067742] rcu: Hierarchical RCU implementation.\\r']\n",
      "host.server OUT: ['[    0.068277] rcu: \\tRCU restricting CPUs from NR_CPUS=8192 to nr_cpu_ids=1.\\r']\n",
      "host.server OUT: ['[    0.069042] rcu: RCU calculated value of scheduler-enlistment delay is 100 jiffies.\\r']\n",
      "host.server OUT: ['[    0.069902] rcu: Adjusting geometry for rcu_fanout_leaf=16, nr_cpu_ids=1\\r']\n",
      "host.server OUT: ['[    0.071141] NR_IRQS: 524544, nr_irqs: 256, preallocated irqs: 16\\r']\n",
      "host.server OUT: ['[    0.072019] random: crng init done\\r']\n",
      "host.client OUT: ['[    0.049496] Booting paravirtualized kernel on KVM\\r']\n",
      "host.client OUT: ['[    0.050039] clocksource: refined-jiffies: mask: 0xffffffff max_cycles: 0xffffffff, max_idle_ns: 1910969940391419 ns\\r']\n",
      "host.client OUT: ['[    0.056265] setup_percpu: NR_CPUS:8192 nr_cpumask_bits:1 nr_cpu_ids:1 nr_node_ids:1\\r']\n",
      "host.client OUT: ['[    0.057608] percpu: Embedded 50 pages/cpu s166936 r8192 d29672 u2097152\\r']\n",
      "host.client OUT: ['[    0.058404] kvm-guest: stealtime: cpu 0, msr 1f41b000\\r']\n",
      "host.client OUT: ['[    0.059000] Built 1 zonelists, mobility grouping on.  Total pages: 128990\\r']\n",
      "host.client OUT: ['[    0.059797] Policy zone: DMA32\\r']\n",
      "host.client OUT: ['[    0.060155] Kernel command line: earlyprintk=ttyS0 console=ttyS0 root=/dev/sda1 init=/home/ubuntu/guestinit.sh rw\\r']\n",
      "host.client OUT: ['[    0.061445] Dentry cache hash table entries: 65536 (order: 7, 524288 bytes, linear)\\r']\n",
      "host.server OUT: ['[    0.087794] Console: colour VGA+ 80x25\\r']\n",
      "host.server OUT: ['[    0.088252] printk: console [ttyS0] enabled\\r']\n",
      "host.server OUT: ['[    0.088252] printk: console [ttyS0] enabled\\r']\n",
      "host.server OUT: ['[    0.089210] printk: bootconsole [earlyser0] disabled\\r']\n",
      "host.server OUT: ['[    0.089210] printk: bootconsole [earlyser0] disabled\\r']\n",
      "host.server OUT: ['[    0.090363] ACPI: Core revision 20210730\\r']\n",
      "host.server OUT: ['[    0.090951] clocksource: hpet: mask: 0xffffffff max_cycles: 0xffffffff, max_idle_ns: 19112604467 ns\\r']\n",
      "host.client OUT: ['[    0.062367] Inode-cache hash table entries: 32768 (order: 6, 262144 bytes, linear)\\r']\n",
      "host.client OUT: ['[    0.063296] mem auto-init: stack:off, heap alloc:off, heap free:off\\r']\n",
      "host.client OUT: ['[    0.065265] Memory: 492000K/523760K available (8197K kernel code, 1892K rwdata, 2212K rodata, 1920K init, 2560K bss, 31504K reserved, 0K cma-reserved)\\r']\n",
      "host.client OUT: ['[    0.067270] rcu: Hierarchical RCU implementation.\\r']\n",
      "host.server OUT: ['[    0.092095] APIC: Switch to symmetric I/O mode setup\\r']\n",
      "host.server OUT: ['[    0.094074] ..TIMER: vector=0x30 apic1=0 pin1=2 apic2=-1 pin2=-1\\r']\n",
      "host.server OUT: ['[    0.094820] clocksource: tsc-early: mask: 0xffffffffffffffff max_cycles: 0x228363b272c, max_idle_ns: 440795246701 ns\\r']\n",
      "host.server OUT: ['[    0.096050] Calibrating delay loop (skipped) preset value.. 4788.71 BogoMIPS (lpj=2394356)\\r']\n",
      "host.client OUT: ['[    0.067801] rcu: \\tRCU restricting CPUs from NR_CPUS=8192 to nr_cpu_ids=1.\\r']\n",
      "host.server OUT: ['[    0.097051] pid_max: default: 32768 minimum: 301\\r']\n",
      "host.client OUT: ['[    0.068558] rcu: RCU calculated value of scheduler-enlistment delay is 100 jiffies.\\r']\n",
      "host.client OUT: ['[    0.069417] rcu: Adjusting geometry for rcu_fanout_leaf=16, nr_cpu_ids=1\\r']\n",
      "host.server OUT: ['[    0.098089] Mount-cache hash table entries: 1024 (order: 1, 8192 bytes, linear)\\r']\n",
      "host.server OUT: ['[    0.099052] Mountpoint-cache hash table entries: 1024 (order: 1, 8192 bytes, linear)\\r']\n",
      "host.server OUT: ['[    0.100588] Last level iTLB entries: 4KB 0, 2MB 0, 4MB 0\\r']\n",
      "host.server OUT: ['[    0.101051] Last level dTLB entries: 4KB 0, 2MB 0, 4MB 0, 1GB 0\\r']\n",
      "host.client OUT: ['[    0.070638] NR_IRQS: 524544, nr_irqs: 256, preallocated irqs: 16\\r']\n",
      "host.client OUT: ['[    0.071509] random: crng init done\\r']\n",
      "host.server OUT: ['[    0.102051] Spectre V1 : Mitigation: usercopy/swapgs barriers and __user pointer sanitization\\r']\n",
      "host.server OUT: ['[    0.103051] Spectre V2 : Kernel not compiled with retpoline; no mitigation available!\\r']\n",
      "host.server OUT: ['[    0.103053] Spectre V2 : Vulnerable\\r']\n",
      "host.server OUT: ['[    0.104450] Spectre V2 : Spectre v2 / SpectreRSB mitigation: Filling RSB on context switch\\r']\n",
      "host.server OUT: ['[    0.105051] RETBleed: WARNING: Spectre v2 mitigation leaves CPU vulnerable to RETBleed attacks, data leaks possible!\\r']\n",
      "host.server OUT: ['[    0.106051] RETBleed: Vulnerable\\r']\n",
      "host.server OUT: ['[    0.106422] Speculative Store Bypass: Vulnerable\\r']\n",
      "host.server OUT: ['[    0.107052] MDS: Vulnerable: Clear CPU buffers attempted, no microcode\\r']\n",
      "host.server OUT: ['[    0.108051] MMIO Stale Data: Vulnerable: Clear CPU buffers attempted, no microcode\\r']\n",
      "host.server OUT: ['[    0.110655] Freeing SMP alternatives memory: 12K\\r']\n",
      "host.server OUT: ['[    0.111159] smpboot: CPU0: Intel Xeon Processor (Skylake) (family: 0x6, model: 0x55, stepping: 0x4)\\r']\n",
      "host.server OUT: ['[    0.112123] Performance Events: unsupported p6 CPU model 85 no PMU driver, software events only.\\r']\n",
      "host.server OUT: ['[    0.113100] rcu: Hierarchical SRCU implementation.\\r']\n",
      "host.server OUT: ['[    0.113683] smp: Bringing up secondary CPUs ...\\r']\n",
      "host.server OUT: ['[    0.114053] smp: Brought up 1 node, 1 CPU\\r']\n",
      "host.server OUT: ['[    0.114516] smpboot: Max logical packages: 1\\r']\n",
      "host.server OUT: ['[    0.115012] smpboot: Total of 1 processors activated (4788.71 BogoMIPS)\\r']\n",
      "host.server OUT: ['[    0.115219] devtmpfs: initialized\\r']\n",
      "host.server OUT: ['[    0.115638] x86/mm: Memory block size: 128MB\\r']\n",
      "host.client OUT: ['[    0.087296] Console: colour VGA+ 80x25\\r']\n",
      "host.server OUT: ['[    0.116184] clocksource: jiffies: mask: 0xffffffff max_cycles: 0xffffffff, max_idle_ns: 1911260446275000 ns\\r']\n",
      "host.client OUT: ['[    0.087749] printk: console [ttyS0] enabled\\r']\n",
      "host.server OUT: ['[    0.117055] futex hash table entries: 256 (order: 2, 16384 bytes, linear)\\r']\n",
      "host.server OUT: ['[    0.117865] \\r']\n",
      "host.client OUT: ['[    0.087749] printk: console [ttyS0] enabled\\r']\n",
      "host.client OUT: ['[    0.088704] printk: bootconsole [earlyser0] disabled\\r']\n",
      "host.server OUT: ['[    0.118046] *************************************************************\\r']\n",
      "host.server OUT: ['[    0.118053] **     NOTICE NOTICE NOTICE NOTICE NOTICE NOTICE NOTICE    **\\r']\n",
      "host.client OUT: ['[    0.088704] printk: bootconsole [earlyser0] disabled\\r']\n",
      "host.client OUT: ['[    0.089846] ACPI: Core revision 20210730\\r']\n",
      "host.server OUT: ['[    0.118820] **                                                         **\\r']\n",
      "host.server OUT: ['[    0.119053] **  IOMMU DebugFS SUPPORT HAS BEEN ENABLED IN THIS KERNEL  **\\r']\n",
      "host.client OUT: ['[    0.090427] clocksource: hpet: mask: 0xffffffff max_cycles: 0xffffffff, max_idle_ns: 19112604467 ns\\r']\n",
      "host.client OUT: ['[    0.091562] APIC: Switch to symmetric I/O mode setup\\r']\n",
      "host.server OUT: ['[    0.119818] **                                                         **\\r']\n",
      "host.server OUT: ['[    0.120053] ** This means that this kernel is built to expose internal **\\r']\n",
      "host.client OUT: ['[    0.093567] ..TIMER: vector=0x30 apic1=0 pin1=2 apic2=-1 pin2=-1\\r']\n",
      "host.server OUT: ['[    0.120817] ** IOMMU data structures, which may compromise security on **\\r']\n",
      "host.server OUT: ['[    0.121053] ** your system.                                            **\\r']\n",
      "host.client OUT: ['[    0.094281] clocksource: tsc-early: mask: 0xffffffffffffffff max_cycles: 0x228363b272c, max_idle_ns: 440795246701 ns\\r']\n",
      "host.server OUT: ['[    0.121821] **                                                         **\\r']\n",
      "host.server OUT: ['[    0.122053] ** If you see this message and you are not debugging the   **\\r']\n",
      "host.client OUT: ['[    0.095518] Calibrating delay loop (skipped) preset value.. 4788.71 BogoMIPS (lpj=2394356)\\r']\n",
      "host.client OUT: ['[    0.096519] pid_max: default: 32768 minimum: 301\\r']\n",
      "host.server OUT: ['[    0.122826] ** kernel, report this immediately to your vendor!         **\\r']\n",
      "host.server OUT: ['[    0.123053] **                                                         **\\r']\n",
      "host.client OUT: ['[    0.097555] Mount-cache hash table entries: 1024 (order: 1, 8192 bytes, linear)\\r']\n",
      "host.client OUT: ['[    0.098519] Mountpoint-cache hash table entries: 1024 (order: 1, 8192 bytes, linear)\\r']\n",
      "host.server OUT: ['[    0.123820] **     NOTICE NOTICE NOTICE NOTICE NOTICE NOTICE NOTICE    **\\r']\n",
      "host.server OUT: ['[    0.124053] *************************************************************\\r']\n",
      "host.client OUT: ['[    0.100048] Last level iTLB entries: 4KB 0, 2MB 0, 4MB 0\\r']\n",
      "host.server OUT: ['[    0.124876] NET: Registered PF_NETLINK/PF_ROUTE protocol family\\r']\n",
      "host.client OUT: ['[    0.100519] Last level dTLB entries: 4KB 0, 2MB 0, 4MB 0, 1GB 0\\r']\n",
      "host.server OUT: ['[    0.125120] audit: initializing netlink subsys (disabled)\\r']\n",
      "host.client OUT: ['[    0.101519] Spectre V1 : Mitigation: usercopy/swapgs barriers and __user pointer sanitization\\r']\n",
      "host.server OUT: [\"[    0.125811] thermal_sys: Registered thermal governor 'step_wise'\\r\"]\n",
      "host.server OUT: [\"[    0.125813] thermal_sys: Registered thermal governor 'user_space'\\r\"]\n",
      "host.client OUT: ['[    0.102519] Spectre V2 : Kernel not compiled with retpoline; no mitigation available!\\r']\n",
      "host.server OUT: ['[    0.126056] cpuidle: using governor ladder\\r']\n",
      "host.client OUT: ['[    0.102520] Spectre V2 : Vulnerable\\r']\n",
      "host.server OUT: ['[    0.127080] ACPI: bus type PCI registered\\r']\n",
      "host.server OUT: ['[    0.127540] acpiphp: ACPI Hot Plug PCI Controller Driver version: 0.5\\r']\n",
      "host.client OUT: ['[    0.103917] Spectre V2 : Spectre v2 / SpectreRSB mitigation: Filling RSB on context switch\\r']\n",
      "host.server OUT: ['[    0.128117] PCI: MMCONFIG for domain 0000 [bus 00-ff] at [mem 0xb0000000-0xbfffffff] (base 0xb0000000)\\r']\n",
      "host.client OUT: ['[    0.104518] RETBleed: WARNING: Spectre v2 mitigation leaves CPU vulnerable to RETBleed attacks, data leaks possible!\\r']\n",
      "host.client OUT: ['[    0.105518] RETBleed: Vulnerable\\r']\n",
      "host.server OUT: ['[    0.129054] PCI: MMCONFIG at [mem 0xb0000000-0xbfffffff] reserved in E820\\r']\n",
      "host.client OUT: ['[    0.106518] Speculative Store Bypass: Vulnerable\\r']\n",
      "host.client OUT: ['[    0.107043] MDS: Vulnerable: Clear CPU buffers attempted, no microcode\\r']\n",
      "host.server OUT: ['[    0.129833] PCI: Using configuration type 1 for base access\\r']\n",
      "host.client OUT: ['[    0.107518] MMIO Stale Data: Vulnerable: Clear CPU buffers attempted, no microcode\\r']\n",
      "host.server OUT: ['[    0.130820] audit: type=2000 audit(1715193552.881:1): state=initialized audit_enabled=0 res=1\\r']\n",
      "host.server OUT: ['[    0.131103] HugeTLB registered 1.00 GiB page size, pre-allocated 0 pages\\r']\n",
      "host.client OUT: ['[    0.110261] Freeing SMP alternatives memory: 12K\\r']\n",
      "host.server OUT: ['[    0.131866] HugeTLB registered 2.00 MiB page size, pre-allocated 0 pages\\r']\n",
      "host.client OUT: ['[    0.110613] smpboot: CPU0: Intel Xeon Processor (Skylake) (family: 0x6, model: 0x55, stepping: 0x4)\\r']\n",
      "host.client OUT: ['[    0.111591] Performance Events: unsupported p6 CPU model 85 no PMU driver, software events only.\\r']\n",
      "host.client OUT: ['[    0.112568] rcu: Hierarchical SRCU implementation.\\r']\n",
      "host.client OUT: ['[    0.113147] smp: Bringing up secondary CPUs ...\\r']\n",
      "host.server OUT: ['[    0.132699] ACPI: Added _OSI(Module Device)\\r']\n",
      "host.server OUT: ['[    0.133059] ACPI: Added _OSI(Processor Device)\\r']\n",
      "host.server OUT: ['[    0.133564] ACPI: Added _OSI(3.0 _SCP Extensions)\\r']\n",
      "host.server OUT: ['[    0.134053] ACPI: Added _OSI(Processor Aggregator Device)\\r']\n",
      "host.client OUT: ['[    0.113521] smp: Brought up 1 node, 1 CPU\\r']\n",
      "host.client OUT: ['[    0.113980] smpboot: Max logical packages: 1\\r']\n",
      "host.server OUT: ['[    0.134670] ACPI: Added _OSI(Linux-Dell-Video)\\r']\n",
      "host.server OUT: ['[    0.135054] ACPI: Added _OSI(Linux-Lenovo-NV-HDMI-Audio)\\r']\n",
      "host.client OUT: ['[    0.114467] smpboot: Total of 1 processors activated (4788.71 BogoMIPS)\\r']\n",
      "host.client OUT: ['[    0.114683] devtmpfs: initialized\\r']\n",
      "host.client OUT: ['[    0.115096] x86/mm: Memory block size: 128MB\\r']\n",
      "host.server OUT: ['[    0.135656] ACPI: Added _OSI(Linux-HPI-Hybrid-Graphics)\\r']\n",
      "host.client OUT: ['[    0.115650] clocksource: jiffies: mask: 0xffffffff max_cycles: 0xffffffff, max_idle_ns: 1911260446275000 ns\\r']\n",
      "host.server OUT: ['[    0.136983] ACPI: 1 ACPI AML tables successfully acquired and loaded\\r']\n",
      "host.client OUT: ['[    0.116522] futex hash table entries: 256 (order: 2, 16384 bytes, linear)\\r']\n",
      "host.client OUT: ['[    0.117321] \\r']\n",
      "host.client OUT: ['[    0.117501] *************************************************************\\r']\n",
      "host.client OUT: ['[    0.117521] **     NOTICE NOTICE NOTICE NOTICE NOTICE NOTICE NOTICE    **\\r']\n",
      "host.server OUT: ['[    0.138040] ACPI: Interpreter enabled\\r']\n",
      "host.server OUT: ['[    0.138057] ACPI: PM: (supports S0 S5)\\r']\n",
      "host.server OUT: ['[    0.138487] ACPI: Using IOAPIC for interrupt routing\\r']\n",
      "host.client OUT: ['[    0.118285] **                                                         **\\r']\n",
      "host.server OUT: ['[    0.139069] PCI: Using host bridge windows from ACPI; if necessary, use \"pci=nocrs\" and report a bug\\r']\n",
      "host.server OUT: ['[    0.140117] ACPI: Enabled 1 GPEs in block 00 to 3F\\r']\n",
      "host.client OUT: ['[    0.118521] **  IOMMU DebugFS SUPPORT HAS BEEN ENABLED IN THIS KERNEL  **\\r']\n",
      "host.client OUT: ['[    0.119286] **                                                         **\\r']\n",
      "host.client OUT: ['[    0.119521] ** This means that this kernel is built to expose internal **\\r']\n",
      "host.client OUT: ['[    0.120284] ** IOMMU data structures, which may compromise security on **\\r']\n",
      "host.server OUT: ['[    0.141914] ACPI: PCI Root Bridge [PCI0] (domain 0000 [bus 00-ff])\\r']\n",
      "host.client OUT: ['[    0.120521] ** your system.                                            **\\r']\n",
      "host.server OUT: ['[    0.142057] acpi PNP0A08:00: _OSC: OS supports [ExtendedConfig ASPM ClockPM Segments MSI HPX-Type3]\\r']\n",
      "host.client OUT: ['[    0.121285] **                                                         **\\r']\n",
      "host.server OUT: ['[    0.143114] acpi PNP0A08:00: _OSC: platform does not support [LTR]\\r']\n",
      "host.server OUT: ['[    0.143865] acpi PNP0A08:00: _OSC: OS now controls [PCIeHotplug PME AER PCIeCapability]\\r']\n",
      "host.client OUT: ['[    0.121521] ** If you see this message and you are not debugging the   **\\r']\n",
      "host.client OUT: ['[    0.122285] ** kernel, report this immediately to your vendor!         **\\r']\n",
      "host.server OUT: ['[    0.144139] PCI host bridge to bus 0000:00\\r']\n",
      "host.server OUT: ['[    0.144610] pci_bus 0000:00: root bus resource [io  0x0000-0x0cf7 window]\\r']\n",
      "host.client OUT: ['[    0.122521] **                                                         **\\r']\n",
      "host.client OUT: ['[    0.123286] **     NOTICE NOTICE NOTICE NOTICE NOTICE NOTICE NOTICE    **\\r']\n",
      "host.server OUT: ['[    0.145053] pci_bus 0000:00: root bus resource [io  0x0d00-0xffff window]\\r']\n",
      "host.server OUT: ['[    0.145821] pci_bus 0000:00: root bus resource [mem 0x000a0000-0x000bffff window]\\r']\n",
      "host.client OUT: ['[    0.123521] *************************************************************\\r']\n",
      "host.client OUT: ['[    0.124346] NET: Registered PF_NETLINK/PF_ROUTE protocol family\\r']\n",
      "host.server OUT: ['[    0.146053] pci_bus 0000:00: root bus resource [mem 0x20000000-0xafffffff window]\\r']\n",
      "host.client OUT: ['[    0.124590] audit: initializing netlink subsys (disabled)\\r']\n",
      "host.client OUT: [\"[    0.125268] thermal_sys: Registered thermal governor 'step_wise'\\r\"]\n",
      "host.server OUT: ['[    0.146904] pci_bus 0000:00: root bus resource [mem 0xc0000000-0xfebfffff window]\\r']\n",
      "host.server OUT: ['[    0.147053] pci_bus 0000:00: root bus resource [mem 0x100000000-0x8ffffffff window]\\r']\n",
      "host.client OUT: [\"[    0.125270] thermal_sys: Registered thermal governor 'user_space'\\r\"]\n",
      "host.client OUT: ['[    0.125523] cpuidle: using governor ladder\\r']\n",
      "host.server OUT: ['[    0.147919] pci_bus 0000:00: root bus resource [bus 00-ff]\\r']\n",
      "host.server OUT: ['[    0.148111] pci 0000:00:00.0: [8086:29c0] type 00 class 0x060000\\r']\n",
      "host.client OUT: ['[    0.126546] ACPI: bus type PCI registered\\r']\n",
      "host.client OUT: ['[    0.127002] acpiphp: ACPI Hot Plug PCI Controller Driver version: 0.5\\r']\n",
      "host.client OUT: ['[    0.127584] PCI: MMCONFIG for domain 0000 [bus 00-ff] at [mem 0xb0000000-0xbfffffff] (base 0xb0000000)\\r']\n",
      "host.client OUT: ['[    0.128522] PCI: MMCONFIG at [mem 0xb0000000-0xbfffffff] reserved in E820\\r']\n",
      "host.server OUT: ['[    0.149221] pci 0000:00:01.0: [1234:1111] type 00 class 0x030000\\r']\n",
      "host.server OUT: ['[    0.150563] pci 0000:00:01.0: reg 0x10: [mem 0xfd000000-0xfdffffff pref]\\r']\n",
      "host.client OUT: ['[    0.129295] PCI: Using configuration type 1 for base access\\r']\n",
      "host.client OUT: ['[    0.130287] audit: type=2000 audit(1715193552.909:1): state=initialized audit_enabled=0 res=1\\r']\n",
      "host.client OUT: ['[    0.130564] HugeTLB registered 1.00 GiB page size, pre-allocated 0 pages\\r']\n",
      "host.server OUT: ['[    0.153055] pci 0000:00:01.0: reg 0x18: [mem 0xfe818000-0xfe818fff]\\r']\n",
      "host.client OUT: ['[    0.131319] HugeTLB registered 2.00 MiB page size, pre-allocated 0 pages\\r']\n",
      "host.client OUT: ['[    0.132171] ACPI: Added _OSI(Module Device)\\r']\n",
      "host.client OUT: ['[    0.132526] ACPI: Added _OSI(Processor Device)\\r']\n",
      "host.client OUT: ['[    0.133037] ACPI: Added _OSI(3.0 _SCP Extensions)\\r']\n",
      "host.client OUT: ['[    0.133521] ACPI: Added _OSI(Processor Aggregator Device)\\r']\n",
      "host.client OUT: ['[    0.134131] ACPI: Added _OSI(Linux-Dell-Video)\\r']\n",
      "host.client OUT: ['[    0.134522] ACPI: Added _OSI(Linux-Lenovo-NV-HDMI-Audio)\\r']\n",
      "host.client OUT: ['[    0.135122] ACPI: Added _OSI(Linux-HPI-Hybrid-Graphics)\\r']\n",
      "host.client OUT: ['[    0.136500] ACPI: 1 ACPI AML tables successfully acquired and loaded\\r']\n",
      "host.client OUT: ['[    0.137482] ACPI: Interpreter enabled\\r']\n",
      "host.client OUT: ['[    0.137525] ACPI: PM: (supports S0 S5)\\r']\n",
      "host.client OUT: ['[    0.137953] ACPI: Using IOAPIC for interrupt routing\\r']\n",
      "host.server OUT: ['[    0.157031] pci 0000:00:01.0: reg 0x30: [mem 0xfe800000-0xfe80ffff pref]\\r']\n",
      "host.server OUT: ['[    0.157102] pci 0000:00:01.0: Video device with shadowed ROM at [mem 0x000c0000-0x000dffff]\\r']\n",
      "host.server OUT: ['[    0.158247] pci 0000:00:02.0: [8086:1583] type 00 class 0x020000\\r']\n",
      "host.server OUT: ['[    0.160054] pci 0000:00:02.0: reg 0x10: [mem 0xfe400000-0xfe7fffff 64bit]\\r']\n",
      "host.client OUT: ['[    0.138537] PCI: Using host bridge windows from ACPI; if necessary, use \"pci=nocrs\" and report a bug\\r']\n",
      "host.client OUT: ['[    0.139587] ACPI: Enabled 1 GPEs in block 00 to 3F\\r']\n",
      "host.client OUT: ['[    0.141414] ACPI: PCI Root Bridge [PCI0] (domain 0000 [bus 00-ff])\\r']\n",
      "host.client OUT: ['[    0.141524] acpi PNP0A08:00: _OSC: OS supports [ExtendedConfig ASPM ClockPM Segments MSI HPX-Type3]\\r']\n",
      "host.client OUT: ['[    0.142585] acpi PNP0A08:00: _OSC: platform does not support [LTR]\\r']\n",
      "host.client OUT: ['[    0.143339] acpi PNP0A08:00: _OSC: OS now controls [PCIeHotplug PME AER PCIeCapability]\\r']\n",
      "host.client OUT: ['[    0.143607] PCI host bridge to bus 0000:00\\r']\n",
      "host.client OUT: ['[    0.144073] pci_bus 0000:00: root bus resource [io  0x0000-0x0cf7 window]\\r']\n",
      "host.client OUT: ['[    0.144521] pci_bus 0000:00: root bus resource [io  0x0d00-0xffff window]\\r']\n",
      "host.client OUT: ['[    0.145285] pci_bus 0000:00: root bus resource [mem 0x000a0000-0x000bffff window]\\r']\n",
      "host.client OUT: ['[    0.145521] pci_bus 0000:00: root bus resource [mem 0x20000000-0xafffffff window]\\r']\n",
      "host.client OUT: ['[    0.146363] pci_bus 0000:00: root bus resource [mem 0xc0000000-0xfebfffff window]\\r']\n",
      "host.client OUT: ['[    0.146521] pci_bus 0000:00: root bus resource [mem 0x100000000-0x8ffffffff window]\\r']\n",
      "host.client OUT: ['[    0.147379] pci_bus 0000:00: root bus resource [bus 00-ff]\\r']\n",
      "host.client OUT: ['[    0.147579] pci 0000:00:00.0: [8086:29c0] type 00 class 0x060000\\r']\n",
      "host.client OUT: ['[    0.148689] pci 0000:00:01.0: [1234:1111] type 00 class 0x030000\\r']\n",
      "host.server OUT: ['[    0.162483] pci 0000:00:02.0: reg 0x18: [io  0xc040-0xc05f]\\r']\n",
      "host.server OUT: ['[    0.163975] pci 0000:00:02.0: reg 0x1c: [mem 0xfe810000-0xfe817fff 64bit]\\r']\n",
      "host.server OUT: ['[    0.165994] pci 0000:00:1f.0: [8086:2918] type 00 class 0x060100\\r']\n",
      "host.server OUT: ['[    0.166513] pci 0000:00:1f.0: quirk: [io  0x0600-0x067f] claimed by ICH6 ACPI/GPIO/TCO\\r']\n",
      "host.server OUT: ['[    0.167278] pci 0000:00:1f.2: [8086:2922] type 00 class 0x010601\\r']\n",
      "host.server OUT: ['[    0.170954] pci 0000:00:1f.2: reg 0x20: [io  0xc060-0xc07f]\\r']\n",
      "host.server OUT: ['[    0.171701] pci 0000:00:1f.2: reg 0x24: [mem 0xfe819000-0xfe819fff]\\r']\n",
      "host.server OUT: ['[    0.173062] pci 0000:00:1f.3: [8086:2930] type 00 class 0x0c0500\\r']\n",
      "host.server OUT: ['[    0.175215] pci 0000:00:1f.3: reg 0x20: [io  0x0700-0x073f]\\r']\n",
      "host.server OUT: ['[    0.176700] ACPI: PCI: Interrupt link LNKA configured for IRQ 10\\r']\n",
      "host.server OUT: ['[    0.177121] ACPI: PCI: Interrupt link LNKB configured for IRQ 10\\r']\n",
      "host.client OUT: ['[    0.150001] pci 0000:00:01.0: reg 0x10: [mem 0xfd000000-0xfdffffff pref]\\r']\n",
      "host.client OUT: ['[    0.152012] pci 0000:00:01.0: reg 0x18: [mem 0xfe818000-0xfe818fff]\\r']\n",
      "host.client OUT: ['[    0.155427] pci 0000:00:01.0: reg 0x30: [mem 0xfe800000-0xfe80ffff pref]\\r']\n",
      "host.client OUT: ['[    0.155571] pci 0000:00:01.0: Video device with shadowed ROM at [mem 0x000c0000-0x000dffff]\\r']\n",
      "host.server OUT: ['[    0.177865] ACPI: PCI: Interrupt link LNKC configured for IRQ 11\\r']\n",
      "host.server OUT: ['[    0.178120] ACPI: PCI: Interrupt link LNKD configured for IRQ 11\\r']\n",
      "host.server OUT: ['[    0.178861] ACPI: PCI: Interrupt link LNKE configured for IRQ 10\\r']\n",
      "host.client OUT: ['[    0.156715] pci 0000:00:02.0: [8086:1583] type 00 class 0x020000\\r']\n",
      "host.server OUT: ['[    0.179116] ACPI: PCI: Interrupt link LNKF configured for IRQ 10\\r']\n",
      "host.client OUT: ['[    0.158123] pci 0000:00:02.0: reg 0x10: [mem 0xfe400000-0xfe7fffff 64bit]\\r']\n",
      "host.server OUT: ['[    0.179858] ACPI: PCI: Interrupt link LNKG configured for IRQ 11\\r']\n",
      "host.server OUT: ['[    0.180116] ACPI: PCI: Interrupt link LNKH configured for IRQ 11\\r']\n",
      "host.server OUT: ['[    0.180834] ACPI: PCI: Interrupt link GSIA configured for IRQ 16\\r']\n",
      "host.server OUT: ['[    0.181059] ACPI: PCI: Interrupt link GSIB configured for IRQ 17\\r']\n",
      "host.server OUT: ['[    0.181745] ACPI: PCI: Interrupt link GSIC configured for IRQ 18\\r']\n",
      "host.server OUT: ['[    0.182059] ACPI: PCI: Interrupt link GSID configured for IRQ 19\\r']\n",
      "host.server OUT: ['[    0.182744] ACPI: PCI: Interrupt link GSIE configured for IRQ 20\\r']\n",
      "host.server OUT: ['[    0.183059] ACPI: PCI: Interrupt link GSIF configured for IRQ 21\\r']\n",
      "host.server OUT: ['[    0.183749] ACPI: PCI: Interrupt link GSIG configured for IRQ 22\\r']\n",
      "host.server OUT: ['[    0.184059] ACPI: PCI: Interrupt link GSIH configured for IRQ 23\\r']\n",
      "host.client OUT: ['[    0.159521] pci 0000:00:02.0: reg 0x18: [io  0xc040-0xc05f]\\r']\n",
      "host.client OUT: ['[    0.161338] pci 0000:00:02.0: reg 0x1c: [mem 0xfe810000-0xfe817fff 64bit]\\r']\n",
      "host.client OUT: ['[    0.163539] pci 0000:00:1f.0: [8086:2918] type 00 class 0x060100\\r']\n",
      "host.server OUT: ['[    0.184823] iommu: Default domain type: Translated \\r']\n",
      "host.server OUT: ['[    0.185054] iommu: DMA domain TLB invalidation policy: lazy mode \\r']\n",
      "host.server OUT: ['[    0.185809] pci 0000:00:01.0: vgaarb: setting as boot VGA device\\r']\n",
      "host.server OUT: ['[    0.186050] pci 0000:00:01.0: vgaarb: VGA device added: decodes=io+mem,owns=io+mem,locks=none\\r']\n",
      "host.server OUT: ['[    0.186061] pci 0000:00:01.0: vgaarb: bridge control possible\\r']\n",
      "host.server OUT: ['[    0.186712] vgaarb: loaded\\r']\n",
      "host.server OUT: ['[    0.187078] SCSI subsystem initialized\\r']\n",
      "host.server OUT: ['[    0.187569] pps_core: LinuxPPS API ver. 1 registered\\r']\n",
      "host.server OUT: ['[    0.188061] pps_core: Software ver. 5.3.6 - Copyright 2005-2007 Rodolfo Giometti <giometti@linux.it>\\r']\n",
      "host.client OUT: ['[    0.164693] pci 0000:00:1f.0: quirk: [io  0x0600-0x067f] claimed by ICH6 ACPI/GPIO/TCO\\r']\n",
      "host.client OUT: ['[    0.165748] pci 0000:00:1f.2: [8086:2922] type 00 class 0x010601\\r']\n",
      "host.server OUT: ['[    0.189055] PTP clock support registered\\r']\n",
      "host.server OUT: ['[    0.189604] PCI: Using ACPI for IRQ routing\\r']\n",
      "host.client OUT: ['[    0.169835] pci 0000:00:1f.2: reg 0x20: [io  0xc060-0xc07f]\\r']\n",
      "host.client OUT: ['[    0.170855] pci 0000:00:1f.2: reg 0x24: [mem 0xfe819000-0xfe819fff]\\r']\n",
      "host.client OUT: ['[    0.172538] pci 0000:00:1f.3: [8086:2930] type 00 class 0x0c0500\\r']\n",
      "host.client OUT: ['[    0.174673] pci 0000:00:1f.3: reg 0x20: [io  0x0700-0x073f]\\r']\n",
      "host.client OUT: ['[    0.176131] ACPI: PCI: Interrupt link LNKA configured for IRQ 10\\r']\n",
      "host.client OUT: ['[    0.176589] ACPI: PCI: Interrupt link LNKB configured for IRQ 10\\r']\n",
      "host.client OUT: ['[    0.177334] ACPI: PCI: Interrupt link LNKC configured for IRQ 11\\r']\n",
      "host.client OUT: ['[    0.177584] ACPI: PCI: Interrupt link LNKD configured for IRQ 11\\r']\n",
      "host.client OUT: ['[    0.178586] ACPI: PCI: Interrupt link LNKE configured for IRQ 10\\r']\n",
      "host.client OUT: ['[    0.179330] ACPI: PCI: Interrupt link LNKF configured for IRQ 10\\r']\n",
      "host.client OUT: ['[    0.179584] ACPI: PCI: Interrupt link LNKG configured for IRQ 11\\r']\n",
      "host.client OUT: ['[    0.180328] ACPI: PCI: Interrupt link LNKH configured for IRQ 11\\r']\n",
      "host.client OUT: ['[    0.180547] ACPI: PCI: Interrupt link GSIA configured for IRQ 16\\r']\n",
      "host.client OUT: ['[    0.181238] ACPI: PCI: Interrupt link GSIB configured for IRQ 17\\r']\n",
      "host.client OUT: ['[    0.181527] ACPI: PCI: Interrupt link GSIC configured for IRQ 18\\r']\n",
      "host.client OUT: ['[    0.182212] ACPI: PCI: Interrupt link GSID configured for IRQ 19\\r']\n",
      "host.client OUT: ['[    0.182526] ACPI: PCI: Interrupt link GSIE configured for IRQ 20\\r']\n",
      "host.client OUT: ['[    0.183212] ACPI: PCI: Interrupt link GSIF configured for IRQ 21\\r']\n",
      "host.client OUT: ['[    0.183526] ACPI: PCI: Interrupt link GSIG configured for IRQ 22\\r']\n",
      "host.client OUT: ['[    0.184223] ACPI: PCI: Interrupt link GSIH configured for IRQ 23\\r']\n",
      "host.client OUT: ['[    0.184605] iommu: Default domain type: Translated \\r']\n",
      "host.client OUT: ['[    0.185163] iommu: DMA domain TLB invalidation policy: lazy mode \\r']\n",
      "host.client OUT: ['[    0.185555] pci 0000:00:01.0: vgaarb: setting as boot VGA device\\r']\n",
      "host.client OUT: ['[    0.186275] pci 0000:00:01.0: vgaarb: VGA device added: decodes=io+mem,owns=io+mem,locks=none\\r']\n",
      "host.client OUT: ['[    0.186528] pci 0000:00:01.0: vgaarb: bridge control possible\\r']\n",
      "host.client OUT: ['[    0.187185] vgaarb: loaded\\r']\n",
      "host.client OUT: ['[    0.187546] SCSI subsystem initialized\\r']\n",
      "host.client OUT: ['[    0.188034] pps_core: LinuxPPS API ver. 1 registered\\r']\n",
      "host.client OUT: ['[    0.188528] pps_core: Software ver. 5.3.6 - Copyright 2005-2007 Rodolfo Giometti <giometti@linux.it>\\r']\n",
      "host.client OUT: ['[    0.189523] PTP clock support registered\\r']\n",
      "host.client OUT: ['[    0.190062] PCI: Using ACPI for IRQ routing\\r']\n",
      "host.server OUT: ['[    0.251597] hpet0: at MMIO 0xfed00000, IRQs 2, 8, 0\\r']\n",
      "host.server OUT: ['[    0.252053] hpet0: 3 comparators, 64-bit 100.000000 MHz counter\\r']\n",
      "host.server OUT: ['[    0.255095] clocksource: Switched to clocksource kvm-clock\\r']\n",
      "host.server OUT: ['[    0.258233] VFS: Disk quotas dquot_6.6.0\\r']\n",
      "host.server OUT: ['[    0.258711] VFS: Dquot-cache hash table entries: 512 (order 0, 4096 bytes)\\r']\n",
      "host.server OUT: ['[    0.259531] pnp: PnP ACPI init\\r']\n",
      "host.server OUT: ['[    0.260173] pnp: PnP ACPI: found 5 devices\\r']\n",
      "host.server OUT: ['[    0.270839] clocksource: acpi_pm: mask: 0xffffff max_cycles: 0xffffff, max_idle_ns: 2085701024 ns\\r']\n",
      "host.server OUT: ['[    0.271894] NET: Registered PF_INET protocol family\\r']\n",
      "host.server OUT: ['[    0.272480] IP idents hash table entries: 8192 (order: 4, 65536 bytes, linear)\\r']\n",
      "host.server OUT: ['[    0.273419] tcp_listen_portaddr_hash hash table entries: 256 (order: 0, 4096 bytes, linear)\\r']\n",
      "host.server OUT: ['[    0.274366] Table-perturb hash table entries: 65536 (order: 6, 262144 bytes, linear)\\r']\n",
      "host.server OUT: ['[    0.275240] TCP established hash table entries: 4096 (order: 3, 32768 bytes, linear)\\r']\n",
      "host.server OUT: ['[    0.276122] TCP bind hash table entries: 4096 (order: 4, 65536 bytes, linear)\\r']\n",
      "host.server OUT: ['[    0.276928] TCP: Hash tables configured (established 4096 bind 4096)\\r']\n",
      "host.server OUT: ['[    0.277659] UDP hash table entries: 256 (order: 1, 8192 bytes, linear)\\r']\n",
      "host.server OUT: ['[    0.278401] UDP-Lite hash table entries: 256 (order: 1, 8192 bytes, linear)\\r']\n",
      "host.server OUT: ['[    0.279209] NET: Registered PF_UNIX/PF_LOCAL protocol family\\r']\n",
      "host.server OUT: ['[    0.279855] pci_bus 0000:00: resource 4 [io  0x0000-0x0cf7 window]\\r']\n",
      "host.server OUT: ['[    0.280564] pci_bus 0000:00: resource 5 [io  0x0d00-0xffff window]\\r']\n",
      "host.client OUT: ['[    0.252096] hpet0: at MMIO 0xfed00000, IRQs 2, 8, 0\\r']\n",
      "host.client OUT: ['[    0.252521] hpet0: 3 comparators, 64-bit 100.000000 MHz counter\\r']\n",
      "host.server OUT: ['[    0.281270] pci_bus 0000:00: resource 6 [mem 0x000a0000-0x000bffff window]\\r']\n",
      "host.server OUT: ['[    0.282056] pci_bus 0000:00: resource 7 [mem 0x20000000-0xafffffff window]\\r']\n",
      "host.server OUT: ['[    0.282831] pci_bus 0000:00: resource 8 [mem 0xc0000000-0xfebfffff window]\\r']\n",
      "host.server OUT: ['[    0.283610] pci_bus 0000:00: resource 9 [mem 0x100000000-0x8ffffffff window]\\r']\n",
      "host.server OUT: ['[    0.284477] PCI: CLS 0 bytes, default 64\\r']\n",
      "host.server OUT: ['[    0.284962] clocksource: tsc: mask: 0xffffffffffffffff max_cycles: 0x228363b272c, max_idle_ns: 440795246701 ns\\r']\n",
      "host.server OUT: ['[    0.286952] workingset: timestamp_bits=52 max_order=17 bucket_order=0\\r']\n",
      "host.server OUT: ['[    0.287824] fuse: init (API version 7.34)\\r']\n",
      "host.client OUT: ['[    0.257562] clocksource: Switched to clocksource kvm-clock\\r']\n",
      "host.client OUT: ['[    0.260682] VFS: Disk quotas dquot_6.6.0\\r']\n",
      "host.client OUT: ['[    0.261157] VFS: Dquot-cache hash table entries: 512 (order 0, 4096 bytes)\\r']\n",
      "host.client OUT: ['[    0.261980] pnp: PnP ACPI init\\r']\n",
      "host.client OUT: ['[    0.262621] pnp: PnP ACPI: found 5 devices\\r']\n",
      "host.server OUT: ['[    0.299821] Block layer SCSI generic (bsg) driver version 0.4 loaded (major 252)\\r']\n",
      "host.server OUT: ['[    0.300675] io scheduler mq-deadline registered\\r']\n",
      "host.client OUT: ['[    0.273296] clocksource: acpi_pm: mask: 0xffffff max_cycles: 0xffffff, max_idle_ns: 2085701024 ns\\r']\n",
      "host.server OUT: ['[    0.301200] io scheduler kyber registered\\r']\n",
      "host.server OUT: ['[    0.302143] acpiphp_ibm: ibm_acpiphp_init: acpi_walk_namespace failed\\r']\n",
      "host.server OUT: ['[    0.303021] Serial: 8250/16550 driver, 4 ports, IRQ sharing disabled\\r']\n",
      "host.server OUT: ['[    0.303868] 00:03: ttyS0 at I/O 0x3f8 (irq = 4, base_baud = 115200) is a 16550A\\r']\n",
      "host.client OUT: ['[    0.274329] NET: Registered PF_INET protocol family\\r']\n",
      "host.client OUT: ['[    0.274918] IP idents hash table entries: 8192 (order: 4, 65536 bytes, linear)\\r']\n",
      "host.client OUT: ['[    0.275861] tcp_listen_portaddr_hash hash table entries: 256 (order: 0, 4096 bytes, linear)\\r']\n",
      "host.client OUT: ['[    0.276809] Table-perturb hash table entries: 65536 (order: 6, 262144 bytes, linear)\\r']\n",
      "host.client OUT: ['[    0.277690] TCP established hash table entries: 4096 (order: 3, 32768 bytes, linear)\\r']\n",
      "host.client OUT: ['[    0.278572] TCP bind hash table entries: 4096 (order: 4, 65536 bytes, linear)\\r']\n",
      "host.client OUT: ['[    0.279379] TCP: Hash tables configured (established 4096 bind 4096)\\r']\n",
      "host.client OUT: ['[    0.280111] UDP hash table entries: 256 (order: 1, 8192 bytes, linear)\\r']\n",
      "host.client OUT: ['[    0.280854] UDP-Lite hash table entries: 256 (order: 1, 8192 bytes, linear)\\r']\n",
      "host.client OUT: ['[    0.281669] NET: Registered PF_UNIX/PF_LOCAL protocol family\\r']\n",
      "host.client OUT: ['[    0.282318] pci_bus 0000:00: resource 4 [io  0x0000-0x0cf7 window]\\r']\n",
      "host.server OUT: ['[    0.305034] Linux agpgart interface v0.103\\r']\n",
      "host.server OUT: ['[    0.306919] brd: module loaded\\r']\n",
      "host.server OUT: ['[    0.308698] loop: module loaded\\r']\n",
      "host.server OUT: ['[    0.309112] Loading iSCSI transport class v2.0-870.\\r']\n",
      "host.client OUT: ['[    0.283026] pci_bus 0000:00: resource 5 [io  0x0d00-0xffff window]\\r']\n",
      "host.client OUT: ['[    0.283732] pci_bus 0000:00: resource 6 [mem 0x000a0000-0x000bffff window]\\r']\n",
      "host.client OUT: ['[    0.284503] pci_bus 0000:00: resource 7 [mem 0x20000000-0xafffffff window]\\r']\n",
      "host.client OUT: ['[    0.285289] pci_bus 0000:00: resource 8 [mem 0xc0000000-0xfebfffff window]\\r']\n",
      "host.client OUT: ['[    0.286070] pci_bus 0000:00: resource 9 [mem 0x100000000-0x8ffffffff window]\\r']\n",
      "host.client OUT: ['[    0.286930] PCI: CLS 0 bytes, default 64\\r']\n",
      "host.server OUT: ['[    0.310425] ACPI: \\\\_SB_.GSIA: Enabled at IRQ 16\\r']\n",
      "host.server OUT: ['[    0.311520] ahci 0000:00:1f.2: AHCI 0001.0000 32 slots 6 ports 1.5 Gbps 0x3f impl SATA mode\\r']\n",
      "host.server OUT: ['[    0.312482] ahci 0000:00:1f.2: flags: 64bit ncq only \\r']\n",
      "host.server OUT: ['[    0.314231] scsi host0: ahci\\r']\n",
      "host.server OUT: ['[    0.314673] scsi host1: ahci\\r']\n",
      "host.server OUT: ['[    0.315119] scsi host2: ahci\\r']\n",
      "host.client OUT: ['[    0.287410] clocksource: tsc: mask: 0xffffffffffffffff max_cycles: 0x228363b272c, max_idle_ns: 440795246701 ns\\r']\n",
      "host.client OUT: ['[    0.289377] workingset: timestamp_bits=52 max_order=17 bucket_order=0\\r']\n",
      "host.server OUT: ['[    0.315539] scsi host3: ahci\\r']\n",
      "host.server OUT: ['[    0.315969] scsi host4: ahci\\r']\n",
      "host.server OUT: ['[    0.316400] scsi host5: ahci\\r']\n",
      "host.client OUT: ['[    0.290245] fuse: init (API version 7.34)\\r']\n",
      "host.server OUT: ['[    0.316768] ata1: SATA max UDMA/133 abar m4096@0xfe819000 port 0xfe819100 irq 24\\r']\n",
      "host.server OUT: ['[    0.317618] ata2: SATA max UDMA/133 abar m4096@0xfe819000 port 0xfe819180 irq 24\\r']\n",
      "host.server OUT: ['[    0.318460] ata3: SATA max UDMA/133 abar m4096@0xfe819000 port 0xfe819200 irq 24\\r']\n",
      "host.server OUT: ['[    0.319304] ata4: SATA max UDMA/133 abar m4096@0xfe819000 port 0xfe819280 irq 24\\r']\n",
      "host.server OUT: ['[    0.320154] ata5: SATA max UDMA/133 abar m4096@0xfe819000 port 0xfe819300 irq 24\\r']\n",
      "host.server OUT: ['[    0.320992] ata6: SATA max UDMA/133 abar m4096@0xfe819000 port 0xfe819380 irq 24\\r']\n",
      "host.server OUT: ['[    0.322488] tun: Universal TUN/TAP device driver, 1.6\\r']\n",
      "host.server OUT: ['[    0.323158] VFIO - User Level meta-driver version: 0.3\\r']\n",
      "host.server OUT: ['[    0.323847] i8042: PNP: PS/2 Controller [PNP0303:KBD,PNP0f13:MOU] at 0x60,0x64 irq 1,12\\r']\n",
      "host.server OUT: ['[    0.325448] serio: i8042 KBD port at 0x60,0x64 irq 1\\r']\n",
      "host.server OUT: ['[    0.326015] serio: i8042 AUX port at 0x60,0x64 irq 12\\r']\n",
      "host.server OUT: ['[    0.326727] mousedev: PS/2 mouse device common for all mice\\r']\n",
      "host.server OUT: ['[    0.327531] NET: Registered PF_PACKET protocol family\\r']\n",
      "host.server OUT: ['[    0.328343] input: AT Translated Set 2 keyboard as /devices/platform/i8042/serio0/input/input0\\r']\n",
      "host.server OUT: ['[    0.329535] IPI shorthand broadcast: enabled\\r']\n",
      "host.client OUT: ['[    0.302407] Block layer SCSI generic (bsg) driver version 0.4 loaded (major 252)\\r']\n",
      "host.client OUT: ['[    0.303260] io scheduler mq-deadline registered\\r']\n",
      "host.client OUT: ['[    0.303785] io scheduler kyber registered\\r']\n",
      "host.server OUT: ['[    0.330039] sched_clock: Marking stable (307280923, 22039760)->(359790453, -30469770)\\r']\n",
      "host.client OUT: ['[    0.304727] acpiphp_ibm: ibm_acpiphp_init: acpi_walk_namespace failed\\r']\n",
      "host.client OUT: ['[    0.305617] Serial: 8250/16550 driver, 4 ports, IRQ sharing disabled\\r']\n",
      "host.client OUT: ['[    0.306446] 00:03: ttyS0 at I/O 0x3f8 (irq = 4, base_baud = 115200) is a 16550A\\r']\n",
      "host.client OUT: ['[    0.307627] Linux agpgart interface v0.103\\r']\n",
      "host.client OUT: ['[    0.309502] brd: module loaded\\r']\n",
      "host.client OUT: ['[    0.311302] loop: module loaded\\r']\n",
      "host.client OUT: ['[    0.311715] Loading iSCSI transport class v2.0-870.\\r']\n",
      "host.client OUT: ['[    0.313031] ACPI: \\\\_SB_.GSIA: Enabled at IRQ 16\\r']\n",
      "host.client OUT: ['[    0.314131] ahci 0000:00:1f.2: AHCI 0001.0000 32 slots 6 ports 1.5 Gbps 0x3f impl SATA mode\\r']\n",
      "host.client OUT: ['[    0.315083] ahci 0000:00:1f.2: flags: 64bit ncq only \\r']\n",
      "host.client OUT: ['[    0.316833] scsi host0: ahci\\r']\n",
      "host.client OUT: ['[    0.317282] scsi host1: ahci\\r']\n",
      "host.client OUT: ['[    0.317720] scsi host2: ahci\\r']\n",
      "host.client OUT: ['[    0.318141] scsi host3: ahci\\r']\n",
      "host.client OUT: ['[    0.318578] scsi host4: ahci\\r']\n",
      "host.client OUT: ['[    0.318994] scsi host5: ahci\\r']\n",
      "host.client OUT: ['[    0.319358] ata1: SATA max UDMA/133 abar m4096@0xfe819000 port 0xfe819100 irq 24\\r']\n",
      "host.client OUT: ['[    0.320206] ata2: SATA max UDMA/133 abar m4096@0xfe819000 port 0xfe819180 irq 24\\r']\n",
      "host.client OUT: ['[    0.321058] ata3: SATA max UDMA/133 abar m4096@0xfe819000 port 0xfe819200 irq 24\\r']\n",
      "host.client OUT: ['[    0.321907] ata4: SATA max UDMA/133 abar m4096@0xfe819000 port 0xfe819280 irq 24\\r']\n",
      "host.client OUT: ['[    0.322755] ata5: SATA max UDMA/133 abar m4096@0xfe819000 port 0xfe819300 irq 24\\r']\n",
      "host.client OUT: ['[    0.323604] ata6: SATA max UDMA/133 abar m4096@0xfe819000 port 0xfe819380 irq 24\\r']\n",
      "host.client OUT: ['[    0.325052] tun: Universal TUN/TAP device driver, 1.6\\r']\n",
      "host.client OUT: ['[    0.325775] VFIO - User Level meta-driver version: 0.3\\r']\n",
      "host.client OUT: ['[    0.326466] i8042: PNP: PS/2 Controller [PNP0303:KBD,PNP0f13:MOU] at 0x60,0x64 irq 1,12\\r']\n",
      "host.client OUT: ['[    0.328070] serio: i8042 KBD port at 0x60,0x64 irq 1\\r']\n",
      "host.client OUT: ['[    0.328643] serio: i8042 AUX port at 0x60,0x64 irq 12\\r']\n",
      "host.client OUT: ['[    0.329299] mousedev: PS/2 mouse device common for all mice\\r']\n",
      "host.client OUT: ['[    0.330101] NET: Registered PF_PACKET protocol family\\r']\n",
      "host.client OUT: ['[    0.330907] input: AT Translated Set 2 keyboard as /devices/platform/i8042/serio0/input/input0\\r']\n",
      "host.client OUT: ['[    0.332152] IPI shorthand broadcast: enabled\\r']\n",
      "host.client OUT: ['[    0.332662] sched_clock: Marking stable (310627012, 22017703)->(360569103, -27924388)\\r']\n",
      "host.server OUT: ['[    0.628416] ata2: SATA link up 1.5 Gbps (SStatus 113 SControl 300)\\r']\n",
      "host.server OUT: ['[    0.630679] ata2.00: ATA-7: QEMU HARDDISK, 2.5+, max UDMA/100\\r']\n",
      "host.server OUT: ['[    0.632499] ata2.00: 20 sectors, multi 16: LBA48 NCQ (depth 32)\\r']\n",
      "host.server OUT: ['[    0.634353] ata2.00: applying bridge limits\\r']\n",
      "host.server OUT: ['[    0.635914] ata2.00: configured for UDMA/100\\r']\n",
      "host.server OUT: ['[    0.637515] ata4: SATA link down (SStatus 0 SControl 300)\\r']\n",
      "host.server OUT: ['[    0.639531] ata6: SATA link down (SStatus 0 SControl 300)\\r']\n",
      "host.server OUT: ['[    0.641635] ata5: SATA link down (SStatus 0 SControl 300)\\r']\n",
      "host.server OUT: ['[    0.643669] ata3: SATA link up 1.5 Gbps (SStatus 113 SControl 300)\\r']\n",
      "host.server OUT: ['[    0.645718] ata3.00: ATAPI: QEMU DVD-ROM, 2.5+, max UDMA/100\\r']\n",
      "host.server OUT: ['[    0.646934] ata3.00: applying bridge limits\\r']\n",
      "host.server OUT: ['[    0.648001] ata3.00: configured for UDMA/100\\r']\n",
      "host.server OUT: ['[    0.649339] ata1: SATA link up 1.5 Gbps (SStatus 113 SControl 300)\\r']\n",
      "host.server OUT: ['[    0.650770] ata1.00: ATA-7: QEMU HARDDISK, 2.5+, max UDMA/100\\r']\n",
      "host.server OUT: ['[    0.652000] ata1.00: 83886080 sectors, multi 16: LBA48 NCQ (depth 32)\\r']\n",
      "host.server OUT: ['[    0.653363] ata1.00: applying bridge limits\\r']\n",
      "host.server OUT: ['[    0.654424] ata1.00: configured for UDMA/100\\r']\n",
      "host.server OUT: ['[    0.655440] scsi 0:0:0:0: Direct-Access     ATA      QEMU HARDDISK    2.5+ PQ: 0 ANSI: 5\\r']\n",
      "host.server OUT: ['[    0.656979] sd 0:0:0:0: [sda] 83886080 512-byte logical blocks: (42.9 GB/40.0 GiB)\\r']\n",
      "host.server OUT: ['[    0.658166] sd 0:0:0:0: [sda] Write Protect is off\\r']\n",
      "host.server OUT: ['[    0.658921] sd 0:0:0:0: Attached scsi generic sg0 type 0\\r']\n",
      "host.server OUT: [\"[    0.659776] sd 0:0:0:0: [sda] Write cache: enabled, read cache: enabled, doesn't support DPO or FUA\\r\"]\n",
      "host.server OUT: ['[    0.661240] scsi 1:0:0:0: Direct-Access     ATA      QEMU HARDDISK    2.5+ PQ: 0 ANSI: 5\\r']\n",
      "host.server OUT: ['[    0.662574] scsi 1:0:0:0: Attached scsi generic sg1 type 0\\r']\n",
      "host.client OUT: ['[    0.635891] ata3: SATA link up 1.5 Gbps (SStatus 113 SControl 300)\\r']\n",
      "host.server OUT: ['[    0.663544] scsi 2:0:0:0: CD-ROM            QEMU     QEMU DVD-ROM     2.5+ PQ: 0 ANSI: 5\\r']\n",
      "host.server OUT: ['[    0.665196] sd 1:0:0:0: [sdb] 20 512-byte logical blocks: (10.2 kB/10.0 KiB)\\r']\n",
      "host.client OUT: ['[    0.638066] ata3.00: ATAPI: QEMU DVD-ROM, 2.5+, max UDMA/100\\r']\n",
      "host.server OUT: ['[    0.666159] sd 1:0:0:0: [sdb] Write Protect is off\\r']\n",
      "host.client OUT: ['[    0.639857] ata3.00: applying bridge limits\\r']\n",
      "host.client OUT: ['[    0.641382] ata3.00: configured for UDMA/100\\r']\n",
      "host.client OUT: ['[    0.643303] ata6: SATA link down (SStatus 0 SControl 300)\\r']\n",
      "host.server OUT: [\"[    0.667312] sd 1:0:0:0: [sdb] Write cache: enabled, read cache: enabled, doesn't support DPO or FUA\\r\"]\n",
      "host.server OUT: ['[    0.669169] sd 1:0:0:0: [sdb] Attached SCSI disk\\r']\n",
      "host.client OUT: ['[    0.645306] ata5: SATA link down (SStatus 0 SControl 300)\\r']\n",
      "host.client OUT: ['[    0.647276] ata4: SATA link down (SStatus 0 SControl 300)\\r']\n",
      "host.client OUT: ['[    0.649220] ata2: SATA link up 1.5 Gbps (SStatus 113 SControl 300)\\r']\n",
      "host.server OUT: ['[    0.676751]  sda: sda1 sda14 sda15\\r']\n",
      "host.server OUT: ['[    0.677316] sd 0:0:0:0: [sda] Attached SCSI disk\\r']\n",
      "host.client OUT: ['[    0.650721] ata2.00: ATA-7: QEMU HARDDISK, 2.5+, max UDMA/100\\r']\n",
      "host.client OUT: ['[    0.652071] ata2.00: 20 sectors, multi 16: LBA48 NCQ (depth 32)\\r']\n",
      "host.server OUT: ['[    0.679267] sr 2:0:0:0: [sr0] scsi3-mmc drive: 4x/4x cd/rw xa/form2 tray\\r']\n",
      "host.client OUT: ['[    0.653427] ata2.00: applying bridge limits\\r']\n",
      "host.server OUT: ['[    0.680046] cdrom: Uniform CD-ROM driver Revision: 3.20\\r']\n",
      "host.client OUT: ['[    0.654564] ata2.00: configured for UDMA/100\\r']\n",
      "host.client OUT: ['[    0.655755] ata1: SATA link up 1.5 Gbps (SStatus 113 SControl 300)\\r']\n",
      "host.client OUT: ['[    0.657272] ata1.00: ATA-7: QEMU HARDDISK, 2.5+, max UDMA/100\\r']\n",
      "host.client OUT: ['[    0.658629] ata1.00: 83886080 sectors, multi 16: LBA48 NCQ (depth 32)\\r']\n",
      "host.client OUT: ['[    0.659726] ata1.00: applying bridge limits\\r']\n",
      "host.client OUT: ['[    0.660500] ata1.00: configured for UDMA/100\\r']\n",
      "host.client OUT: ['[    0.661321] scsi 0:0:0:0: Direct-Access     ATA      QEMU HARDDISK    2.5+ PQ: 0 ANSI: 5\\r']\n",
      "host.client OUT: ['[    0.662868] sd 0:0:0:0: [sda] 83886080 512-byte logical blocks: (42.9 GB/40.0 GiB)\\r']\n",
      "host.client OUT: ['[    0.664122] sd 0:0:0:0: [sda] Write Protect is off\\r']\n",
      "host.client OUT: ['[    0.664923] sd 0:0:0:0: Attached scsi generic sg0 type 0\\r']\n",
      "host.client OUT: [\"[    0.665832] sd 0:0:0:0: [sda] Write cache: enabled, read cache: enabled, doesn't support DPO or FUA\\r\"]\n",
      "host.server OUT: ['[    0.694505] sr 2:0:0:0: Attached scsi generic sg2 type 5\\r']\n",
      "host.client OUT: ['[    0.667368] scsi 1:0:0:0: Direct-Access     ATA      QEMU HARDDISK    2.5+ PQ: 0 ANSI: 5\\r']\n",
      "host.client OUT: ['[    0.668765] scsi 1:0:0:0: Attached scsi generic sg1 type 0\\r']\n",
      "host.client OUT: ['[    0.669534] scsi 2:0:0:0: CD-ROM            QEMU     QEMU DVD-ROM     2.5+ PQ: 0 ANSI: 5\\r']\n",
      "host.client OUT: ['[    0.670785] sd 1:0:0:0: [sdb] 20 512-byte logical blocks: (10.2 kB/10.0 KiB)\\r']\n",
      "host.client OUT: ['[    0.671666] sd 1:0:0:0: [sdb] Write Protect is off\\r']\n",
      "host.client OUT: [\"[    0.672223] sd 1:0:0:0: [sdb] Write cache: enabled, read cache: enabled, doesn't support DPO or FUA\\r\"]\n",
      "host.client OUT: ['[    0.674736] sd 1:0:0:0: [sdb] Attached SCSI disk\\r']\n",
      "host.client OUT: ['[    0.684294]  sda: sda1 sda14 sda15\\r']\n",
      "host.client OUT: ['[    0.684865] sr 2:0:0:0: [sr0] scsi3-mmc drive: 4x/4x cd/rw xa/form2 tray\\r']\n",
      "host.client OUT: ['[    0.685672] cdrom: Uniform CD-ROM driver Revision: 3.20\\r']\n",
      "host.client OUT: ['[    0.686437] sd 0:0:0:0: [sda] Attached SCSI disk\\r']\n",
      "host.client OUT: ['[    0.700039] sr 2:0:0:0: Attached scsi generic sg2 type 5\\r']\n",
      "host.server OUT: ['[    0.802029] EXT4-fs (sda1): mounted filesystem with ordered data mode. Opts: (null). Quota mode: none.\\r']\n",
      "host.server OUT: ['[    0.805184] VFS: Mounted root (ext4 filesystem) on device 8:1.\\r']\n",
      "host.server OUT: ['[    0.808224] devtmpfs: mounted\\r']\n",
      "host.server OUT: ['[    0.809848] Freeing unused kernel image (initmem) memory: 1920K\\r']\n",
      "host.server OUT: ['[    0.811531] Write protecting the kernel read-only data: 14336k\\r']\n",
      "host.server OUT: ['[    0.813971] Freeing unused kernel image (text/rodata gap) memory: 2040K\\r']\n",
      "host.server OUT: ['[    0.816369] Freeing unused kernel image (rodata/data gap) memory: 1884K\\r']\n",
      "host.server OUT: ['[    0.818225] rodata_test: all tests were successful\\r']\n",
      "host.server OUT: ['[    0.819399] Run /home/ubuntu/guestinit.sh as init process\\r']\n",
      "host.client OUT: ['[    0.816797] EXT4-fs (sda1): mounted filesystem with ordered data mode. Opts: (null). Quota mode: none.\\r']\n",
      "host.client OUT: ['[    0.819850] VFS: Mounted root (ext4 filesystem) on device 8:1.\\r']\n",
      "host.client OUT: ['[    0.823115] devtmpfs: mounted\\r']\n",
      "host.client OUT: ['[    0.824722] Freeing unused kernel image (initmem) memory: 1920K\\r']\n",
      "host.client OUT: ['[    0.826413] Write protecting the kernel read-only data: 14336k\\r']\n",
      "host.client OUT: ['[    0.828851] Freeing unused kernel image (text/rodata gap) memory: 2040K\\r']\n",
      "host.client OUT: ['[    0.831222] Freeing unused kernel image (rodata/data gap) memory: 1884K\\r']\n",
      "host.client OUT: ['[    0.833083] rodata_test: all tests were successful\\r']\n",
      "host.client OUT: ['[    0.834365] Run /home/ubuntu/guestinit.sh as init process\\r']\n",
      "host.server OUT: ['+ export HOME=/root\\r']\n",
      "host.server OUT: ['+ export LANG=en_US\\r']\n",
      "host.server OUT: ['+ export PATH=/usr/local/sbin:/usr/local/bin:/usr/sbin:/usr/bin:/sbin:/bin:/usr/games:/usr/local/games\\r']\n",
      "host.server OUT: ['+ echo ready to checkpoint\\r']\n",
      "host.server OUT: ['ready to checkpoint\\r']\n",
      "host.server OUT: ['+ modprobe i40e\\r']\n",
      "host.client OUT: ['+ export HOME=/root\\r']\n",
      "host.client OUT: ['+ export LANG=en_US\\r']\n",
      "host.client OUT: ['+ export PATH=/usr/local/sbin:/usr/local/bin:/usr/sbin:/usr/bin:/sbin:/bin:/usr/games:/usr/local/games\\r']\n",
      "host.client OUT: ['+ echo ready to checkpoint\\r']\n",
      "host.client OUT: ['ready to checkpoint\\r']\n",
      "host.client OUT: ['+ modprobe i40e\\r']\n",
      "host.server OUT: ['[    1.008562] i40e: Intel(R) Ethernet Connection XL710 Network Driver\\r']\n",
      "host.server OUT: ['[    1.010583] i40e: Copyright (c) 2013 - 2019 Intel Corporation.\\r']\n",
      "host.server OUT: ['[    1.013143] ACPI: \\\\_SB_.GSIG: Enabled at IRQ 22\\r']\n",
      "host.client OUT: ['[    1.063116] i40e: Intel(R) Ethernet Connection XL710 Network Driver\\r']\n",
      "host.client OUT: ['[    1.065124] i40e: Copyright (c) 2013 - 2019 Intel Corporation.\\r']\n",
      "host.client OUT: ['[    1.067586] ACPI: \\\\_SB_.GSIG: Enabled at IRQ 22\\r']\n",
      "host.server OUT: ['[    1.211438] i40e 0000:00:02.0: fw 0.0.00000 api 1.10 nvm 0.0.0 [8086:1583] [1af4:1100]\\r']\n",
      "host.client OUT: ['[    1.232087] i40e 0000:00:02.0: fw 0.0.00000 api 1.10 nvm 0.0.0 [8086:1583] [1af4:1100]\\r']\n",
      "host.client OUT: ['[    2.285046] i40e 0000:00:02.0: Stopping firmware LLDP agent.\\r']\n",
      "host.client OUT: ['[    2.285818] i40e 0000:00:02.0: MAC address: ac:23:e5:2d:77:d3\\r']\n",
      "host.client OUT: ['[    2.289623] i40e 0000:00:02.0 eth0: NIC Link is Up, 40 Gbps Full Duplex, Flow Control: None\\r']\n",
      "host.client OUT: ['[    2.374129] i40e 0000:00:02.0: PCI-Express: Speed UnknownGT/s Width xUnknown\\r']\n",
      "host.client OUT: ['[    2.376334] i40e 0000:00:02.0: PCI-Express bandwidth available for this device may be insufficient for optimal performance.\\r']\n",
      "host.client OUT: ['[    2.379714] i40e 0000:00:02.0: Please move the device to a different PCI-e link with more lanes and/or higher transfer rate.\\r']\n",
      "host.client OUT: ['[    2.383620] i40e 0000:00:02.0: MFS for port 180 has been set below the default: 0\\r']\n",
      "host.client OUT: ['[    2.385812] i40e 0000:00:02.0: Features: PF-id[0] VSIs: 384 QP: 1 RSS VxLAN Geneve PTP VEPA\\r']\n",
      "host.client OUT: ['+ ip link set dev eth0 up\\r']\n",
      "host.client OUT: ['[    2.428852] i40e 0000:00:02.0: Error OK adding RX filters on PF, promiscuous mode forced on\\r']\n",
      "host.client OUT: ['+ ip addr add 10.0.0.2/24 dev eth0\\r']\n",
      "host.client OUT: ['+ sleep 1\\r']\n",
      "host.server OUT: ['[    2.510691] i40e 0000:00:02.0: Stopping firmware LLDP agent.\\r']\n",
      "host.server OUT: ['[    2.511496] i40e 0000:00:02.0: MAC address: 00:6d:f4:00:31:5f\\r']\n",
      "host.server OUT: ['[    2.515719] i40e 0000:00:02.0 eth0: NIC Link is Up, 40 Gbps Full Duplex, Flow Control: None\\r']\n",
      "host.server OUT: ['[    2.598672] i40e 0000:00:02.0: PCI-Express: Speed UnknownGT/s Width xUnknown\\r']\n",
      "host.server OUT: ['[    2.600895] i40e 0000:00:02.0: PCI-Express bandwidth available for this device may be insufficient for optimal performance.\\r']\n",
      "host.server OUT: ['[    2.604317] i40e 0000:00:02.0: Please move the device to a different PCI-e link with more lanes and/or higher transfer rate.\\r']\n",
      "host.server OUT: ['[    2.608245] i40e 0000:00:02.0: MFS for port 180 has been set below the default: 0\\r']\n",
      "host.server OUT: ['[    2.610723] i40e 0000:00:02.0: Features: PF-id[0] VSIs: 384 QP: 1 RSS VxLAN Geneve PTP VEPA\\r']\n",
      "host.server OUT: ['+ ip link set dev eth0 up\\r']\n",
      "host.server OUT: ['[    2.654076] i40e 0000:00:02.0: Error OK adding RX filters on PF, promiscuous mode forced on\\r']\n",
      "host.server OUT: ['+ ip addr add 10.0.0.1/24 dev eth0\\r']\n",
      "host.server OUT: ['+ iperf -s -l 32M -w 32M\\r']\n",
      "host.server OUT: ['------------------------------------------------------------\\r']\n",
      "host.server OUT: ['Server listening on TCP port 5001\\r']\n",
      "host.server OUT: ['TCP window size:  416 KByte (WARNING: requested 32.0 MByte)\\r']\n",
      "host.server OUT: ['------------------------------------------------------------\\r']\n",
      "host.client OUT: ['+ iperf -l 32M -w 32M -c 10.0.0.1 -i 1 -P 1\\r']\n",
      "my-simple-experiment: started host.server\n",
      "my-simple-experiment: started host.client\n",
      "my-simple-experiment: waiting for hosts to terminate\n",
      "host.client OUT: ['------------------------------------------------------------\\r']\n",
      "host.client OUT: ['Client connecting to 10.0.0.1, TCP port 5001\\r']\n",
      "host.client OUT: ['TCP window size:  416 KByte (WARNING: requested 32.0 MByte)\\r']\n",
      "host.client OUT: ['------------------------------------------------------------\\r']\n",
      "host.client OUT: ['[  1] local 10.0.0.2 port 59956 connected with 10.0.0.1 port 5001\\r']\n",
      "host.server OUT: ['[  1] local 10.0.0.1 port 5001 connected with 10.0.0.2 port 59956\\r']\n",
      "host.client OUT: ['[ ID] Interval       Transfer     Bandwidth\\r']\n",
      "host.client OUT: ['[  1] 0.0000-1.0000 sec   413 KBytes  3.38 Mbits/sec\\r']\n",
      "host.client OUT: ['[  1] 1.0000-2.0000 sec  12.7 KBytes   104 Kbits/sec\\r']\n",
      "host.client OUT: ['[  1] 2.0000-3.0000 sec  19.8 KBytes   162 Kbits/sec\\r']\n",
      "host.client OUT: ['[  1] 3.0000-4.0000 sec   127 KBytes  1.04 Mbits/sec\\r']\n",
      "host.client OUT: ['[  1] 4.0000-5.0000 sec   127 KBytes  1.04 Mbits/sec\\r']\n",
      "host.client OUT: ['[  1] 5.0000-6.0000 sec   255 KBytes  2.09 Mbits/sec\\r']\n",
      "host.client OUT: ['[  1] 6.0000-7.0000 sec   191 KBytes  1.56 Mbits/sec\\r']\n",
      "host.client OUT: ['[  1] 7.0000-8.0000 sec   191 KBytes  1.56 Mbits/sec\\r']\n",
      "host.client OUT: ['[  1] 8.0000-9.0000 sec   255 KBytes  2.09 Mbits/sec\\r']\n",
      "host.client OUT: ['[  1] 9.0000-10.0000 sec   191 KBytes  1.56 Mbits/sec\\r']\n",
      "host.server OUT: ['[ ID] Interval       Transfer     Bandwidth\\r']\n",
      "host.server OUT: ['[  1] 0.0000-12.0343 sec  1.93 MBytes  1.34 Mbits/sec\\r']\n",
      "host.client OUT: ['[  1] 10.0000-12.9861 sec   191 KBytes   524 Kbits/sec\\r']\n",
      "host.client OUT: ['[  1] 0.0000-12.9861 sec  1.93 MBytes  1.24 Mbits/sec\\r']\n",
