{
 "cells": [
  {
   "cell_type": "markdown",
   "id": "b11f61c4-b566-41b7-9a84-86ad443fff10",
   "metadata": {
    "tags": []
   },
   "source": [
    "# Lab 1: Configuring & Running Experiments in SimBricks\n",
    "\n",
    "## 1. Minimal 2-Host Experiment\n",
    "To get started, we will set up a simple experiment with two hosts that have one NIC each and are connected through a basic switch. The hosts run Linux with the regular network stack, and run the standard `iperf` network benchmark, with one hosts acting as the server, and the other as the client.\n",
    "\n",
    "To keep simulation times low for testing here, we use unsynchronized and inaccurate simulator configurations: QEMU with KVM acceleration (if available), the behavioral Intel x710 (`i40e`) NIC model, and our simple behavioral switch.\n",
    "\n",
    "### 1.1. Specifying Simulation Configuration\n",
    "Now let's set up this configuration in the SimBricks orchestration framework:"
   ]
  },
  {
   "cell_type": "markdown",
   "id": "18fd1c0b-d0c7-4335-ab6d-78c921dc6dca",
   "metadata": {},
   "source": [
    "The first step is to create an `Experiment` object. This object contains pointers to all relevant components in the simulation and an instance serves as a declarative description of the configuration."
   ]
  },
  {
   "cell_type": "code",
   "execution_count": 1,
   "id": "dd0172a5-6e49-472a-a4cd-7a0de202cf34",
   "metadata": {},
   "outputs": [],
   "source": [
    "import simbricks.orchestration.experiments as exp\n",
    "import simbricks.orchestration.simulators as sim\n",
    "import simbricks.orchestration.nodeconfig as node\n",
    "\n",
    "e = exp.Experiment('my-simple-experiment')"
   ]
  },
  {
   "cell_type": "markdown",
   "id": "2bfd5836-344a-4d41-9763-eb59abd06c56",
   "metadata": {},
   "source": [
    "Now we instantiate the first Component simulator, the `SwitchNet` behavioral switch model, and add it to our experiment object."
   ]
  },
  {
   "cell_type": "code",
   "execution_count": 2,
   "id": "46336658-27f3-4728-bcc2-da50e8811ae3",
   "metadata": {},
   "outputs": [],
   "source": [
    "net = sim.SwitchNet()\n",
    "net.sync = False\n",
    "e.add_network(net)"
   ]
  },
  {
   "cell_type": "markdown",
   "id": "40199453-ab3e-447c-8c0d-589fa7c0d0c7",
   "metadata": {},
   "source": [
    "For each host simulator we also have to specify what software to run through a *node configuration object*. This basically specifies which disk image to use, and includes a set of commands to run after boot, for steps including loading NIC drivers, assigning IP addresses, and other configuration steps. Here we use the `I40eLinuxNode` configuration, which will load the `i40e` NIC driver, and assign the IP address specified."
   ]
  },
  {
   "cell_type": "code",
   "execution_count": 3,
   "id": "ffaa1dd9-f84b-41fd-baa6-7c1a460423be",
   "metadata": {},
   "outputs": [],
   "source": [
    "server_config = node.I40eLinuxNode()\n",
    "server_config.prefix = 24\n",
    "server_config.ip = '10.0.0.1'"
   ]
  },
  {
   "cell_type": "markdown",
   "id": "a150223b-ffd6-4640-b812-24f8a2329e6a",
   "metadata": {},
   "source": [
    "The node configuration also points to the *application configuration*, specifying the actual workload, i.e. commands to run after the system is fully booted up. These objects mostly just provide a bit of syntactic sugar to make it easier to set benchmark configuration parameters in a readable way from python."
   ]
  },
  {
   "cell_type": "code",
   "execution_count": 4,
   "id": "797902eb-27f2-4afa-a9ce-4a83a1a14ef1",
   "metadata": {},
   "outputs": [],
   "source": [
    "server_config.app = node.IperfTCPServer()"
   ]
  },
  {
   "cell_type": "markdown",
   "id": "0a1cd00d-8550-4f22-b422-464787763666",
   "metadata": {},
   "source": [
    "Next we create the first instance of the QEMU host simulator for the server and label it accordingly."
   ]
  },
  {
   "cell_type": "code",
   "execution_count": 5,
   "id": "9026ffde-66a0-4dd4-96ad-f307860e6567",
   "metadata": {},
   "outputs": [],
   "source": [
    "server = sim.QemuHost(server_config)\n",
    "server.name = 'server'\n",
    "e.add_host(server)"
   ]
  },
  {
   "cell_type": "markdown",
   "id": "efd071fb-7777-4d8d-9d7d-72fad087a190",
   "metadata": {},
   "source": [
    "After configuring the server host simulator, we add an instance of the `i40e` NIC model, and connect it to both the host simulator and our switch simulator. As a last step for the server, we add the NIC and host to the experiment object."
   ]
  },
  {
   "cell_type": "code",
   "execution_count": 6,
   "id": "f8237f28-9118-4dcb-bd00-e050ed48a494",
   "metadata": {},
   "outputs": [],
   "source": [
    "server_nic = sim.I40eNIC()\n",
    "server_nic.set_network(net)\n",
    "server.add_nic(server_nic)\n",
    "e.add_nic(server_nic)"
   ]
  },
  {
   "cell_type": "markdown",
   "id": "6046bfaa-541a-4f2d-a821-de378d896f5d",
   "metadata": {},
   "source": [
    "Finally, we repeat the same steps for the client, with a few small differences."
   ]
  },
  {
   "cell_type": "code",
   "execution_count": 7,
   "id": "38338146-678f-4b3e-b190-d3a7eeb1ffb1",
   "metadata": {},
   "outputs": [],
   "source": [
    "\n",
    "# Node configuration describes software configuration running on the client\n",
    "client_config = node.I40eLinuxNode()\n",
    "client_config.prefix = 24\n",
    "client_config.ip = '10.0.0.2'"
   ]
  },
  {
   "cell_type": "markdown",
   "id": "7da15814-b0b7-47de-8719-655bc06d79b9",
   "metadata": {},
   "source": [
    "Second, for the client we specify a different application configuration to run the iperf client instead of the server, and pass it the server IP address to connect to."
   ]
  },
  {
   "cell_type": "code",
   "execution_count": 8,
   "id": "57d35d90-4157-4b94-9541-6170e0c929e4",
   "metadata": {},
   "outputs": [],
   "source": [
    "client_config.app = node.IperfTCPClient()\n",
    "client_config.app.server_ip = '10.0.0.1'  # Client needs to know server IP"
   ]
  },
  {
   "cell_type": "markdown",
   "id": "ddd9f558",
   "metadata": {},
   "source": [
    "For the client host, set the `wait` attribute, to indicate that we want to wait for this simulator to terminate before stopping the experiment (many simulators, for the server, NICs, and networks, typically run until they are manually stopped when the experiment is finished)."
   ]
  },
  {
   "cell_type": "code",
   "execution_count": 9,
   "id": "1d47722a",
   "metadata": {},
   "outputs": [],
   "source": [
    "# Create host simulator for client\n",
    "client = sim.QemuHost(client_config)\n",
    "client.name = 'client'\n",
    "client.wait = True  # Wait for client to shut down before ending experiment\n",
    "e.add_host(client)"
   ]
  },
  {
   "cell_type": "markdown",
   "id": "aed4c303",
   "metadata": {},
   "source": [
    "Then we again create the NIC and connect it to the switch and host."
   ]
  },
  {
   "cell_type": "code",
   "execution_count": 10,
   "id": "3fc5abbf",
   "metadata": {},
   "outputs": [],
   "source": [
    "# Create nic simulator for client\n",
    "client_nic = sim.I40eNIC()\n",
    "client_nic.set_network(net)\n",
    "client.add_nic(client_nic)\n",
    "e.add_nic(client_nic)"
   ]
  },
  {
   "cell_type": "markdown",
   "id": "93347d9e-b4f4-4e3f-a7c8-c553ba990813",
   "metadata": {},
   "source": [
    "And that's it! We have assembled our first SimBricks simulation configuration. Here is a simple illustration of what we have assembled:"
   ]
  },
  {
   "cell_type": "code",
   "execution_count": 11,
   "id": "8247f5d8-1e33-4ed4-a988-37d1373119df",
   "metadata": {},
   "outputs": [
    {
     "data": {
      "image/svg+xml": [
       "<?xml version=\"1.0\" encoding=\"UTF-8\" standalone=\"no\"?>\n",
       "<!DOCTYPE svg PUBLIC \"-//W3C//DTD SVG 1.1//EN\"\n",
       " \"http://www.w3.org/Graphics/SVG/1.1/DTD/svg11.dtd\">\n",
       "<!-- Generated by graphviz version 2.43.0 (0)\n",
       " -->\n",
       "<!-- Title: %3 Pages: 1 -->\n",
       "<svg width=\"272pt\" height=\"309pt\"\n",
       " viewBox=\"0.00 0.00 272.49 309.39\" xmlns=\"http://www.w3.org/2000/svg\" xmlns:xlink=\"http://www.w3.org/1999/xlink\">\n",
       "<g id=\"graph0\" class=\"graph\" transform=\"scale(1 1) rotate(0) translate(4 305.39)\">\n",
       "<title>%3</title>\n",
       "<polygon fill=\"white\" stroke=\"transparent\" points=\"-4,4 -4,-305.39 268.49,-305.39 268.49,4 -4,4\"/>\n",
       "<!-- host.server -->\n",
       "<g id=\"node1\" class=\"node\">\n",
       "<title>host.server</title>\n",
       "<ellipse fill=\"#98f5ff\" stroke=\"black\" cx=\"63.69\" cy=\"-237.69\" rx=\"63.89\" ry=\"63.89\"/>\n",
       "<text text-anchor=\"middle\" x=\"63.69\" y=\"-233.99\" font-family=\"Times,serif\" font-size=\"14.00\">host.server</text>\n",
       "</g>\n",
       "<!-- nic.server. -->\n",
       "<g id=\"node3\" class=\"node\">\n",
       "<title>nic.server.</title>\n",
       "<polygon fill=\"lightgreen\" stroke=\"black\" points=\"118.19,-123 27.19,-123 27.19,-87 118.19,-87 118.19,-123\"/>\n",
       "<text text-anchor=\"middle\" x=\"72.69\" y=\"-101.3\" font-family=\"Times,serif\" font-size=\"14.00\">nic.server.</text>\n",
       "</g>\n",
       "<!-- host.server&#45;&gt;nic.server. -->\n",
       "<g id=\"edge1\" class=\"edge\">\n",
       "<title>host.server&#45;&gt;nic.server.</title>\n",
       "<path fill=\"none\" stroke=\"green\" d=\"M68.01,-174.03C69,-159.68 70,-145.16 70.82,-133.25\"/>\n",
       "<polygon fill=\"green\" stroke=\"green\" points=\"74.32,-133.33 71.52,-123.11 67.34,-132.85 74.32,-133.33\"/>\n",
       "<text text-anchor=\"middle\" x=\"87.69\" y=\"-144.8\" font-family=\"Times,serif\" font-size=\"14.00\">PCIe</text>\n",
       "</g>\n",
       "<!-- host.client -->\n",
       "<g id=\"node2\" class=\"node\">\n",
       "<title>host.client</title>\n",
       "<ellipse fill=\"#98f5ff\" stroke=\"black\" cx=\"204.69\" cy=\"-237.69\" rx=\"59.59\" ry=\"59.59\"/>\n",
       "<text text-anchor=\"middle\" x=\"204.69\" y=\"-233.99\" font-family=\"Times,serif\" font-size=\"14.00\">host.client</text>\n",
       "</g>\n",
       "<!-- nic.client. -->\n",
       "<g id=\"node4\" class=\"node\">\n",
       "<title>nic.client.</title>\n",
       "<polygon fill=\"lightgreen\" stroke=\"black\" points=\"239.69,-123 153.69,-123 153.69,-87 239.69,-87 239.69,-123\"/>\n",
       "<text text-anchor=\"middle\" x=\"196.69\" y=\"-101.3\" font-family=\"Times,serif\" font-size=\"14.00\">nic.client.</text>\n",
       "</g>\n",
       "<!-- host.client&#45;&gt;nic.client. -->\n",
       "<g id=\"edge2\" class=\"edge\">\n",
       "<title>host.client&#45;&gt;nic.client.</title>\n",
       "<path fill=\"none\" stroke=\"green\" d=\"M201.09,-177.85C200.14,-162.28 199.16,-146.23 198.36,-133.25\"/>\n",
       "<polygon fill=\"green\" stroke=\"green\" points=\"201.85,-132.92 197.74,-123.15 194.86,-133.35 201.85,-132.92\"/>\n",
       "<text text-anchor=\"middle\" x=\"217.69\" y=\"-144.8\" font-family=\"Times,serif\" font-size=\"14.00\">PCIe</text>\n",
       "</g>\n",
       "<!-- net. -->\n",
       "<g id=\"node5\" class=\"node\">\n",
       "<title>net.</title>\n",
       "<polygon fill=\"gold\" stroke=\"black\" points=\"125.69,-36 85.31,-18 125.69,0 166.08,-18 125.69,-36\"/>\n",
       "<text text-anchor=\"middle\" x=\"125.69\" y=\"-14.3\" font-family=\"Times,serif\" font-size=\"14.00\">net.</text>\n",
       "</g>\n",
       "<!-- nic.server.&#45;&gt;net. -->\n",
       "<g id=\"edge3\" class=\"edge\">\n",
       "<title>nic.server.&#45;&gt;net.</title>\n",
       "<path fill=\"none\" stroke=\"red\" d=\"M83.42,-86.8C91.61,-73.67 102.96,-55.47 111.83,-41.23\"/>\n",
       "<polygon fill=\"red\" stroke=\"red\" points=\"114.93,-42.88 117.25,-32.54 108.99,-39.18 114.93,-42.88\"/>\n",
       "<text text-anchor=\"middle\" x=\"115.69\" y=\"-57.8\" font-family=\"Times,serif\" font-size=\"14.00\">Eth</text>\n",
       "</g>\n",
       "<!-- nic.client.&#45;&gt;net. -->\n",
       "<g id=\"edge4\" class=\"edge\">\n",
       "<title>nic.client.&#45;&gt;net.</title>\n",
       "<path fill=\"none\" stroke=\"red\" d=\"M182.33,-86.8C170.88,-73.09 154.82,-53.87 142.72,-39.39\"/>\n",
       "<polygon fill=\"red\" stroke=\"red\" points=\"145.22,-36.92 136.13,-31.49 139.85,-41.41 145.22,-36.92\"/>\n",
       "<text text-anchor=\"middle\" x=\"178.69\" y=\"-57.8\" font-family=\"Times,serif\" font-size=\"14.00\">Eth</text>\n",
       "</g>\n",
       "</g>\n",
       "</svg>\n"
      ],
      "text/plain": [
       "<graphviz.dot.Digraph at 0x781c6cef8a90>"
      ]
     },
     "execution_count": 11,
     "metadata": {},
     "output_type": "execute_result"
    }
   ],
   "source": [
    "import sys\n",
    "import pathlib\n",
    "\n",
    "workspace_path = pathlib.Path('').resolve().parents[0]\n",
    "sys.path.insert(0, f\"{workspace_path}/utils\")\n",
    "from visualize import experiment_graph\n",
    "\n",
    "experiment_graph(e)"
   ]
  },
  {
   "cell_type": "markdown",
   "id": "93082727-1349-481a-8068-d6d4557bc9ed",
   "metadata": {
    "tags": []
   },
   "source": [
    "### 1.2. Running the Simulation\n",
    "\n",
    "Now that we have assembled our simulation, the next step is running it. Typically we would save the experiment to a `.py` file, and then use the `run.py` script and run it from the terminal. (Details on how to do that below.) Here we will directly use our python orchestration mechanisms to run a simple local experiment.\n",
    "\n",
    "For this we first specify the `LocalExecutor` to run our simulation locally directly by starting the commands from the python process. (other executors execute component simulators on remote hosts, particularly useful for distributed simulations spanning multiple hosts)"
   ]
  },
  {
   "cell_type": "code",
   "execution_count": 12,
   "id": "efd720b7-0957-4c05-8548-d19cbc766855",
   "metadata": {
    "scrolled": true,
    "tags": []
   },
   "outputs": [],
   "source": [
    "import simbricks.orchestration.experiments as exp\n",
    "import simbricks.orchestration.experiment.experiment_environment as expenv\n",
    "import simbricks.orchestration.experiment.experiment_output as expout\n",
    "import simbricks.orchestration.exectools as exectools\n",
    "import simbricks.orchestration.runtime as runtime\n",
    "import simbricks.orchestration.runners as runners\n",
    "\n",
    "executor = exectools.LocalExecutor()"
   ]
  },
  {
   "cell_type": "markdown",
   "id": "74169fa7-e7c6-49fa-8bdb-829085ca0352",
   "metadata": {},
   "source": [
    "Next, we set up an experiment environment, which specifies paths for simulator executables, unix sockets, shared memory regions, working copies of simulator disk images, and other working files of different component simulators. Here we just pass in the path to our SimBricks repo and a new working directory for this experiment. For the rest the `ExpEnv` has sensible defaults that can be customized if necessary."
   ]
  },
  {
   "cell_type": "code",
   "execution_count": 13,
   "id": "ded0862d-cc6f-42bc-9a33-d4b6103f171b",
   "metadata": {
    "scrolled": true,
    "tags": []
   },
   "outputs": [],
   "source": [
    "workdir = './out/lab1_test1'\n",
    "env = expenv.ExpEnv(repo_path='/simbricks', workdir=workdir, cpdir=workdir)"
   ]
  },
  {
   "cell_type": "markdown",
   "id": "811e5407-2c45-48df-b9af-40c5993f8cce",
   "metadata": {},
   "source": [
    "Now we create a `Run` object, which is intended for a single execution of an experiment, and stores the experiment, and the environment. For the run we then initialize the output and working directory."
   ]
  },
  {
   "cell_type": "code",
   "execution_count": 14,
   "id": "865c0d43-fb0b-4db6-8d19-1712cf2a6b3f",
   "metadata": {
    "scrolled": true,
    "tags": []
   },
   "outputs": [],
   "source": [
    "run = runtime.Run(experiment=e, index=0, env=env, outpath=workdir, prereq=None)\n",
    "await run.prep_dirs(executor)"
   ]
  },
  {
   "cell_type": "markdown",
   "id": "c6af4bb6-d870-4703-a656-f189b095eec4",
   "metadata": {},
   "source": [
    "Finally, we create a runner responsible for orchestrating the simulation run. The execution results in an output object that contains all simulator outputs, commands, executed, timestamps, and other metadata for the run. We create the runner with the verbose flag set here, so we also see the output on the console as the simulation executes, helpful for debugging but all this information is also contained in the output object."
   ]
  },
  {
   "cell_type": "code",
   "execution_count": 15,
   "id": "753e7d68-3a46-4adc-a867-0a95c6b367b0",
   "metadata": {
    "scrolled": true,
    "tags": []
   },
   "outputs": [
    {
     "name": "stdout",
     "output_type": "stream",
     "text": [
      "preparing config tar: /workspaces/simbricks-examples/first-steps/out/lab1_test1/cfg.server.tar\n",
      "preparing config tar: /workspaces/simbricks-examples/first-steps/out/lab1_test1/cfg.client.tar\n",
      "prepare_my-simple-experiment.0 ERR: ['qemu-img: warning: Deprecated use of backing file without explicit backing format (detected format of qcow2)']\n",
      "prepare_my-simple-experiment.0 OUT: [\"Formatting '/workspaces/simbricks-examples/first-steps/out/lab1_test1/hdcopy.server', fmt=qcow2 cluster_size=65536 extended_l2=off compression_type=zlib size=42949672960 backing_file=/simbricks/images/output-base/base backing_fmt=qcow2 lazy_refcounts=off refcount_bits=16\"]\n",
      "prepare_my-simple-experiment.0 ERR: ['qemu-img: warning: Deprecated use of backing file without explicit backing format (detected format of qcow2)']\n",
      "prepare_my-simple-experiment.0 OUT: [\"Formatting '/workspaces/simbricks-examples/first-steps/out/lab1_test1/hdcopy.client', fmt=qcow2 cluster_size=65536 extended_l2=off compression_type=zlib size=42949672960 backing_file=/simbricks/images/output-base/base backing_fmt=qcow2 lazy_refcounts=off refcount_bits=16\"]\n",
      "prepare_my-simple-experiment.0 TERMINATED: 0\n",
      "prepare_my-simple-experiment.0 TERMINATED: 0\n",
      "my-simple-experiment: starting nic.server.\n",
      "my-simple-experiment: starting nic.client.\n",
      "my-simple-experiment: waiting for sockets nic.server.\n",
      "my-simple-experiment: waiting for sockets nic.client.\n",
      "await_file(/workspaces/simbricks-examples/first-steps/out/lab1_test1/dev.pci.server.)\n",
      "await_file(/workspaces/simbricks-examples/first-steps/out/lab1_test1/nic.eth.server.)\n",
      "await_file(/workspaces/simbricks-examples/first-steps/out/lab1_test1/dev.pci.client.)\n",
      "await_file(/workspaces/simbricks-examples/first-steps/out/lab1_test1/nic.eth.client.)\n",
      "my-simple-experiment: started nic.server.\n",
      "my-simple-experiment: started nic.client.\n",
      "my-simple-experiment: starting net.\n",
      "net. ERR: ['Switch connecting to: /workspaces/simbricks-examples/first-steps/out/lab1_test1/nic.eth.server.']\n",
      "net. ERR: ['Switch connecting to: /workspaces/simbricks-examples/first-steps/out/lab1_test1/nic.eth.client.']\n",
      "my-simple-experiment: started net.\n",
      "my-simple-experiment: starting host.server\n",
      "my-simple-experiment: starting host.client\n",
      "host.server ERR: [\"qemu-system-x86_64: warning: host doesn't support requested feature: CPUID.01H:ECX.pcid [bit 17]\"]\n",
      "host.server ERR: [\"qemu-system-x86_64: warning: host doesn't support requested feature: CPUID.07H:EBX.hle [bit 4]\"]\n",
      "host.server ERR: [\"qemu-system-x86_64: warning: host doesn't support requested feature: CPUID.07H:EBX.rtm [bit 11]\"]\n",
      "host.server ERR: [\"qemu-system-x86_64: warning: host doesn't support requested feature: CPUID.07H:EBX.avx512f [bit 16]\"]\n",
      "host.server ERR: [\"qemu-system-x86_64: warning: host doesn't support requested feature: CPUID.07H:EBX.avx512dq [bit 17]\"]\n",
      "host.server ERR: [\"qemu-system-x86_64: warning: host doesn't support requested feature: CPUID.07H:EBX.avx512cd [bit 28]\"]\n",
      "host.server ERR: [\"qemu-system-x86_64: warning: host doesn't support requested feature: CPUID.07H:EBX.avx512bw [bit 30]\"]\n",
      "host.server ERR: [\"qemu-system-x86_64: warning: host doesn't support requested feature: CPUID.07H:EBX.avx512vl [bit 31]\"]\n",
      "host.server ERR: [\"qemu-system-x86_64: warning: host doesn't support requested feature: CPUID.0DH:EAX [bit 5]\"]\n",
      "host.server ERR: [\"qemu-system-x86_64: warning: host doesn't support requested feature: CPUID.0DH:EAX [bit 6]\"]\n",
      "host.server ERR: [\"qemu-system-x86_64: warning: host doesn't support requested feature: CPUID.0DH:EAX [bit 7]\"]\n",
      "host.client ERR: [\"qemu-system-x86_64: warning: host doesn't support requested feature: CPUID.01H:ECX.pcid [bit 17]\"]\n",
      "host.client ERR: [\"qemu-system-x86_64: warning: host doesn't support requested feature: CPUID.07H:EBX.hle [bit 4]\"]\n",
      "host.client ERR: [\"qemu-system-x86_64: warning: host doesn't support requested feature: CPUID.07H:EBX.rtm [bit 11]\"]\n",
      "host.client ERR: [\"qemu-system-x86_64: warning: host doesn't support requested feature: CPUID.07H:EBX.avx512f [bit 16]\"]\n",
      "host.client ERR: [\"qemu-system-x86_64: warning: host doesn't support requested feature: CPUID.07H:EBX.avx512dq [bit 17]\"]\n",
      "host.client ERR: [\"qemu-system-x86_64: warning: host doesn't support requested feature: CPUID.07H:EBX.avx512cd [bit 28]\"]\n",
      "host.client ERR: [\"qemu-system-x86_64: warning: host doesn't support requested feature: CPUID.07H:EBX.avx512bw [bit 30]\"]\n",
      "host.client ERR: [\"qemu-system-x86_64: warning: host doesn't support requested feature: CPUID.07H:EBX.avx512vl [bit 31]\"]\n",
      "host.client ERR: [\"qemu-system-x86_64: warning: host doesn't support requested feature: CPUID.0DH:EAX [bit 5]\"]\n",
      "host.client ERR: [\"qemu-system-x86_64: warning: host doesn't support requested feature: CPUID.0DH:EAX [bit 6]\"]\n",
      "host.client ERR: [\"qemu-system-x86_64: warning: host doesn't support requested feature: CPUID.0DH:EAX [bit 7]\"]\n",
      "host.server OUT: ['Wrong EFI loader signature.\\r']\n",
      "host.server OUT: ['early console in extract_kernel\\r']\n",
      "host.server OUT: ['input_data: 0x00000000023793a8\\r']\n",
      "host.server OUT: ['input_len: 0x0000000000440087\\r']\n",
      "host.server OUT: ['output: 0x0000000001000000\\r']\n",
      "host.server OUT: ['output_len: 0x0000000001780a40\\r']\n",
      "host.server OUT: ['kernel_total_size: 0x0000000001626000\\r']\n",
      "host.server OUT: ['needed_size: 0x0000000001800000\\r']\n",
      "host.server OUT: ['trampoline_32bit: 0x000000000009d000\\r']\n",
      "host.server OUT: ['\\r']\n",
      "host.client OUT: ['Wrong EFI loader signature.\\r']\n",
      "host.client OUT: ['early console in extract_kernel\\r']\n",
      "host.client OUT: ['input_data: 0x00000000023793a8\\r']\n",
      "host.client OUT: ['input_len: 0x0000000000440087\\r']\n",
      "host.client OUT: ['output: 0x0000000001000000\\r']\n",
      "host.client OUT: ['output_len: 0x0000000001780a40\\r']\n",
      "host.client OUT: ['kernel_total_size: 0x0000000001626000\\r']\n",
      "host.client OUT: ['needed_size: 0x0000000001800000\\r']\n",
      "host.client OUT: ['trampoline_32bit: 0x000000000009d000\\r']\n",
      "host.client OUT: ['\\r']\n",
      "host.server OUT: ['Decompressing Linux... Parsing ELF... done.\\r']\n",
      "host.server OUT: ['Booting the kernel.\\r']\n",
      "host.server OUT: ['[    0.000000] Linux version 5.15.93 (root@buildkitsandbox) (gcc (Ubuntu 11.4.0-1ubuntu1~22.04) 11.4.0, GNU ld (GNU Binutils for Ubuntu) 2.38) #1 SMP Wed Aug 21 19:48:30 UTC 2024\\r']\n",
      "host.server OUT: ['[    0.000000] Command line: earlyprintk=ttyS0 console=ttyS0 root=/dev/sda1 init=/home/ubuntu/guestinit.sh rw\\r']\n",
      "host.server OUT: [\"[    0.000000] x86/fpu: Supporting XSAVE feature 0x001: 'x87 floating point registers'\\r\"]\n",
      "host.server OUT: [\"[    0.000000] x86/fpu: Supporting XSAVE feature 0x002: 'SSE registers'\\r\"]\n",
      "host.server OUT: [\"[    0.000000] x86/fpu: Supporting XSAVE feature 0x004: 'AVX registers'\\r\"]\n",
      "host.server OUT: [\"[    0.000000] x86/fpu: Supporting XSAVE feature 0x200: 'Protection Keys User registers'\\r\"]\n",
      "host.server OUT: ['[    0.000000] x86/fpu: xstate_offset[2]:  576, xstate_sizes[2]:  256\\r']\n",
      "host.server OUT: ['[    0.000000] x86/fpu: xstate_offset[9]: 2688, xstate_sizes[9]:    8\\r']\n",
      "host.server OUT: [\"[    0.000000] x86/fpu: Enabled xstate features 0x207, context size is 2696 bytes, using 'standard' format.\\r\"]\n",
      "host.server OUT: ['[    0.000000] signal: max sigframe size: 3632\\r']\n",
      "host.server OUT: ['[    0.000000] BIOS-provided physical RAM map:\\r']\n",
      "host.server OUT: ['[    0.000000] BIOS-e820: [mem 0x0000000000000000-0x000000000009fbff] usable\\r']\n",
      "host.server OUT: ['[    0.000000] BIOS-e820: [mem 0x000000000009fc00-0x000000000009ffff] reserved\\r']\n",
      "host.server OUT: ['[    0.000000] BIOS-e820: [mem 0x00000000000f0000-0x00000000000fffff] reserved\\r']\n",
      "host.server OUT: ['[    0.000000] BIOS-e820: [mem 0x0000000000100000-0x000000001ffddfff] usable\\r']\n",
      "host.server OUT: ['[    0.000000] BIOS-e820: [mem 0x000000001ffde000-0x000000001fffffff] reserved\\r']\n",
      "host.server OUT: ['[    0.000000] BIOS-e820: [mem 0x00000000b0000000-0x00000000bfffffff] reserved\\r']\n",
      "host.server OUT: ['[    0.000000] BIOS-e820: [mem 0x00000000fed1c000-0x00000000fed1ffff] reserved\\r']\n",
      "host.server OUT: ['[    0.000000] BIOS-e820: [mem 0x00000000feffc000-0x00000000feffffff] reserved\\r']\n",
      "host.server OUT: ['[    0.000000] BIOS-e820: [mem 0x00000000fffc0000-0x00000000ffffffff] reserved\\r']\n",
      "host.server OUT: ['[    0.000000] printk: bootconsole [earlyser0] enabled\\r']\n",
      "host.server OUT: ['[    0.000000] NX (Execute Disable) protection: active\\r']\n",
      "host.server OUT: ['[    0.000000] SMBIOS 2.8 present.\\r']\n",
      "host.server OUT: ['[    0.000000] DMI: QEMU Standard PC (Q35 + ICH9, 2009), BIOS rel-1.14.0-0-g155821a1990b-prebuilt.qemu.org 04/01/2014\\r']\n",
      "host.server OUT: ['[    0.000000] Hypervisor detected: KVM\\r']\n",
      "host.server OUT: ['[    0.000000] kvm-clock: Using msrs 4b564d01 and 4b564d00\\r']\n",
      "host.server OUT: ['[    0.000000] kvm-clock: cpu 0, msr 2396001, primary cpu clock\\r']\n",
      "host.server OUT: ['[    0.000003] kvm-clock: using sched offset of 134567017 cycles\\r']\n",
      "host.server OUT: ['[    0.000733] clocksource: kvm-clock: mask: 0xffffffffffffffff max_cycles: 0x1cd42e4dffb, max_idle_ns: 881590591483 ns\\r']\n",
      "host.server OUT: ['[    0.002851] tsc: Detected 2918.400 MHz processor\\r']\n",
      "host.server OUT: ['[    0.004196] last_pfn = 0x1ffde max_arch_pfn = 0x400000000\\r']\n",
      "host.server OUT: ['[    0.004961] x86/PAT: Configuration [0-7]: WB  WC  UC- UC  WB  WP  UC- WT  \\r']\n",
      "host.server OUT: ['[    0.008299] found SMP MP-table at [mem 0x000f5ab0-0x000f5abf]\\r']\n",
      "host.server OUT: ['[    0.009098] Using GB pages for direct mapping\\r']\n",
      "host.server OUT: ['[    0.009869] ACPI: Early table checksum verification disabled\\r']\n",
      "host.server OUT: ['[    0.010640] ACPI: RSDP 0x00000000000F58E0 000014 (v00 BOCHS )\\r']\n",
      "host.server OUT: ['[    0.011410] ACPI: RSDT 0x000000001FFE20CE 000038 (v01 BOCHS  BXPCRSDT 00000001 BXPC 00000001)\\r']\n",
      "host.server OUT: ['[    0.012548] ACPI: FACP 0x000000001FFE1EC6 0000F4 (v03 BOCHS  BXPCFACP 00000001 BXPC 00000001)\\r']\n",
      "host.server OUT: ['[    0.013676] ACPI: DSDT 0x000000001FFE0040 001E86 (v01 BOCHS  BXPCDSDT 00000001 BXPC 00000001)\\r']\n",
      "host.server OUT: ['[    0.014806] ACPI: FACS 0x000000001FFE0000 000040\\r']\n",
      "host.server OUT: ['[    0.015425] ACPI: APIC 0x000000001FFE1FBA 000078 (v01 BOCHS  BXPCAPIC 00000001 BXPC 00000001)\\r']\n",
      "host.server OUT: ['[    0.016535] ACPI: HPET 0x000000001FFE2032 000038 (v01 BOCHS  BXPCHPET 00000001 BXPC 00000001)\\r']\n",
      "host.server OUT: ['[    0.017642] ACPI: MCFG 0x000000001FFE206A 00003C (v01 BOCHS  BXPCMCFG 00000001 BXPC 00000001)\\r']\n",
      "host.server OUT: ['[    0.018745] ACPI: WAET 0x000000001FFE20A6 000028 (v01 BOCHS  BXPCWAET 00000001 BXPC 00000001)\\r']\n",
      "host.server OUT: ['[    0.019856] ACPI: Reserving FACP table memory at [mem 0x1ffe1ec6-0x1ffe1fb9]\\r']\n",
      "host.server OUT: ['[    0.020774] ACPI: Reserving DSDT table memory at [mem 0x1ffe0040-0x1ffe1ec5]\\r']\n",
      "host.server OUT: ['[    0.021701] ACPI: Reserving FACS table memory at [mem 0x1ffe0000-0x1ffe003f]\\r']\n",
      "host.server OUT: ['[    0.022629] ACPI: Reserving APIC table memory at [mem 0x1ffe1fba-0x1ffe2031]\\r']\n",
      "host.server OUT: ['[    0.023561] ACPI: Reserving HPET table memory at [mem 0x1ffe2032-0x1ffe2069]\\r']\n",
      "host.server OUT: ['[    0.024491] ACPI: Reserving MCFG table memory at [mem 0x1ffe206a-0x1ffe20a5]\\r']\n",
      "host.server OUT: ['[    0.025433] ACPI: Reserving WAET table memory at [mem 0x1ffe20a6-0x1ffe20cd]\\r']\n",
      "host.server OUT: ['[    0.026662] No NUMA configuration found\\r']\n",
      "host.server OUT: ['[    0.027171] Faking a node at [mem 0x0000000000000000-0x000000001ffddfff]\\r']\n",
      "host.server OUT: ['[    0.028060] NODE_DATA(0) allocated [mem 0x1ffbc000-0x1ffddfff]\\r']\n",
      "host.server OUT: ['[    0.029090] Zone ranges:\\r']\n",
      "host.server OUT: ['[    0.029427]   DMA      [mem 0x0000000000001000-0x0000000000ffffff]\\r']\n",
      "host.server OUT: ['[    0.030243]   DMA32    [mem 0x0000000001000000-0x000000001ffddfff]\\r']\n",
      "host.server OUT: ['[    0.031069]   Normal   empty\\r']\n",
      "host.server OUT: ['[    0.031450] Movable zone start for each node\\r']\n",
      "host.server OUT: ['[    0.032025] Early memory node ranges\\r']\n",
      "host.server OUT: ['[    0.032491]   node   0: [mem 0x0000000000001000-0x000000000009efff]\\r']\n",
      "host.server OUT: ['[    0.033318]   node   0: [mem 0x0000000000100000-0x000000001ffddfff]\\r']\n",
      "host.server OUT: ['[    0.034149] Initmem setup node 0 [mem 0x0000000000001000-0x000000001ffddfff]\\r']\n",
      "host.server OUT: ['[    0.035570] On node 0, zone DMA: 1 pages in unavailable ranges\\r']\n",
      "host.client OUT: ['Decompressing Linux... Parsing ELF... done.\\r']\n",
      "host.client OUT: ['Booting the kernel.\\r']\n",
      "host.server OUT: ['[    0.035601] On node 0, zone DMA: 97 pages in unavailable ranges\\r']\n",
      "host.server OUT: ['[    0.038718] On node 0, zone DMA32: 34 pages in unavailable ranges\\r']\n",
      "host.client OUT: ['[    0.000000] Linux version 5.15.93 (root@buildkitsandbox) (gcc (Ubuntu 11.4.0-1ubuntu1~22.04) 11.4.0, GNU ld (GNU Binutils for Ubuntu) 2.38) #1 SMP Wed Aug 21 19:48:30 UTC 2024\\r']\n",
      "host.server OUT: ['[    0.039874] ACPI: PM-Timer IO Port: 0x608\\r']\n",
      "host.client OUT: ['[    0.000000] Command line: earlyprintk=ttyS0 console=ttyS0 root=/dev/sda1 init=/home/ubuntu/guestinit.sh rw\\r']\n",
      "host.server OUT: ['[    0.041241] ACPI: LAPIC_NMI (acpi_id[0xff] dfl dfl lint[0x1])\\r']\n",
      "host.client OUT: [\"[    0.000000] x86/fpu: Supporting XSAVE feature 0x001: 'x87 floating point registers'\\r\"]\n",
      "host.server OUT: ['[    0.042056] IOAPIC[0]: apic_id 0, version 17, address 0xfec00000, GSI 0-23\\r']\n",
      "host.client OUT: [\"[    0.000000] x86/fpu: Supporting XSAVE feature 0x002: 'SSE registers'\\r\"]\n",
      "host.server OUT: ['[    0.042963] ACPI: INT_SRC_OVR (bus 0 bus_irq 0 global_irq 2 dfl dfl)\\r']\n",
      "host.server OUT: ['[    0.043801] ACPI: INT_SRC_OVR (bus 0 bus_irq 5 global_irq 5 high level)\\r']\n",
      "host.client OUT: [\"[    0.000000] x86/fpu: Supporting XSAVE feature 0x004: 'AVX registers'\\r\"]\n",
      "host.server OUT: ['[    0.044663] ACPI: INT_SRC_OVR (bus 0 bus_irq 9 global_irq 9 high level)\\r']\n",
      "host.client OUT: [\"[    0.000000] x86/fpu: Supporting XSAVE feature 0x200: 'Protection Keys User registers'\\r\"]\n",
      "host.server OUT: ['[    0.045530] ACPI: INT_SRC_OVR (bus 0 bus_irq 10 global_irq 10 high level)\\r']\n",
      "host.client OUT: ['[    0.000000] x86/fpu: xstate_offset[2]:  576, xstate_sizes[2]:  256\\r']\n",
      "host.server OUT: ['[    0.046414] ACPI: INT_SRC_OVR (bus 0 bus_irq 11 global_irq 11 high level)\\r']\n",
      "host.client OUT: ['[    0.000000] x86/fpu: xstate_offset[9]: 2688, xstate_sizes[9]:    8\\r']\n",
      "host.server OUT: ['[    0.047304] ACPI: Using ACPI (MADT) for SMP configuration information\\r']\n",
      "host.server OUT: ['[    0.048150] ACPI: HPET id: 0x8086a201 base: 0xfed00000\\r']\n",
      "host.client OUT: [\"[    0.000000] x86/fpu: Enabled xstate features 0x207, context size is 2696 bytes, using 'standard' format.\\r\"]\n",
      "host.server OUT: ['[    0.048818] TSC deadline timer available\\r']\n",
      "host.client OUT: ['[    0.000000] signal: max sigframe size: 3632\\r']\n",
      "host.client OUT: ['[    0.000000] BIOS-provided physical RAM map:\\r']\n",
      "host.server OUT: ['[    0.049336] smpboot: Allowing 1 CPUs, 0 hotplug CPUs\\r']\n",
      "host.server OUT: ['[    0.050010] [mem 0x20000000-0xafffffff] available for PCI devices\\r']\n",
      "host.client OUT: ['[    0.000000] BIOS-e820: [mem 0x0000000000000000-0x000000000009fbff] usable\\r']\n",
      "host.server OUT: ['[    0.050807] Booting paravirtualized kernel on KVM\\r']\n",
      "host.client OUT: ['[    0.000000] BIOS-e820: [mem 0x000000000009fc00-0x000000000009ffff] reserved\\r']\n",
      "host.server OUT: ['[    0.051425] clocksource: refined-jiffies: mask: 0xffffffff max_cycles: 0xffffffff, max_idle_ns: 1910969940391419 ns\\r']\n",
      "host.client OUT: ['[    0.000000] BIOS-e820: [mem 0x00000000000f0000-0x00000000000fffff] reserved\\r']\n",
      "host.client OUT: ['[    0.000000] BIOS-e820: [mem 0x0000000000100000-0x000000001ffddfff] usable\\r']\n",
      "host.client OUT: ['[    0.000000] BIOS-e820: [mem 0x000000001ffde000-0x000000001fffffff] reserved\\r']\n",
      "host.client OUT: ['[    0.000000] BIOS-e820: [mem 0x00000000b0000000-0x00000000bfffffff] reserved\\r']\n",
      "host.client OUT: ['[    0.000000] BIOS-e820: [mem 0x00000000fed1c000-0x00000000fed1ffff] reserved\\r']\n",
      "host.client OUT: ['[    0.000000] BIOS-e820: [mem 0x00000000feffc000-0x00000000feffffff] reserved\\r']\n",
      "host.client OUT: ['[    0.000000] BIOS-e820: [mem 0x00000000fffc0000-0x00000000ffffffff] reserved\\r']\n",
      "host.client OUT: ['[    0.000000] printk: bootconsole [earlyser0] enabled\\r']\n",
      "host.client OUT: ['[    0.000000] NX (Execute Disable) protection: active\\r']\n",
      "host.server OUT: ['[    0.057339] setup_percpu: NR_CPUS:8192 nr_cpumask_bits:1 nr_cpu_ids:1 nr_node_ids:1\\r']\n",
      "host.client OUT: ['[    0.000000] SMBIOS 2.8 present.\\r']\n",
      "host.client OUT: ['[    0.000000] DMI: QEMU Standard PC (Q35 + ICH9, 2009), BIOS rel-1.14.0-0-g155821a1990b-prebuilt.qemu.org 04/01/2014\\r']\n",
      "host.client OUT: ['[    0.000000] Hypervisor detected: KVM\\r']\n",
      "host.client OUT: ['[    0.000000] kvm-clock: Using msrs 4b564d01 and 4b564d00\\r']\n",
      "host.server OUT: ['[    0.058875] percpu: Embedded 50 pages/cpu s166936 r8192 d29672 u2097152\\r']\n",
      "host.client OUT: ['[    0.000000] kvm-clock: cpu 0, msr 2396001, primary cpu clock\\r']\n",
      "host.client OUT: ['[    0.000004] kvm-clock: using sched offset of 192769370 cycles\\r']\n",
      "host.server OUT: ['[    0.059775] kvm-guest: stealtime: cpu 0, msr 1f41b000\\r']\n",
      "host.client OUT: ['[    0.000432] clocksource: kvm-clock: mask: 0xffffffffffffffff max_cycles: 0x1cd42e4dffb, max_idle_ns: 881590591483 ns\\r']\n",
      "host.client OUT: ['[    0.001652] tsc: Detected 2918.400 MHz processor\\r']\n",
      "host.server OUT: ['[    0.060458] Built 1 zonelists, mobility grouping on.  Total pages: 128990\\r']\n",
      "host.server OUT: ['[    0.061360] Policy zone: DMA32\\r']\n",
      "host.server OUT: ['[    0.061765] Kernel command line: earlyprintk=ttyS0 console=ttyS0 root=/dev/sda1 init=/home/ubuntu/guestinit.sh rw\\r']\n",
      "host.client OUT: ['[    0.002331] last_pfn = 0x1ffde max_arch_pfn = 0x400000000\\r']\n",
      "host.client OUT: ['[    0.002767] x86/PAT: Configuration [0-7]: WB  WC  UC- UC  WB  WP  UC- WT  \\r']\n",
      "host.server OUT: ['[    0.063195] Dentry cache hash table entries: 65536 (order: 7, 524288 bytes, linear)\\r']\n",
      "host.server OUT: ['[    0.064239] Inode-cache hash table entries: 32768 (order: 6, 262144 bytes, linear)\\r']\n",
      "host.server OUT: ['[    0.065269] mem auto-init: stack:off, heap alloc:off, heap free:off\\r']\n",
      "host.client OUT: ['[    0.005925] found SMP MP-table at [mem 0x000f5ab0-0x000f5abf]\\r']\n",
      "host.client OUT: ['[    0.006368] Using GB pages for direct mapping\\r']\n",
      "host.client OUT: ['[    0.006780] ACPI: Early table checksum verification disabled\\r']\n",
      "host.client OUT: ['[    0.007201] ACPI: RSDP 0x00000000000F58E0 000014 (v00 BOCHS )\\r']\n",
      "host.client OUT: ['[    0.007637] ACPI: RSDT 0x000000001FFE20CE 000038 (v01 BOCHS  BXPCRSDT 00000001 BXPC 00000001)\\r']\n",
      "host.client OUT: ['[    0.008268] ACPI: FACP 0x000000001FFE1EC6 0000F4 (v03 BOCHS  BXPCFACP 00000001 BXPC 00000001)\\r']\n",
      "host.client OUT: ['[    0.008896] ACPI: DSDT 0x000000001FFE0040 001E86 (v01 BOCHS  BXPCDSDT 00000001 BXPC 00000001)\\r']\n",
      "host.server OUT: ['[    0.067523] Memory: 492000K/523760K available (8197K kernel code, 1892K rwdata, 2212K rodata, 1920K init, 2560K bss, 31504K reserved, 0K cma-reserved)\\r']\n",
      "host.client OUT: ['[    0.009516] ACPI: FACS 0x000000001FFE0000 000040\\r']\n",
      "host.client OUT: ['[    0.009854] ACPI: APIC 0x000000001FFE1FBA 000078 (v01 BOCHS  BXPCAPIC 00000001 BXPC 00000001)\\r']\n",
      "host.server OUT: ['[    0.069699] rcu: Hierarchical RCU implementation.\\r']\n",
      "host.client OUT: ['[    0.010485] ACPI: HPET 0x000000001FFE2032 000038 (v01 BOCHS  BXPCHPET 00000001 BXPC 00000001)\\r']\n",
      "host.client OUT: ['[    0.011109] ACPI: MCFG 0x000000001FFE206A 00003C (v01 BOCHS  BXPCMCFG 00000001 BXPC 00000001)\\r']\n",
      "host.server OUT: ['[    0.070319] rcu: \\tRCU restricting CPUs from NR_CPUS=8192 to nr_cpu_ids=1.\\r']\n",
      "host.client OUT: ['[    0.011738] ACPI: WAET 0x000000001FFE20A6 000028 (v01 BOCHS  BXPCWAET 00000001 BXPC 00000001)\\r']\n",
      "host.client OUT: ['[    0.012382] ACPI: Reserving FACP table memory at [mem 0x1ffe1ec6-0x1ffe1fb9]\\r']\n",
      "host.server OUT: ['[    0.071202] rcu: RCU calculated value of scheduler-enlistment delay is 100 jiffies.\\r']\n",
      "host.client OUT: ['[    0.012901] ACPI: Reserving DSDT table memory at [mem 0x1ffe0040-0x1ffe1ec5]\\r']\n",
      "host.server OUT: ['[    0.072196] rcu: Adjusting geometry for rcu_fanout_leaf=16, nr_cpu_ids=1\\r']\n",
      "host.client OUT: ['[    0.013421] ACPI: Reserving FACS table memory at [mem 0x1ffe0000-0x1ffe003f]\\r']\n",
      "host.client OUT: ['[    0.013934] ACPI: Reserving APIC table memory at [mem 0x1ffe1fba-0x1ffe2031]\\r']\n",
      "host.server OUT: ['[    0.073508] NR_IRQS: 524544, nr_irqs: 256, preallocated irqs: 16\\r']\n",
      "host.client OUT: ['[    0.014467] ACPI: Reserving HPET table memory at [mem 0x1ffe2032-0x1ffe2069]\\r']\n",
      "host.server OUT: ['[    0.074490] random: crng init done\\r']\n",
      "host.client OUT: ['[    0.014993] ACPI: Reserving MCFG table memory at [mem 0x1ffe206a-0x1ffe20a5]\\r']\n",
      "host.client OUT: ['[    0.015513] ACPI: Reserving WAET table memory at [mem 0x1ffe20a6-0x1ffe20cd]\\r']\n",
      "host.client OUT: ['[    0.016206] No NUMA configuration found\\r']\n",
      "host.client OUT: ['[    0.016492] Faking a node at [mem 0x0000000000000000-0x000000001ffddfff]\\r']\n",
      "host.client OUT: ['[    0.016985] NODE_DATA(0) allocated [mem 0x1ffbc000-0x1ffddfff]\\r']\n",
      "host.client OUT: ['[    0.017583] Zone ranges:\\r']\n",
      "host.client OUT: ['[    0.017775]   DMA      [mem 0x0000000000001000-0x0000000000ffffff]\\r']\n",
      "host.client OUT: ['[    0.018229]   DMA32    [mem 0x0000000001000000-0x000000001ffddfff]\\r']\n",
      "host.client OUT: ['[    0.018688]   Normal   empty\\r']\n",
      "host.client OUT: ['[    0.018898] Movable zone start for each node\\r']\n",
      "host.client OUT: ['[    0.019216] Early memory node ranges\\r']\n",
      "host.client OUT: ['[    0.019480]   node   0: [mem 0x0000000000001000-0x000000000009efff]\\r']\n",
      "host.client OUT: ['[    0.019938]   node   0: [mem 0x0000000000100000-0x000000001ffddfff]\\r']\n",
      "host.client OUT: ['[    0.020397] Initmem setup node 0 [mem 0x0000000000001000-0x000000001ffddfff]\\r']\n",
      "host.client OUT: ['[    0.021138] On node 0, zone DMA: 1 pages in unavailable ranges\\r']\n",
      "host.client OUT: ['[    0.021154] On node 0, zone DMA: 97 pages in unavailable ranges\\r']\n",
      "host.client OUT: ['[    0.022752] On node 0, zone DMA32: 34 pages in unavailable ranges\\r']\n",
      "host.client OUT: ['[    0.023402] ACPI: PM-Timer IO Port: 0x608\\r']\n",
      "host.client OUT: ['[    0.024141] ACPI: LAPIC_NMI (acpi_id[0xff] dfl dfl lint[0x1])\\r']\n",
      "host.client OUT: ['[    0.024599] IOAPIC[0]: apic_id 0, version 17, address 0xfec00000, GSI 0-23\\r']\n",
      "host.client OUT: ['[    0.025120] ACPI: INT_SRC_OVR (bus 0 bus_irq 0 global_irq 2 dfl dfl)\\r']\n",
      "host.client OUT: ['[    0.025609] ACPI: INT_SRC_OVR (bus 0 bus_irq 5 global_irq 5 high level)\\r']\n",
      "host.client OUT: ['[    0.026114] ACPI: INT_SRC_OVR (bus 0 bus_irq 9 global_irq 9 high level)\\r']\n",
      "host.client OUT: ['[    0.026619] ACPI: INT_SRC_OVR (bus 0 bus_irq 10 global_irq 10 high level)\\r']\n",
      "host.client OUT: ['[    0.027114] ACPI: INT_SRC_OVR (bus 0 bus_irq 11 global_irq 11 high level)\\r']\n",
      "host.client OUT: ['[    0.027615] ACPI: Using ACPI (MADT) for SMP configuration information\\r']\n",
      "host.client OUT: ['[    0.028086] ACPI: HPET id: 0x8086a201 base: 0xfed00000\\r']\n",
      "host.client OUT: ['[    0.028467] TSC deadline timer available\\r']\n",
      "host.client OUT: ['[    0.028756] smpboot: Allowing 1 CPUs, 0 hotplug CPUs\\r']\n",
      "host.client OUT: ['[    0.029137] [mem 0x20000000-0xafffffff] available for PCI devices\\r']\n",
      "host.client OUT: ['[    0.029584] Booting paravirtualized kernel on KVM\\r']\n",
      "host.client OUT: ['[    0.029952] clocksource: refined-jiffies: mask: 0xffffffff max_cycles: 0xffffffff, max_idle_ns: 1910969940391419 ns\\r']\n",
      "host.client OUT: ['[    0.033763] setup_percpu: NR_CPUS:8192 nr_cpumask_bits:1 nr_cpu_ids:1 nr_node_ids:1\\r']\n",
      "host.client OUT: ['[    0.034705] percpu: Embedded 50 pages/cpu s166936 r8192 d29672 u2097152\\r']\n",
      "host.client OUT: ['[    0.035374] kvm-guest: stealtime: cpu 0, msr 1f41b000\\r']\n",
      "host.client OUT: ['[    0.036079] Built 1 zonelists, mobility grouping on.  Total pages: 128990\\r']\n",
      "host.client OUT: ['[    0.036792] Policy zone: DMA32\\r']\n",
      "host.server OUT: ['[    0.096684] Console: colour VGA+ 80x25\\r']\n",
      "host.client OUT: ['[    0.037028] Kernel command line: earlyprintk=ttyS0 console=ttyS0 root=/dev/sda1 init=/home/ubuntu/guestinit.sh rw\\r']\n",
      "host.server OUT: ['[    0.097225] printk: console [ttyS0] enabled\\r']\n",
      "host.client OUT: ['[    0.037860] Dentry cache hash table entries: 65536 (order: 7, 524288 bytes, linear)\\r']\n",
      "host.server OUT: ['[    0.097225] printk: console [ttyS0] enabled\\r']\n",
      "host.client OUT: ['[    0.038461] Inode-cache hash table entries: 32768 (order: 6, 262144 bytes, linear)\\r']\n",
      "host.server OUT: ['[    0.098334] printk: bootconsole [earlyser0] disabled\\r']\n",
      "host.client OUT: ['[    0.039081] mem auto-init: stack:off, heap alloc:off, heap free:off\\r']\n",
      "host.server OUT: ['[    0.098334] printk: bootconsole [earlyser0] disabled\\r']\n",
      "host.server OUT: ['[    0.099683] ACPI: Core revision 20210730\\r']\n",
      "host.server OUT: ['[    0.100382] clocksource: hpet: mask: 0xffffffff max_cycles: 0xffffffff, max_idle_ns: 19112604467 ns\\r']\n",
      "host.client OUT: ['[    0.041315] Memory: 492000K/523760K available (8197K kernel code, 1892K rwdata, 2212K rodata, 1920K init, 2560K bss, 31504K reserved, 0K cma-reserved)\\r']\n",
      "host.server OUT: ['[    0.101713] APIC: Switch to symmetric I/O mode setup\\r']\n",
      "host.client OUT: ['[    0.042671] rcu: Hierarchical RCU implementation.\\r']\n",
      "host.client OUT: ['[    0.043005] rcu: \\tRCU restricting CPUs from NR_CPUS=8192 to nr_cpu_ids=1.\\r']\n",
      "host.client OUT: ['[    0.043511] rcu: RCU calculated value of scheduler-enlistment delay is 100 jiffies.\\r']\n",
      "host.client OUT: ['[    0.044051] rcu: Adjusting geometry for rcu_fanout_leaf=16, nr_cpu_ids=1\\r']\n",
      "host.server OUT: ['[    0.103508] ..TIMER: vector=0x30 apic1=0 pin1=2 apic2=-1 pin2=-1\\r']\n",
      "host.client OUT: ['[    0.044806] NR_IRQS: 524544, nr_irqs: 256, preallocated irqs: 16\\r']\n",
      "host.client OUT: ['[    0.045389] random: crng init done\\r']\n",
      "host.server OUT: ['[    0.104367] clocksource: tsc-early: mask: 0xffffffffffffffff max_cycles: 0x2a11290c0c8, max_idle_ns: 440795344938 ns\\r']\n",
      "host.server OUT: ['[    0.105782] Calibrating delay loop (skipped) preset value.. 5836.80 BogoMIPS (lpj=2918400)\\r']\n",
      "host.server OUT: ['[    0.106783] pid_max: default: 32768 minimum: 301\\r']\n",
      "host.server OUT: ['[    0.107457] Mount-cache hash table entries: 1024 (order: 1, 8192 bytes, linear)\\r']\n",
      "host.server OUT: ['[    0.107784] Mountpoint-cache hash table entries: 1024 (order: 1, 8192 bytes, linear)\\r']\n",
      "host.server OUT: ['[    0.109973] Last level iTLB entries: 4KB 0, 2MB 0, 4MB 0\\r']\n",
      "host.server OUT: ['[    0.110682] Last level dTLB entries: 4KB 0, 2MB 0, 4MB 0, 1GB 0\\r']\n",
      "host.server OUT: ['[    0.110784] Spectre V1 : Mitigation: usercopy/swapgs barriers and __user pointer sanitization\\r']\n",
      "host.server OUT: ['[    0.111784] Spectre V2 : Kernel not compiled with retpoline; no mitigation available!\\r']\n",
      "host.server OUT: ['[    0.111785] Spectre V2 : Vulnerable\\r']\n",
      "host.client OUT: ['[    0.055060] Console: colour VGA+ 80x25\\r']\n",
      "host.server OUT: ['[    0.113783] Spectre V2 : Spectre v2 / SpectreRSB mitigation: Filling RSB on context switch\\r']\n",
      "host.client OUT: ['[    0.055355] printk: console [ttyS0] enabled\\r']\n",
      "host.client OUT: ['[    0.055355] printk: console [ttyS0] enabled\\r']\n",
      "host.client OUT: ['[    0.055982] printk: bootconsole [earlyser0] disabled\\r']\n",
      "host.server OUT: ['[    0.114783] RETBleed: WARNING: Spectre v2 mitigation leaves CPU vulnerable to RETBleed attacks, data leaks possible!\\r']\n",
      "host.server OUT: ['[    0.115783] RETBleed: Vulnerable\\r']\n",
      "host.server OUT: ['[    0.116783] Speculative Store Bypass: Vulnerable\\r']\n",
      "host.client OUT: ['[    0.055982] printk: bootconsole [earlyser0] disabled\\r']\n",
      "host.client OUT: ['[    0.057025] ACPI: Core revision 20210730\\r']\n",
      "host.client OUT: ['[    0.057578] clocksource: hpet: mask: 0xffffffff max_cycles: 0xffffffff, max_idle_ns: 19112604467 ns\\r']\n",
      "host.client OUT: ['[    0.058480] APIC: Switch to symmetric I/O mode setup\\r']\n",
      "host.server OUT: ['[    0.117384] MDS: Vulnerable: Clear CPU buffers attempted, no microcode\\r']\n",
      "host.server OUT: ['[    0.117783] MMIO Stale Data: Vulnerable: Clear CPU buffers attempted, no microcode\\r']\n",
      "host.client OUT: ['[    0.059890] ..TIMER: vector=0x30 apic1=0 pin1=2 apic2=-1 pin2=-1\\r']\n",
      "host.client OUT: ['[    0.060549] clocksource: tsc-early: mask: 0xffffffffffffffff max_cycles: 0x2a11290c0c8, max_idle_ns: 440795344938 ns\\r']\n",
      "host.client OUT: ['[    0.061502] Calibrating delay loop (skipped) preset value.. 5836.80 BogoMIPS (lpj=2918400)\\r']\n",
      "host.server OUT: ['[    0.121543] Freeing SMP alternatives memory: 12K\\r']\n",
      "host.client OUT: ['[    0.062287] pid_max: default: 32768 minimum: 301\\r']\n",
      "host.client OUT: ['[    0.062539] Mount-cache hash table entries: 1024 (order: 1, 8192 bytes, linear)\\r']\n",
      "host.server OUT: ['[    0.121889] smpboot: CPU0: Intel Xeon Processor (Skylake) (family: 0x6, model: 0x55, stepping: 0x4)\\r']\n",
      "host.client OUT: ['[    0.063504] Mountpoint-cache hash table entries: 1024 (order: 1, 8192 bytes, linear)\\r']\n",
      "host.client OUT: ['[    0.064559] Last level iTLB entries: 4KB 0, 2MB 0, 4MB 0\\r']\n",
      "host.server OUT: ['[    0.122871] Performance Events: unsupported p6 CPU model 85 no PMU driver, software events only.\\r']\n",
      "host.client OUT: ['[    0.064978] Last level dTLB entries: 4KB 0, 2MB 0, 4MB 0, 1GB 0\\r']\n",
      "host.server OUT: ['[    0.123834] rcu: Hierarchical SRCU implementation.\\r']\n",
      "host.server OUT: ['[    0.124520] smp: Bringing up secondary CPUs ...\\r']\n",
      "host.client OUT: ['[    0.065503] Spectre V1 : Mitigation: usercopy/swapgs barriers and __user pointer sanitization\\r']\n",
      "host.server OUT: ['[    0.124785] smp: Brought up 1 node, 1 CPU\\r']\n",
      "host.server OUT: ['[    0.125314] smpboot: Max logical packages: 1\\r']\n",
      "host.client OUT: ['[    0.066504] Spectre V2 : Kernel not compiled with retpoline; no mitigation available!\\r']\n",
      "host.client OUT: ['[    0.066506] Spectre V2 : Vulnerable\\r']\n",
      "host.server OUT: ['[    0.125785] smpboot: Total of 1 processors activated (5836.80 BogoMIPS)\\r']\n",
      "host.server OUT: ['[    0.126798] devtmpfs: initialized\\r']\n",
      "host.client OUT: ['[    0.067968] Spectre V2 : Spectre v2 / SpectreRSB mitigation: Filling RSB on context switch\\r']\n",
      "host.server OUT: ['[    0.127281] x86/mm: Memory block size: 128MB\\r']\n",
      "host.client OUT: ['[    0.068503] RETBleed: WARNING: Spectre v2 mitigation leaves CPU vulnerable to RETBleed attacks, data leaks possible!\\r']\n",
      "host.server OUT: ['[    0.127927] clocksource: jiffies: mask: 0xffffffff max_cycles: 0xffffffff, max_idle_ns: 1911260446275000 ns\\r']\n",
      "host.client OUT: ['[    0.069503] RETBleed: Vulnerable\\r']\n",
      "host.server OUT: ['[    0.128787] futex hash table entries: 256 (order: 2, 16384 bytes, linear)\\r']\n",
      "host.client OUT: ['[    0.069924] Speculative Store Bypass: Vulnerable\\r']\n",
      "host.server OUT: ['[    0.129713] \\r']\n",
      "host.client OUT: ['[    0.070504] MDS: Vulnerable: Clear CPU buffers attempted, no microcode\\r']\n",
      "host.server OUT: ['[    0.129784] *************************************************************\\r']\n",
      "host.client OUT: ['[    0.071502] MMIO Stale Data: Vulnerable: Clear CPU buffers attempted, no microcode\\r']\n",
      "host.server OUT: ['[    0.130664] **     NOTICE NOTICE NOTICE NOTICE NOTICE NOTICE NOTICE    **\\r']\n",
      "host.server OUT: ['[    0.130784] **                                                         **\\r']\n",
      "host.server OUT: ['[    0.131658] **  IOMMU DebugFS SUPPORT HAS BEEN ENABLED IN THIS KERNEL  **\\r']\n",
      "host.server OUT: ['[    0.131784] **                                                         **\\r']\n",
      "host.client OUT: ['[    0.074874] Freeing SMP alternatives memory: 12K\\r']\n",
      "host.server OUT: ['[    0.132662] ** This means that this kernel is built to expose internal **\\r']\n",
      "host.client OUT: ['[    0.075606] smpboot: CPU0: Intel Xeon Processor (Skylake) (family: 0x6, model: 0x55, stepping: 0x4)\\r']\n",
      "host.server OUT: ['[    0.132784] ** IOMMU data structures, which may compromise security on **\\r']\n",
      "host.client OUT: ['[    0.076584] Performance Events: unsupported p6 CPU model 85 no PMU driver, software events only.\\r']\n",
      "host.server OUT: ['[    0.133662] ** your system.                                            **\\r']\n",
      "host.client OUT: ['[    0.077548] rcu: Hierarchical SRCU implementation.\\r']\n",
      "host.server OUT: ['[    0.133784] **                                                         **\\r']\n",
      "host.client OUT: ['[    0.078219] smp: Bringing up secondary CPUs ...\\r']\n",
      "host.client OUT: ['[    0.078505] smp: Brought up 1 node, 1 CPU\\r']\n",
      "host.server OUT: ['[    0.134665] ** If you see this message and you are not debugging the   **\\r']\n",
      "host.client OUT: ['[    0.079034] smpboot: Max logical packages: 1\\r']\n",
      "host.server OUT: ['[    0.134784] ** kernel, report this immediately to your vendor!         **\\r']\n",
      "host.client OUT: ['[    0.079504] smpboot: Total of 1 processors activated (5836.80 BogoMIPS)\\r']\n",
      "host.server OUT: ['[    0.135664] **                                                         **\\r']\n",
      "host.client OUT: ['[    0.080515] devtmpfs: initialized\\r']\n",
      "host.client OUT: ['[    0.080998] x86/mm: Memory block size: 128MB\\r']\n",
      "host.client OUT: ['[    0.081615] clocksource: jiffies: mask: 0xffffffff max_cycles: 0xffffffff, max_idle_ns: 1911260446275000 ns\\r']\n",
      "host.client OUT: ['[    0.082348] futex hash table entries: 256 (order: 2, 16384 bytes, linear)\\r']\n",
      "host.client OUT: ['[    0.082544] \\r']\n",
      "host.client OUT: ['[    0.082657] *************************************************************\\r']\n",
      "host.client OUT: ['[    0.083143] **     NOTICE NOTICE NOTICE NOTICE NOTICE NOTICE NOTICE    **\\r']\n",
      "host.server OUT: ['[    0.135784] **     NOTICE NOTICE NOTICE NOTICE NOTICE NOTICE NOTICE    **\\r']\n",
      "host.server OUT: ['[    0.136672] *************************************************************\\r']\n",
      "host.server OUT: ['[    0.136868] NET: Registered PF_NETLINK/PF_ROUTE protocol family\\r']\n",
      "host.server OUT: ['[    0.137732] audit: initializing netlink subsys (disabled)\\r']\n",
      "host.client OUT: ['[    0.083503] **                                                         **\\r']\n",
      "host.client OUT: ['[    0.083993] **  IOMMU DebugFS SUPPORT HAS BEEN ENABLED IN THIS KERNEL  **\\r']\n",
      "host.client OUT: ['[    0.084478] **                                                         **\\r']\n",
      "host.client OUT: ['[    0.084504] ** This means that this kernel is built to expose internal **\\r']\n",
      "host.client OUT: ['[    0.084988] ** IOMMU data structures, which may compromise security on **\\r']\n",
      "host.client OUT: ['[    0.085476] ** your system.                                            **\\r']\n",
      "host.client OUT: ['[    0.085504] **                                                         **\\r']\n",
      "host.client OUT: ['[    0.085994] ** If you see this message and you are not debugging the   **\\r']\n",
      "host.client OUT: ['[    0.086478] ** kernel, report this immediately to your vendor!         **\\r']\n",
      "host.client OUT: ['[    0.086504] **                                                         **\\r']\n",
      "host.client OUT: ['[    0.086992] **     NOTICE NOTICE NOTICE NOTICE NOTICE NOTICE NOTICE    **\\r']\n",
      "host.server OUT: [\"[    0.137875] thermal_sys: Registered thermal governor 'step_wise'\\r\"]\n",
      "host.server OUT: [\"[    0.137877] thermal_sys: Registered thermal governor 'user_space'\\r\"]\n",
      "host.server OUT: ['[    0.138681] cpuidle: using governor ladder\\r']\n",
      "host.server OUT: ['[    0.139372] ACPI: bus type PCI registered\\r']\n",
      "host.server OUT: ['[    0.139785] acpiphp: ACPI Hot Plug PCI Controller Driver version: 0.5\\r']\n",
      "host.server OUT: ['[    0.140701] PCI: MMCONFIG for domain 0000 [bus 00-ff] at [mem 0xb0000000-0xbfffffff] (base 0xb0000000)\\r']\n",
      "host.client OUT: ['[    0.087483] *************************************************************\\r']\n",
      "host.client OUT: ['[    0.087563] NET: Registered PF_NETLINK/PF_ROUTE protocol family\\r']\n",
      "host.client OUT: ['[    0.088046] audit: initializing netlink subsys (disabled)\\r']\n",
      "host.client OUT: [\"[    0.088510] thermal_sys: Registered thermal governor 'step_wise'\\r\"]\n",
      "host.client OUT: [\"[    0.088511] thermal_sys: Registered thermal governor 'user_space'\\r\"]\n",
      "host.client OUT: ['[    0.088946] cpuidle: using governor ladder\\r']\n",
      "host.client OUT: ['[    0.089528] ACPI: bus type PCI registered\\r']\n",
      "host.client OUT: ['[    0.089817] acpiphp: ACPI Hot Plug PCI Controller Driver version: 0.5\\r']\n",
      "host.client OUT: ['[    0.090318] PCI: MMCONFIG for domain 0000 [bus 00-ff] at [mem 0xb0000000-0xbfffffff] (base 0xb0000000)\\r']\n",
      "host.client OUT: ['[    0.090505] PCI: MMCONFIG at [mem 0xb0000000-0xbfffffff] reserved in E820\\r']\n",
      "host.client OUT: ['[    0.091001] PCI: Using configuration type 1 for base access\\r']\n",
      "host.client OUT: ['[    0.091885] audit: type=2000 audit(1724318870.374:1): state=initialized audit_enabled=0 res=1\\r']\n",
      "host.server OUT: ['[    0.140788] PCI: MMCONFIG at [mem 0xb0000000-0xbfffffff] reserved in E820\\r']\n",
      "host.server OUT: ['[    0.141697] PCI: Using configuration type 1 for base access\\r']\n",
      "host.server OUT: ['[    0.142559] audit: type=2000 audit(1724318870.349:1): state=initialized audit_enabled=0 res=1\\r']\n",
      "host.server OUT: ['[    0.142846] HugeTLB registered 1.00 GiB page size, pre-allocated 0 pages\\r']\n",
      "host.server OUT: ['[    0.143723] HugeTLB registered 2.00 MiB page size, pre-allocated 0 pages\\r']\n",
      "host.server OUT: ['[    0.144421] ACPI: Added _OSI(Module Device)\\r']\n",
      "host.client OUT: ['[    0.092537] HugeTLB registered 1.00 GiB page size, pre-allocated 0 pages\\r']\n",
      "host.client OUT: ['[    0.093013] HugeTLB registered 2.00 MiB page size, pre-allocated 0 pages\\r']\n",
      "host.client OUT: ['[    0.093915] ACPI: Added _OSI(Module Device)\\r']\n",
      "host.client OUT: ['[    0.094223] ACPI: Added _OSI(Processor Device)\\r']\n",
      "host.client OUT: ['[    0.094509] ACPI: Added _OSI(3.0 _SCP Extensions)\\r']\n",
      "host.client OUT: ['[    0.094885] ACPI: Added _OSI(Processor Aggregator Device)\\r']\n",
      "host.client OUT: ['[    0.095317] ACPI: Added _OSI(Linux-Dell-Video)\\r']\n",
      "host.client OUT: ['[    0.095503] ACPI: Added _OSI(Linux-Lenovo-NV-HDMI-Audio)\\r']\n",
      "host.client OUT: ['[    0.095941] ACPI: Added _OSI(Linux-HPI-Hybrid-Graphics)\\r']\n",
      "host.client OUT: ['[    0.096848] ACPI: 1 ACPI AML tables successfully acquired and loaded\\r']\n",
      "host.client OUT: ['[    0.097911] ACPI: Interpreter enabled\\r']\n",
      "host.client OUT: ['[    0.098185] ACPI: PM: (supports S0 S5)\\r']\n",
      "host.client OUT: ['[    0.098456] ACPI: Using IOAPIC for interrupt routing\\r']\n",
      "host.client OUT: ['[    0.098517] PCI: Using host bridge windows from ACPI; if necessary, use \"pci=nocrs\" and report a bug\\r']\n",
      "host.client OUT: ['[    0.099203] ACPI: Enabled 1 GPEs in block 00 to 3F\\r']\n",
      "host.client OUT: ['[    0.100238] ACPI: PCI Root Bridge [PCI0] (domain 0000 [bus 00-ff])\\r']\n",
      "host.client OUT: ['[    0.100506] acpi PNP0A08:00: _OSC: OS supports [ExtendedConfig ASPM ClockPM Segments MSI HPX-Type3]\\r']\n",
      "host.client OUT: ['[    0.101181] acpi PNP0A08:00: _OSC: platform does not support [LTR]\\r']\n",
      "host.server OUT: ['[    0.144793] ACPI: Added _OSI(Processor Device)\\r']\n",
      "host.server OUT: ['[    0.145375] ACPI: Added _OSI(3.0 _SCP Extensions)\\r']\n",
      "host.server OUT: ['[    0.145785] ACPI: Added _OSI(Processor Aggregator Device)\\r']\n",
      "host.server OUT: ['[    0.146490] ACPI: Added _OSI(Linux-Dell-Video)\\r']\n",
      "host.server OUT: ['[    0.146786] ACPI: Added _OSI(Linux-Lenovo-NV-HDMI-Audio)\\r']\n",
      "host.server OUT: ['[    0.147496] ACPI: Added _OSI(Linux-HPI-Hybrid-Graphics)\\r']\n",
      "host.server OUT: ['[    0.148651] ACPI: 1 ACPI AML tables successfully acquired and loaded\\r']\n",
      "host.server OUT: ['[    0.149717] ACPI: Interpreter enabled\\r']\n",
      "host.server OUT: ['[    0.149790] ACPI: PM: (supports S0 S5)\\r']\n",
      "host.server OUT: ['[    0.150285] ACPI: Using IOAPIC for interrupt routing\\r']\n",
      "host.server OUT: ['[    0.150812] PCI: Using host bridge windows from ACPI; if necessary, use \"pci=nocrs\" and report a bug\\r']\n",
      "host.client OUT: ['[    0.101535] acpi PNP0A08:00: _OSC: OS now controls [PCIeHotplug PME AER PCIeCapability]\\r']\n",
      "host.client OUT: ['[    0.102159] PCI host bridge to bus 0000:00\\r']\n",
      "host.client OUT: ['[    0.102451] pci_bus 0000:00: root bus resource [io  0x0000-0x0cf7 window]\\r']\n",
      "host.client OUT: ['[    0.102503] pci_bus 0000:00: root bus resource [io  0x0d00-0xffff window]\\r']\n",
      "host.client OUT: ['[    0.102982] pci_bus 0000:00: root bus resource [mem 0x000a0000-0x000bffff window]\\r']\n",
      "host.server OUT: ['[    0.151849] ACPI: Enabled 1 GPEs in block 00 to 3F\\r']\n",
      "host.client OUT: ['[    0.103503] pci_bus 0000:00: root bus resource [mem 0x20000000-0xafffffff window]\\r']\n",
      "host.client OUT: ['[    0.104031] pci_bus 0000:00: root bus resource [mem 0xc0000000-0xfebfffff window]\\r']\n",
      "host.client OUT: ['[    0.104503] pci_bus 0000:00: root bus resource [mem 0x100000000-0x8ffffffff window]\\r']\n",
      "host.client OUT: ['[    0.105046] pci_bus 0000:00: root bus resource [bus 00-ff]\\r']\n",
      "host.client OUT: ['[    0.105475] pci 0000:00:00.0: [8086:29c0] type 00 class 0x060000\\r']\n",
      "host.client OUT: ['[    0.105751] pci 0000:00:01.0: [1234:1111] type 00 class 0x030000\\r']\n",
      "host.client OUT: ['[    0.106966] pci 0000:00:01.0: reg 0x10: [mem 0xfd000000-0xfdffffff pref]\\r']\n",
      "host.client OUT: ['[    0.109506] pci 0000:00:01.0: reg 0x18: [mem 0xfe818000-0xfe818fff]\\r']\n",
      "host.server OUT: ['[    0.153804] ACPI: PCI Root Bridge [PCI0] (domain 0000 [bus 00-ff])\\r']\n",
      "host.server OUT: ['[    0.154636] acpi PNP0A08:00: _OSC: OS supports [ExtendedConfig ASPM ClockPM Segments MSI HPX-Type3]\\r']\n",
      "host.server OUT: ['[    0.154848] acpi PNP0A08:00: _OSC: platform does not support [LTR]\\r']\n",
      "host.server OUT: ['[    0.155722] acpi PNP0A08:00: _OSC: OS now controls [PCIeHotplug PME AER PCIeCapability]\\r']\n",
      "host.server OUT: ['[    0.155884] PCI host bridge to bus 0000:00\\r']\n",
      "host.server OUT: ['[    0.156431] pci_bus 0000:00: root bus resource [io  0x0000-0x0cf7 window]\\r']\n",
      "host.server OUT: ['[    0.156786] pci_bus 0000:00: root bus resource [io  0x0d00-0xffff window]\\r']\n",
      "host.server OUT: ['[    0.157670] pci_bus 0000:00: root bus resource [mem 0x000a0000-0x000bffff window]\\r']\n",
      "host.server OUT: ['[    0.157786] pci_bus 0000:00: root bus resource [mem 0x20000000-0xafffffff window]\\r']\n",
      "host.server OUT: ['[    0.158766] pci_bus 0000:00: root bus resource [mem 0xc0000000-0xfebfffff window]\\r']\n",
      "host.server OUT: ['[    0.158786] pci_bus 0000:00: root bus resource [mem 0x100000000-0x8ffffffff window]\\r']\n",
      "host.server OUT: ['[    0.159786] pci_bus 0000:00: root bus resource [bus 00-ff]\\r']\n",
      "host.server OUT: ['[    0.160576] pci 0000:00:00.0: [8086:29c0] type 00 class 0x060000\\r']\n",
      "host.client OUT: ['[    0.112789] pci 0000:00:01.0: reg 0x30: [mem 0xfe800000-0xfe80ffff pref]\\r']\n",
      "host.client OUT: ['[    0.113298] pci 0000:00:01.0: Video device with shadowed ROM at [mem 0x000c0000-0x000dffff]\\r']\n",
      "host.client OUT: ['[    0.113632] pci 0000:00:02.0: [8086:1583] type 00 class 0x020000\\r']\n",
      "host.server OUT: ['[    0.161227] pci 0000:00:01.0: [1234:1111] type 00 class 0x030000\\r']\n",
      "host.server OUT: ['[    0.163254] pci 0000:00:01.0: reg 0x10: [mem 0xfd000000-0xfdffffff pref]\\r']\n",
      "host.server OUT: ['[    0.165259] pci 0000:00:01.0: reg 0x18: [mem 0xfe818000-0xfe818fff]\\r']\n",
      "host.client OUT: ['[    0.114738] pci 0000:00:02.0: reg 0x10: [mem 0xfe400000-0xfe7fffff 64bit]\\r']\n",
      "host.client OUT: ['[    0.115902] pci 0000:00:02.0: reg 0x18: [io  0xc040-0xc05f]\\r']\n",
      "host.client OUT: ['[    0.117352] pci 0000:00:02.0: reg 0x1c: [mem 0xfe810000-0xfe817fff 64bit]\\r']\n",
      "host.client OUT: ['[    0.119489] pci 0000:00:1f.0: [8086:2918] type 00 class 0x060100\\r']\n",
      "host.client OUT: ['[    0.119955] pci 0000:00:1f.0: quirk: [io  0x0600-0x067f] claimed by ICH6 ACPI/GPIO/TCO\\r']\n",
      "host.client OUT: ['[    0.120740] pci 0000:00:1f.2: [8086:2922] type 00 class 0x010601\\r']\n",
      "host.server OUT: ['[    0.169102] pci 0000:00:01.0: reg 0x30: [mem 0xfe800000-0xfe80ffff pref]\\r']\n",
      "host.server OUT: ['[    0.169620] pci 0000:00:01.0: Video device with shadowed ROM at [mem 0x000c0000-0x000dffff]\\r']\n",
      "host.server OUT: ['[    0.169932] pci 0000:00:02.0: [8086:1583] type 00 class 0x020000\\r']\n",
      "host.server OUT: ['[    0.170785] pci 0000:00:02.0: reg 0x10: [mem 0xfe400000-0xfe7fffff 64bit]\\r']\n",
      "host.server OUT: ['[    0.171749] pci 0000:00:02.0: reg 0x18: [io  0xc040-0xc05f]\\r']\n",
      "host.server OUT: ['[    0.172233] pci 0000:00:02.0: reg 0x1c: [mem 0xfe810000-0xfe817fff 64bit]\\r']\n",
      "host.server OUT: ['[    0.173903] pci 0000:00:1f.0: [8086:2918] type 00 class 0x060100\\r']\n",
      "host.client OUT: ['[    0.124508] pci 0000:00:1f.2: reg 0x20: [io  0xc060-0xc07f]\\r']\n",
      "host.client OUT: ['[    0.125866] pci 0000:00:1f.2: reg 0x24: [mem 0xfe819000-0xfe819fff]\\r']\n",
      "host.client OUT: ['[    0.127561] pci 0000:00:1f.3: [8086:2930] type 00 class 0x0c0500\\r']\n",
      "host.server OUT: ['[    0.175089] pci 0000:00:1f.0: quirk: [io  0x0600-0x067f] claimed by ICH6 ACPI/GPIO/TCO\\r']\n",
      "host.server OUT: ['[    0.175785] pci 0000:00:1f.2: [8086:2922] type 00 class 0x010601\\r']\n",
      "host.client OUT: ['[    0.130506] pci 0000:00:1f.3: reg 0x20: [io  0x0700-0x073f]\\r']\n",
      "host.server OUT: ['[    0.178593] pci 0000:00:1f.2: reg 0x20: [io  0xc060-0xc07f]\\r']\n",
      "host.server OUT: ['[    0.179119] pci 0000:00:1f.2: reg 0x24: [mem 0xfe819000-0xfe819fff]\\r']\n",
      "host.client OUT: ['[    0.132880] ACPI: PCI: Interrupt link LNKA configured for IRQ 10\\r']\n",
      "host.server OUT: ['[    0.179983] pci 0000:00:1f.3: [8086:2930] type 00 class 0x0c0500\\r']\n",
      "host.client OUT: ['[    0.133593] ACPI: PCI: Interrupt link LNKB configured for IRQ 10\\r']\n",
      "host.client OUT: ['[    0.134541] ACPI: PCI: Interrupt link LNKC configured for IRQ 11\\r']\n",
      "host.server OUT: ['[    0.181205] pci 0000:00:1f.3: reg 0x20: [io  0x0700-0x073f]\\r']\n",
      "host.client OUT: ['[    0.135399] ACPI: PCI: Interrupt link LNKD configured for IRQ 11\\r']\n",
      "host.server OUT: ['[    0.182074] ACPI: PCI: Interrupt link LNKA configured for IRQ 10\\r']\n",
      "host.server OUT: ['[    0.182538] ACPI: PCI: Interrupt link LNKB configured for IRQ 10\\r']\n",
      "host.client OUT: ['[    0.135578] ACPI: PCI: Interrupt link LNKE configured for IRQ 10\\r']\n",
      "host.server OUT: ['[    0.182891] ACPI: PCI: Interrupt link LNKC configured for IRQ 11\\r']\n",
      "host.client OUT: ['[    0.136540] ACPI: PCI: Interrupt link LNKF configured for IRQ 10\\r']\n",
      "host.server OUT: ['[    0.183795] ACPI: PCI: Interrupt link LNKD configured for IRQ 11\\r']\n",
      "host.client OUT: ['[    0.137488] ACPI: PCI: Interrupt link LNKG configured for IRQ 11\\r']\n",
      "host.server OUT: ['[    0.184674] ACPI: PCI: Interrupt link LNKE configured for IRQ 10\\r']\n",
      "host.client OUT: ['[    0.137571] ACPI: PCI: Interrupt link LNKH configured for IRQ 11\\r']\n",
      "host.server OUT: ['[    0.184865] ACPI: PCI: Interrupt link LNKF configured for IRQ 10\\r']\n",
      "host.client OUT: ['[    0.138463] ACPI: PCI: Interrupt link GSIA configured for IRQ 16\\r']\n",
      "host.client OUT: ['[    0.138516] ACPI: PCI: Interrupt link GSIB configured for IRQ 17\\r']\n",
      "host.server OUT: ['[    0.185787] ACPI: PCI: Interrupt link LNKG configured for IRQ 11\\r']\n",
      "host.client OUT: ['[    0.139319] ACPI: PCI: Interrupt link GSIC configured for IRQ 18\\r']\n",
      "host.server OUT: ['[    0.186670] ACPI: PCI: Interrupt link LNKH configured for IRQ 11\\r']\n",
      "host.server OUT: ['[    0.186824] ACPI: PCI: Interrupt link GSIA configured for IRQ 16\\r']\n",
      "host.client OUT: ['[    0.139515] ACPI: PCI: Interrupt link GSID configured for IRQ 19\\r']\n",
      "host.client OUT: ['[    0.140316] ACPI: PCI: Interrupt link GSIE configured for IRQ 20\\r']\n",
      "host.client OUT: ['[    0.140514] ACPI: PCI: Interrupt link GSIF configured for IRQ 21\\r']\n",
      "host.server OUT: ['[    0.187378] ACPI: PCI: Interrupt link GSIB configured for IRQ 17\\r']\n",
      "host.server OUT: ['[    0.187798] ACPI: PCI: Interrupt link GSIC configured for IRQ 18\\r']\n",
      "host.server OUT: ['[    0.188235] ACPI: PCI: Interrupt link GSID configured for IRQ 19\\r']\n",
      "host.server OUT: ['[    0.188664] ACPI: PCI: Interrupt link GSIE configured for IRQ 20\\r']\n",
      "host.server OUT: ['[    0.188787] ACPI: PCI: Interrupt link GSIF configured for IRQ 21\\r']\n",
      "host.client OUT: ['[    0.141389] ACPI: PCI: Interrupt link GSIG configured for IRQ 22\\r']\n",
      "host.client OUT: ['[    0.141514] ACPI: PCI: Interrupt link GSIH configured for IRQ 23\\r']\n",
      "host.client OUT: ['[    0.142511] iommu: Default domain type: Translated \\r']\n",
      "host.server OUT: ['[    0.189235] ACPI: PCI: Interrupt link GSIG configured for IRQ 22\\r']\n",
      "host.server OUT: ['[    0.189677] ACPI: PCI: Interrupt link GSIH configured for IRQ 23\\r']\n",
      "host.server OUT: ['[    0.189883] iommu: Default domain type: Translated \\r']\n",
      "host.server OUT: ['[    0.190237] iommu: DMA domain TLB invalidation policy: lazy mode \\r']\n",
      "host.server OUT: ['[    0.190713] pci 0000:00:01.0: vgaarb: setting as boot VGA device\\r']\n",
      "host.client OUT: ['[    0.143243] iommu: DMA domain TLB invalidation policy: lazy mode \\r']\n",
      "host.client OUT: ['[    0.143565] pci 0000:00:01.0: vgaarb: setting as boot VGA device\\r']\n",
      "host.server OUT: ['[    0.190782] pci 0000:00:01.0: vgaarb: VGA device added: decodes=io+mem,owns=io+mem,locks=none\\r']\n",
      "host.server OUT: ['[    0.190797] pci 0000:00:01.0: vgaarb: bridge control possible\\r']\n",
      "host.server OUT: ['[    0.191252] vgaarb: loaded\\r']\n",
      "host.server OUT: ['[    0.191488] SCSI subsystem initialized\\r']\n",
      "host.server OUT: ['[    0.191845] pps_core: LinuxPPS API ver. 1 registered\\r']\n",
      "host.client OUT: ['[    0.144449] pci 0000:00:01.0: vgaarb: VGA device added: decodes=io+mem,owns=io+mem,locks=none\\r']\n",
      "host.client OUT: ['[    0.144521] pci 0000:00:01.0: vgaarb: bridge control possible\\r']\n",
      "host.client OUT: ['[    0.145357] vgaarb: loaded\\r']\n",
      "host.client OUT: ['[    0.145567] SCSI subsystem initialized\\r']\n",
      "host.client OUT: ['[    0.146163] pps_core: LinuxPPS API ver. 1 registered\\r']\n",
      "host.client OUT: ['[    0.146518] pps_core: Software ver. 5.3.6 - Copyright 2005-2007 Rodolfo Giometti <giometti@linux.it>\\r']\n",
      "host.server OUT: ['[    0.192229] pps_core: Software ver. 5.3.6 - Copyright 2005-2007 Rodolfo Giometti <giometti@linux.it>\\r']\n",
      "host.server OUT: ['[    0.192788] PTP clock support registered\\r']\n",
      "host.server OUT: ['[    0.193150] PCI: Using ACPI for IRQ routing\\r']\n",
      "host.client OUT: ['[    0.147520] PTP clock support registered\\r']\n",
      "host.client OUT: ['[    0.148183] PCI: Using ACPI for IRQ routing\\r']\n",
      "host.server OUT: ['[    0.237066] hpet0: at MMIO 0xfed00000, IRQs 2, 8, 0\\r']\n",
      "host.server OUT: ['[    0.237436] hpet0: 3 comparators, 64-bit 100.000000 MHz counter\\r']\n",
      "host.server OUT: ['[    0.240832] clocksource: Switched to clocksource kvm-clock\\r']\n",
      "host.server OUT: ['[    0.243969] VFS: Disk quotas dquot_6.6.0\\r']\n",
      "host.server OUT: ['[    0.244573] VFS: Dquot-cache hash table entries: 512 (order 0, 4096 bytes)\\r']\n",
      "host.server OUT: ['[    0.245608] pnp: PnP ACPI init\\r']\n",
      "host.server OUT: ['[    0.246432] pnp: PnP ACPI: found 5 devices\\r']\n",
      "host.client OUT: ['[    0.196677] hpet0: at MMIO 0xfed00000, IRQs 2, 8, 0\\r']\n",
      "host.client OUT: ['[    0.197373] hpet0: 3 comparators, 64-bit 100.000000 MHz counter\\r']\n",
      "host.client OUT: ['[    0.202575] clocksource: Switched to clocksource kvm-clock\\r']\n",
      "host.client OUT: ['[    0.205516] VFS: Disk quotas dquot_6.6.0\\r']\n",
      "host.client OUT: ['[    0.206090] VFS: Dquot-cache hash table entries: 512 (order 0, 4096 bytes)\\r']\n",
      "host.client OUT: ['[    0.207069] pnp: PnP ACPI init\\r']\n",
      "host.server OUT: ['[    0.257199] clocksource: acpi_pm: mask: 0xffffff max_cycles: 0xffffff, max_idle_ns: 2085701024 ns\\r']\n",
      "host.client OUT: ['[    0.207859] pnp: PnP ACPI: found 5 devices\\r']\n",
      "host.server OUT: ['[    0.258450] NET: Registered PF_INET protocol family\\r']\n",
      "host.server OUT: ['[    0.259141] IP idents hash table entries: 8192 (order: 4, 65536 bytes, linear)\\r']\n",
      "host.server OUT: ['[    0.260214] tcp_listen_portaddr_hash hash table entries: 256 (order: 0, 4096 bytes, linear)\\r']\n",
      "host.server OUT: ['[    0.261326] Table-perturb hash table entries: 65536 (order: 6, 262144 bytes, linear)\\r']\n",
      "host.server OUT: ['[    0.262347] TCP established hash table entries: 4096 (order: 3, 32768 bytes, linear)\\r']\n",
      "host.server OUT: ['[    0.263417] TCP bind hash table entries: 4096 (order: 4, 65536 bytes, linear)\\r']\n",
      "host.server OUT: ['[    0.264341] TCP: Hash tables configured (established 4096 bind 4096)\\r']\n",
      "host.server OUT: ['[    0.265215] UDP hash table entries: 256 (order: 1, 8192 bytes, linear)\\r']\n",
      "host.server OUT: ['[    0.266084] UDP-Lite hash table entries: 256 (order: 1, 8192 bytes, linear)\\r']\n",
      "host.server OUT: ['[    0.267043] NET: Registered PF_UNIX/PF_LOCAL protocol family\\r']\n",
      "host.client OUT: ['[    0.217790] clocksource: acpi_pm: mask: 0xffffff max_cycles: 0xffffff, max_idle_ns: 2085701024 ns\\r']\n",
      "host.server OUT: ['[    0.267797] pci_bus 0000:00: resource 4 [io  0x0000-0x0cf7 window]\\r']\n",
      "host.server OUT: ['[    0.268620] pci_bus 0000:00: resource 5 [io  0x0d00-0xffff window]\\r']\n",
      "host.client OUT: ['[    0.218469] NET: Registered PF_INET protocol family\\r']\n",
      "host.client OUT: ['[    0.218847] IP idents hash table entries: 8192 (order: 4, 65536 bytes, linear)\\r']\n",
      "host.server OUT: ['[    0.269433] pci_bus 0000:00: resource 6 [mem 0x000a0000-0x000bffff window]\\r']\n",
      "host.client OUT: ['[    0.219518] tcp_listen_portaddr_hash hash table entries: 256 (order: 0, 4096 bytes, linear)\\r']\n",
      "host.client OUT: ['[    0.220123] Table-perturb hash table entries: 65536 (order: 6, 262144 bytes, linear)\\r']\n",
      "host.client OUT: ['[    0.220704] TCP established hash table entries: 4096 (order: 3, 32768 bytes, linear)\\r']\n",
      "host.server OUT: ['[    0.270353] pci_bus 0000:00: resource 7 [mem 0x20000000-0xafffffff window]\\r']\n",
      "host.server OUT: ['[    0.271277] pci_bus 0000:00: resource 8 [mem 0xc0000000-0xfebfffff window]\\r']\n",
      "host.client OUT: ['[    0.221260] TCP bind hash table entries: 4096 (order: 4, 65536 bytes, linear)\\r']\n",
      "host.client OUT: ['[    0.221782] TCP: Hash tables configured (established 4096 bind 4096)\\r']\n",
      "host.client OUT: ['[    0.222259] UDP hash table entries: 256 (order: 1, 8192 bytes, linear)\\r']\n",
      "host.client OUT: ['[    0.222741] UDP-Lite hash table entries: 256 (order: 1, 8192 bytes, linear)\\r']\n",
      "host.server OUT: ['[    0.272190] pci_bus 0000:00: resource 9 [mem 0x100000000-0x8ffffffff window]\\r']\n",
      "host.server OUT: ['[    0.273210] PCI: CLS 0 bytes, default 64\\r']\n",
      "host.client OUT: ['[    0.223266] NET: Registered PF_UNIX/PF_LOCAL protocol family\\r']\n",
      "host.client OUT: ['[    0.223710] pci_bus 0000:00: resource 4 [io  0x0000-0x0cf7 window]\\r']\n",
      "host.client OUT: ['[    0.224289] pci_bus 0000:00: resource 5 [io  0x0d00-0xffff window]\\r']\n",
      "host.server OUT: ['[    0.273792] clocksource: tsc: mask: 0xffffffffffffffff max_cycles: 0x2a11290c0c8, max_idle_ns: 440795344938 ns\\r']\n",
      "host.client OUT: ['[    0.224899] pci_bus 0000:00: resource 6 [mem 0x000a0000-0x000bffff window]\\r']\n",
      "host.client OUT: ['[    0.225535] pci_bus 0000:00: resource 7 [mem 0x20000000-0xafffffff window]\\r']\n",
      "host.server OUT: ['[    0.276112] workingset: timestamp_bits=52 max_order=17 bucket_order=0\\r']\n",
      "host.server OUT: ['[    0.277155] fuse: init (API version 7.34)\\r']\n",
      "host.client OUT: ['[    0.226026] pci_bus 0000:00: resource 8 [mem 0xc0000000-0xfebfffff window]\\r']\n",
      "host.client OUT: ['[    0.226605] pci_bus 0000:00: resource 9 [mem 0x100000000-0x8ffffffff window]\\r']\n",
      "host.client OUT: ['[    0.227195] PCI: CLS 0 bytes, default 64\\r']\n",
      "host.client OUT: ['[    0.227549] clocksource: tsc: mask: 0xffffffffffffffff max_cycles: 0x2a11290c0c8, max_idle_ns: 440795344938 ns\\r']\n",
      "host.client OUT: ['[    0.229321] workingset: timestamp_bits=52 max_order=17 bucket_order=0\\r']\n",
      "host.client OUT: ['[    0.229895] fuse: init (API version 7.34)\\r']\n",
      "host.server OUT: ['[    0.282044] Block layer SCSI generic (bsg) driver version 0.4 loaded (major 252)\\r']\n",
      "host.server OUT: ['[    0.282598] io scheduler mq-deadline registered\\r']\n",
      "host.server OUT: ['[    0.282927] io scheduler kyber registered\\r']\n",
      "host.server OUT: ['[    0.283520] acpiphp_ibm: ibm_acpiphp_init: acpi_walk_namespace failed\\r']\n",
      "host.server OUT: ['[    0.284104] Serial: 8250/16550 driver, 4 ports, IRQ sharing disabled\\r']\n",
      "host.server OUT: ['[    0.284650] 00:03: ttyS0 at I/O 0x3f8 (irq = 4, base_baud = 115200) is a 16550A\\r']\n",
      "host.server OUT: ['[    0.285412] Linux agpgart interface v0.103\\r']\n",
      "host.server OUT: ['[    0.286473] brd: module loaded\\r']\n",
      "host.client OUT: ['[    0.236219] Block layer SCSI generic (bsg) driver version 0.4 loaded (major 252)\\r']\n",
      "host.client OUT: ['[    0.236766] io scheduler mq-deadline registered\\r']\n",
      "host.server OUT: ['[    0.287460] loop: module loaded\\r']\n",
      "host.client OUT: ['[    0.237091] io scheduler kyber registered\\r']\n",
      "host.server OUT: ['[    0.287714] Loading iSCSI transport class v2.0-870.\\r']\n",
      "host.client OUT: ['[    0.237693] acpiphp_ibm: ibm_acpiphp_init: acpi_walk_namespace failed\\r']\n",
      "host.client OUT: ['[    0.238250] Serial: 8250/16550 driver, 4 ports, IRQ sharing disabled\\r']\n",
      "host.server OUT: ['[    0.288637] ACPI: \\\\_SB_.GSIA: Enabled at IRQ 16\\r']\n",
      "host.client OUT: ['[    0.238815] 00:03: ttyS0 at I/O 0x3f8 (irq = 4, base_baud = 115200) is a 16550A\\r']\n",
      "host.client OUT: ['[    0.239578] Linux agpgart interface v0.103\\r']\n",
      "host.server OUT: ['[    0.289451] ahci 0000:00:1f.2: AHCI 0001.0000 32 slots 6 ports 1.5 Gbps 0x3f impl SATA mode\\r']\n",
      "host.server OUT: ['[    0.290579] ahci 0000:00:1f.2: flags: 64bit ncq only \\r']\n",
      "host.client OUT: ['[    0.240692] brd: module loaded\\r']\n",
      "host.server OUT: ['[    0.292004] scsi host0: ahci\\r']\n",
      "host.server OUT: ['[    0.292292] scsi host1: ahci\\r']\n",
      "host.client OUT: ['[    0.241768] loop: module loaded\\r']\n",
      "host.server OUT: ['[    0.292558] scsi host2: ahci\\r']\n",
      "host.server OUT: ['[    0.292837] scsi host3: ahci\\r']\n",
      "host.server OUT: ['[    0.293112] scsi host4: ahci\\r']\n",
      "host.client OUT: ['[    0.242032] Loading iSCSI transport class v2.0-870.\\r']\n",
      "host.server OUT: ['[    0.293379] scsi host5: ahci\\r']\n",
      "host.server OUT: ['[    0.293618] ata1: SATA max UDMA/133 abar m4096@0xfe819000 port 0xfe819100 irq 24\\r']\n",
      "host.server OUT: ['[    0.294173] ata2: SATA max UDMA/133 abar m4096@0xfe819000 port 0xfe819180 irq 24\\r']\n",
      "host.client OUT: ['[    0.243022] ACPI: \\\\_SB_.GSIA: Enabled at IRQ 16\\r']\n",
      "host.server OUT: ['[    0.294716] ata3: SATA max UDMA/133 abar m4096@0xfe819000 port 0xfe819200 irq 24\\r']\n",
      "host.client OUT: ['[    0.243741] ahci 0000:00:1f.2: AHCI 0001.0000 32 slots 6 ports 1.5 Gbps 0x3f impl SATA mode\\r']\n",
      "host.client OUT: ['[    0.244354] ahci 0000:00:1f.2: flags: 64bit ncq only \\r']\n",
      "host.server OUT: ['[    0.295276] ata4: SATA max UDMA/133 abar m4096@0xfe819000 port 0xfe819280 irq 24\\r']\n",
      "host.server OUT: ['[    0.295828] ata5: SATA max UDMA/133 abar m4096@0xfe819000 port 0xfe819300 irq 24\\r']\n",
      "host.client OUT: ['[    0.245608] scsi host0: ahci\\r']\n",
      "host.server OUT: ['[    0.296375] ata6: SATA max UDMA/133 abar m4096@0xfe819000 port 0xfe819380 irq 24\\r']\n",
      "host.client OUT: ['[    0.245927] scsi host1: ahci\\r']\n",
      "host.client OUT: ['[    0.246225] scsi host2: ahci\\r']\n",
      "host.client OUT: ['[    0.246555] scsi host3: ahci\\r']\n",
      "host.server OUT: ['[    0.297329] tun: Universal TUN/TAP device driver, 1.6\\r']\n",
      "host.client OUT: ['[    0.246817] scsi host4: ahci\\r']\n",
      "host.client OUT: ['[    0.247075] scsi host5: ahci\\r']\n",
      "host.client OUT: ['[    0.247308] ata1: SATA max UDMA/133 abar m4096@0xfe819000 port 0xfe819100 irq 24\\r']\n",
      "host.client OUT: ['[    0.247857] ata2: SATA max UDMA/133 abar m4096@0xfe819000 port 0xfe819180 irq 24\\r']\n",
      "host.client OUT: ['[    0.248387] ata3: SATA max UDMA/133 abar m4096@0xfe819000 port 0xfe819200 irq 24\\r']\n",
      "host.client OUT: ['[    0.248922] ata4: SATA max UDMA/133 abar m4096@0xfe819000 port 0xfe819280 irq 24\\r']\n",
      "host.client OUT: ['[    0.249454] ata5: SATA max UDMA/133 abar m4096@0xfe819000 port 0xfe819300 irq 24\\r']\n",
      "host.client OUT: ['[    0.249999] ata6: SATA max UDMA/133 abar m4096@0xfe819000 port 0xfe819380 irq 24\\r']\n",
      "host.client OUT: ['[    0.250956] tun: Universal TUN/TAP device driver, 1.6\\r']\n",
      "host.client OUT: ['[    0.251570] VFIO - User Level meta-driver version: 0.3\\r']\n",
      "host.server OUT: ['[    0.297794] VFIO - User Level meta-driver version: 0.3\\r']\n",
      "host.server OUT: ['[    0.298240] i8042: PNP: PS/2 Controller [PNP0303:KBD,PNP0f13:MOU] at 0x60,0x64 irq 1,12\\r']\n",
      "host.server OUT: ['[    0.299288] serio: i8042 KBD port at 0x60,0x64 irq 1\\r']\n",
      "host.server OUT: ['[    0.299645] serio: i8042 AUX port at 0x60,0x64 irq 12\\r']\n",
      "host.server OUT: ['[    0.300107] mousedev: PS/2 mouse device common for all mice\\r']\n",
      "host.server OUT: ['[    0.300620] NET: Registered PF_PACKET protocol family\\r']\n",
      "host.server OUT: ['[    0.301141] input: AT Translated Set 2 keyboard as /devices/platform/i8042/serio0/input/input0\\r']\n",
      "host.server OUT: ['[    0.301913] IPI shorthand broadcast: enabled\\r']\n",
      "host.server OUT: ['[    0.302230] sched_clock: Marking stable (272480116, 29304336)->(332785126, -31000674)\\r']\n",
      "host.client OUT: ['[    0.252158] i8042: PNP: PS/2 Controller [PNP0303:KBD,PNP0f13:MOU] at 0x60,0x64 irq 1,12\\r']\n",
      "host.client OUT: ['[    0.253425] serio: i8042 KBD port at 0x60,0x64 irq 1\\r']\n",
      "host.client OUT: ['[    0.253794] serio: i8042 AUX port at 0x60,0x64 irq 12\\r']\n",
      "host.client OUT: ['[    0.254240] mousedev: PS/2 mouse device common for all mice\\r']\n",
      "host.client OUT: ['[    0.254861] NET: Registered PF_PACKET protocol family\\r']\n",
      "host.client OUT: ['[    0.255568] input: AT Translated Set 2 keyboard as /devices/platform/i8042/serio0/input/input0\\r']\n",
      "host.client OUT: ['[    0.256384] IPI shorthand broadcast: enabled\\r']\n",
      "host.client OUT: ['[    0.256720] sched_clock: Marking stable (242582682, 14122536)->(278602437, -21897219)\\r']\n",
      "host.server OUT: ['[    0.607957] ata3: SATA link up 1.5 Gbps (SStatus 113 SControl 300)\\r']\n",
      "host.server OUT: ['[    0.608943] ata3.00: ATAPI: QEMU DVD-ROM, 2.5+, max UDMA/100\\r']\n",
      "host.server OUT: ['[    0.609690] ata3.00: applying bridge limits\\r']\n",
      "host.server OUT: ['[    0.610371] ata3.00: configured for UDMA/100\\r']\n",
      "host.server OUT: ['[    0.611213] ata4: SATA link down (SStatus 0 SControl 300)\\r']\n",
      "host.client OUT: ['[    0.560651] ata2: SATA link up 1.5 Gbps (SStatus 113 SControl 300)\\r']\n",
      "host.server OUT: ['[    0.612109] ata2: SATA link up 1.5 Gbps (SStatus 113 SControl 300)\\r']\n",
      "host.client OUT: ['[    0.561620] ata2.00: ATA-7: QEMU HARDDISK, 2.5+, max UDMA/100\\r']\n",
      "host.client OUT: ['[    0.562385] ata2.00: 20 sectors, multi 16: LBA48 NCQ (depth 32)\\r']\n",
      "host.server OUT: ['[    0.613022] ata2.00: ATA-7: QEMU HARDDISK, 2.5+, max UDMA/100\\r']\n",
      "host.client OUT: ['[    0.563185] ata2.00: applying bridge limits\\r']\n",
      "host.server OUT: ['[    0.613798] ata2.00: 20 sectors, multi 16: LBA48 NCQ (depth 32)\\r']\n",
      "host.server OUT: ['[    0.614598] ata2.00: applying bridge limits\\r']\n",
      "host.client OUT: ['[    0.563901] ata2.00: configured for UDMA/100\\r']\n",
      "host.client OUT: ['[    0.564614] ata4: SATA link down (SStatus 0 SControl 300)\\r']\n",
      "host.server OUT: ['[    0.615273] ata2.00: configured for UDMA/100\\r']\n",
      "host.server OUT: ['[    0.615958] ata1: SATA link up 1.5 Gbps (SStatus 113 SControl 300)\\r']\n",
      "host.client OUT: ['[    0.565473] ata1: SATA link up 1.5 Gbps (SStatus 113 SControl 300)\\r']\n",
      "host.server OUT: ['[    0.616841] ata1.00: ATA-7: QEMU HARDDISK, 2.5+, max UDMA/100\\r']\n",
      "host.client OUT: ['[    0.566349] ata1.00: ATA-7: QEMU HARDDISK, 2.5+, max UDMA/100\\r']\n",
      "host.client OUT: ['[    0.567114] ata1.00: 83886080 sectors, multi 16: LBA48 NCQ (depth 32)\\r']\n",
      "host.client OUT: ['[    0.567971] ata1.00: applying bridge limits\\r']\n",
      "host.client OUT: ['[    0.568639] ata1.00: configured for UDMA/100\\r']\n",
      "host.client OUT: ['[    0.569272] scsi 0:0:0:0: Direct-Access     ATA      QEMU HARDDISK    2.5+ PQ: 0 ANSI: 5\\r']\n",
      "host.server OUT: ['[    0.617604] ata1.00: 83886080 sectors, multi 16: LBA48 NCQ (depth 32)\\r']\n",
      "host.server OUT: ['[    0.618456] ata1.00: applying bridge limits\\r']\n",
      "host.server OUT: ['[    0.619133] ata1.00: configured for UDMA/100\\r']\n",
      "host.server OUT: ['[    0.619766] scsi 0:0:0:0: Direct-Access     ATA      QEMU HARDDISK    2.5+ PQ: 0 ANSI: 5\\r']\n",
      "host.client OUT: ['[    0.570470] ata5: SATA link down (SStatus 0 SControl 300)\\r']\n",
      "host.client OUT: ['[    0.571333] ata3: SATA link up 1.5 Gbps (SStatus 113 SControl 300)\\r']\n",
      "host.server OUT: ['[    0.620958] ata5: SATA link down (SStatus 0 SControl 300)\\r']\n",
      "host.server OUT: ['[    0.621819] ata6: SATA link down (SStatus 0 SControl 300)\\r']\n",
      "host.client OUT: ['[    0.572248] ata3.00: ATAPI: QEMU DVD-ROM, 2.5+, max UDMA/100\\r']\n",
      "host.client OUT: ['[    0.572999] ata3.00: applying bridge limits\\r']\n",
      "host.server OUT: ['[    0.622749] sd 0:0:0:0: [sda] 83886080 512-byte logical blocks: (42.9 GB/40.0 GiB)\\r']\n",
      "host.client OUT: ['[    0.573656] ata3.00: configured for UDMA/100\\r']\n",
      "host.client OUT: ['[    0.574459] ata6: SATA link down (SStatus 0 SControl 300)\\r']\n",
      "host.client OUT: ['[    0.575306] scsi 0:0:0:0: Attached scsi generic sg0 type 0\\r']\n",
      "host.client OUT: ['[    0.576169] sd 0:0:0:0: [sda] 83886080 512-byte logical blocks: (42.9 GB/40.0 GiB)\\r']\n",
      "host.client OUT: ['[    0.577243] scsi 1:0:0:0: Direct-Access     ATA      QEMU HARDDISK    2.5+ PQ: 0 ANSI: 5\\r']\n",
      "host.server OUT: ['[    0.623769] sd 0:0:0:0: Attached scsi generic sg0 type 0\\r']\n",
      "host.server OUT: ['[    0.624541] scsi 1:0:0:0: Direct-Access     ATA      QEMU HARDDISK    2.5+ PQ: 0 ANSI: 5\\r']\n",
      "host.server OUT: ['[    0.625673] scsi 1:0:0:0: Attached scsi generic sg1 type 0\\r']\n",
      "host.server OUT: ['[    0.626547] scsi 2:0:0:0: CD-ROM            QEMU     QEMU DVD-ROM     2.5+ PQ: 0 ANSI: 5\\r']\n",
      "host.server OUT: ['[    0.628029] sd 1:0:0:0: [sdb] 20 512-byte logical blocks: (10.2 kB/10.0 KiB)\\r']\n",
      "host.client OUT: ['[    0.578384] scsi 1:0:0:0: Attached scsi generic sg1 type 0\\r']\n",
      "host.client OUT: ['[    0.579273] scsi 2:0:0:0: CD-ROM            QEMU     QEMU DVD-ROM     2.5+ PQ: 0 ANSI: 5\\r']\n",
      "host.client OUT: ['[    0.580789] sd 1:0:0:0: [sdb] 20 512-byte logical blocks: (10.2 kB/10.0 KiB)\\r']\n",
      "host.server OUT: ['[    0.628973] sd 0:0:0:0: [sda] Write Protect is off\\r']\n",
      "host.server OUT: [\"[    0.629639] sd 0:0:0:0: [sda] Write cache: enabled, read cache: enabled, doesn't support DPO or FUA\\r\"]\n",
      "host.server OUT: ['[    0.630847] sd 1:0:0:0: [sdb] Write Protect is off\\r']\n",
      "host.client OUT: ['[    0.581749] sd 0:0:0:0: [sda] Write Protect is off\\r']\n",
      "host.client OUT: ['[    0.582411] sd 1:0:0:0: [sdb] Write Protect is off\\r']\n",
      "host.server OUT: [\"[    0.631517] sd 1:0:0:0: [sdb] Write cache: enabled, read cache: enabled, doesn't support DPO or FUA\\r\"]\n",
      "host.client OUT: [\"[    0.583108] sd 0:0:0:0: [sda] Write cache: enabled, read cache: enabled, doesn't support DPO or FUA\\r\"]\n",
      "host.server OUT: ['[    0.634480] sd 1:0:0:0: [sdb] Attached SCSI disk\\r']\n",
      "host.client OUT: [\"[    0.584320] sd 1:0:0:0: [sdb] Write cache: enabled, read cache: enabled, doesn't support DPO or FUA\\r\"]\n",
      "host.server OUT: ['[    0.636875]  sda: sda1 sda14 sda15\\r']\n",
      "host.server OUT: ['[    0.637502] sd 0:0:0:0: [sda] Attached SCSI disk\\r']\n",
      "host.client OUT: ['[    0.586980] sd 1:0:0:0: [sdb] Attached SCSI disk\\r']\n",
      "host.server OUT: ['[    0.641013] sr 2:0:0:0: [sr0] scsi3-mmc drive: 4x/4x cd/rw xa/form2 tray\\r']\n",
      "host.client OUT: ['[    0.590729]  sda: sda1 sda14 sda15\\r']\n",
      "host.server OUT: ['[    0.641551] cdrom: Uniform CD-ROM driver Revision: 3.20\\r']\n",
      "host.client OUT: ['[    0.591399] sd 0:0:0:0: [sda] Attached SCSI disk\\r']\n",
      "host.client OUT: ['[    0.592703] sr 2:0:0:0: [sr0] scsi3-mmc drive: 4x/4x cd/rw xa/form2 tray\\r']\n",
      "host.client OUT: ['[    0.593319] cdrom: Uniform CD-ROM driver Revision: 3.20\\r']\n",
      "host.server OUT: ['[    0.656274] sr 2:0:0:0: Attached scsi generic sg2 type 5\\r']\n",
      "host.client OUT: ['[    0.607941] sr 2:0:0:0: Attached scsi generic sg2 type 5\\r']\n",
      "host.server OUT: ['[    0.692531] EXT4-fs (sda1): mounted filesystem with ordered data mode. Opts: (null). Quota mode: none.\\r']\n",
      "host.server OUT: ['[    0.693880] VFS: Mounted root (ext4 filesystem) on device 8:1.\\r']\n",
      "host.client OUT: ['[    0.644067] EXT4-fs (sda1): mounted filesystem with ordered data mode. Opts: (null). Quota mode: none.\\r']\n",
      "host.server OUT: ['[    0.695080] devtmpfs: mounted\\r']\n",
      "host.client OUT: ['[    0.644855] VFS: Mounted root (ext4 filesystem) on device 8:1.\\r']\n",
      "host.server OUT: ['[    0.695572] Freeing unused kernel image (initmem) memory: 1920K\\r']\n",
      "host.server OUT: ['[    0.696019] Write protecting the kernel read-only data: 14336k\\r']\n",
      "host.client OUT: ['[    0.645779] devtmpfs: mounted\\r']\n",
      "host.server OUT: ['[    0.696884] Freeing unused kernel image (text/rodata gap) memory: 2040K\\r']\n",
      "host.client OUT: ['[    0.646380] Freeing unused kernel image (initmem) memory: 1920K\\r']\n",
      "host.server OUT: ['[    0.697617] Freeing unused kernel image (rodata/data gap) memory: 1884K\\r']\n",
      "host.server OUT: ['[    0.698107] rodata_test: all tests were successful\\r']\n",
      "host.client OUT: ['[    0.646854] Write protecting the kernel read-only data: 14336k\\r']\n",
      "host.server OUT: ['[    0.698454] Run /home/ubuntu/guestinit.sh as init process\\r']\n",
      "host.client OUT: ['[    0.647789] Freeing unused kernel image (text/rodata gap) memory: 2040K\\r']\n",
      "host.client OUT: ['[    0.648612] Freeing unused kernel image (rodata/data gap) memory: 1884K\\r']\n",
      "host.client OUT: ['[    0.649105] rodata_test: all tests were successful\\r']\n",
      "host.client OUT: ['[    0.649466] Run /home/ubuntu/guestinit.sh as init process\\r']\n",
      "host.client OUT: ['+ export HOME=/root\\r']\n",
      "host.server OUT: ['+ export HOME=/root\\r']\n",
      "host.client OUT: ['+ export LANG=en_US\\r']\n",
      "host.server OUT: ['+ export LANG=en_US\\r']\n",
      "host.client OUT: ['+ export PATH=/usr/local/sbin:/usr/local/bin:/usr/sbin:/usr/bin:/sbin:/bin:/usr/games:/usr/local/games\\r']\n",
      "host.server OUT: ['+ export PATH=/usr/local/sbin:/usr/local/bin:/usr/sbin:/usr/bin:/sbin:/bin:/usr/games:/usr/local/games\\r']\n",
      "host.client OUT: ['+ echo ready to checkpoint\\r']\n",
      "host.client OUT: ['ready to checkpoint\\r']\n",
      "host.server OUT: ['+ echo ready to checkpoint\\r']\n",
      "host.server OUT: ['ready to checkpoint\\r']\n",
      "host.client OUT: ['+ modprobe i40e\\r']\n",
      "host.server OUT: ['+ modprobe i40e\\r']\n",
      "host.client OUT: ['[    0.703629] i40e: Intel(R) Ethernet Connection XL710 Network Driver\\r']\n",
      "host.client OUT: ['[    0.704098] i40e: Copyright (c) 2013 - 2019 Intel Corporation.\\r']\n",
      "host.server OUT: ['[    0.754868] i40e: Intel(R) Ethernet Connection XL710 Network Driver\\r']\n",
      "host.client OUT: ['[    0.704674] ACPI: \\\\_SB_.GSIG: Enabled at IRQ 22\\r']\n",
      "host.server OUT: ['[    0.755558] i40e: Copyright (c) 2013 - 2019 Intel Corporation.\\r']\n",
      "host.server OUT: ['[    0.756274] ACPI: \\\\_SB_.GSIG: Enabled at IRQ 22\\r']\n",
      "host.server OUT: ['[    0.807526] i40e 0000:00:02.0: fw 6.0.00000 api 1.10 nvm 0.0.0 [8086:1583] [1af4:1100]\\r']\n",
      "host.client OUT: ['[    0.766692] i40e 0000:00:02.0: fw 6.0.00000 api 1.10 nvm 0.0.0 [8086:1583] [1af4:1100]\\r']\n",
      "host.server OUT: ['[    1.480788] i40e 0000:00:02.0: MAC address: 18:47:48:e5:a5:8d\\r']\n",
      "host.server OUT: ['[    1.483137] i40e 0000:00:02.0 eth0: NIC Link is Up, 40 Gbps Full Duplex, Flow Control: None\\r']\n",
      "host.server OUT: ['[    1.484732] i40e 0000:00:02.0: PCI-Express: Speed UnknownGT/s Width xUnknown\\r']\n",
      "host.server OUT: ['[    1.485532] i40e 0000:00:02.0: PCI-Express bandwidth available for this device may be insufficient for optimal performance.\\r']\n",
      "host.server OUT: ['[    1.486414] i40e 0000:00:02.0: Please move the device to a different PCI-e link with more lanes and/or higher transfer rate.\\r']\n",
      "host.server OUT: ['[    1.487258] i40e 0000:00:02.0: MFS for port 180 has been set below the default: 0\\r']\n",
      "host.server OUT: ['[    1.487791] i40e 0000:00:02.0: Features: PF-id[0] VSIs: 384 QP: 1 RSS VxLAN Geneve PTP VEPA\\r']\n",
      "host.server OUT: ['+ ip link set dev eth0 up\\r']\n",
      "host.server OUT: ['[    1.500746] i40e 0000:00:02.0: Error OK adding RX filters on PF, promiscuous mode forced on\\r']\n",
      "host.server OUT: ['+ ip addr add 10.0.0.1/24 dev eth0\\r']\n",
      "host.server OUT: ['+ iperf -s -l 32M -w 32M\\r']\n",
      "host.server OUT: ['------------------------------------------------------------\\r']\n",
      "host.server OUT: ['Server listening on TCP port 5001\\r']\n",
      "host.server OUT: ['TCP window size:  416 KByte (WARNING: requested 32.0 MByte)\\r']\n",
      "host.server OUT: ['------------------------------------------------------------\\r']\n",
      "host.client OUT: ['[    1.621843] i40e 0000:00:02.0: MAC address: d8:2b:c8:7d:da:a8\\r']\n",
      "host.client OUT: ['[    1.624182] i40e 0000:00:02.0 eth0: NIC Link is Up, 40 Gbps Full Duplex, Flow Control: None\\r']\n",
      "host.client OUT: ['[    1.625230] i40e 0000:00:02.0: PCI-Express: Speed UnknownGT/s Width xUnknown\\r']\n",
      "host.client OUT: ['[    1.625748] i40e 0000:00:02.0: PCI-Express bandwidth available for this device may be insufficient for optimal performance.\\r']\n",
      "host.client OUT: ['[    1.626552] i40e 0000:00:02.0: Please move the device to a different PCI-e link with more lanes and/or higher transfer rate.\\r']\n",
      "host.client OUT: ['[    1.627441] i40e 0000:00:02.0: MFS for port 180 has been set below the default: 0\\r']\n",
      "host.client OUT: ['[    1.628006] i40e 0000:00:02.0: Features: PF-id[0] VSIs: 384 QP: 1 RSS VxLAN Geneve PTP VEPA\\r']\n",
      "host.client OUT: ['+ ip link set dev eth0 up\\r']\n",
      "host.client OUT: ['[    1.641453] i40e 0000:00:02.0: Error OK adding RX filters on PF, promiscuous mode forced on\\r']\n",
      "host.client OUT: ['+ ip addr add 10.0.0.2/24 dev eth0\\r']\n",
      "host.client OUT: ['+ sleep 1\\r']\n",
      "host.client OUT: ['+ iperf -l 32M -w 32M -c 10.0.0.1 -i 1 -P 1\\r']\n",
      "host.client OUT: ['------------------------------------------------------------\\r']\n",
      "host.client OUT: ['Client connecting to 10.0.0.1, TCP port 5001\\r']\n",
      "host.client OUT: ['TCP window size:  416 KByte (WARNING: requested 32.0 MByte)\\r']\n",
      "host.client OUT: ['------------------------------------------------------------\\r']\n",
      "host.client OUT: ['[  1] local 10.0.0.2 port 53770 connected with 10.0.0.1 port 5001\\r']\n",
      "host.server OUT: ['[  1] local 10.0.0.1 port 5001 connected with 10.0.0.2 port 53770\\r']\n",
      "host.client OUT: ['[ ID] Interval       Transfer     Bandwidth\\r']\n",
      "host.client OUT: ['[  1] 0.0000-1.0000 sec  1.03 GBytes  8.86 Gbits/sec\\r']\n",
      "host.client OUT: ['[  1] 1.0000-2.0000 sec  1.00 GBytes  8.59 Gbits/sec\\r']\n",
      "my-simple-experiment: started host.server\n",
      "my-simple-experiment: started host.client\n",
      "my-simple-experiment: waiting for hosts to terminate\n",
      "host.client OUT: ['[  1] 2.0000-3.0000 sec   960 MBytes  8.05 Gbits/sec\\r']\n",
      "host.client OUT: ['[  1] 3.0000-4.0000 sec  1.03 GBytes  8.86 Gbits/sec\\r']\n",
