{
 "cells": [
  {
   "cell_type": "code",
   "execution_count": 1,
   "id": "68456521-4d2c-4b6b-93a8-3c8b5675c0cf",
   "metadata": {},
   "outputs": [],
   "source": [
    "import re\n",
    "import asyncio\n",
    "import os\n",
    "from simbricks.orchestration import system as sys_mod\n",
    "from simbricks.orchestration import simulation\n",
    "from simbricks.orchestration import instantiation\n",
    "from simbricks.utils import base as utils_base\n",
    "from simbricks.client.opus import base as opus_base\n",
    "from simbricks.orchestration.helpers import simulation as sim_helpers\n",
    "from simbricks.orchestration.helpers import instantiation as inst_helpers"
   ]
  },
  {
   "cell_type": "markdown",
   "id": "b11f61c4-b566-41b7-9a84-86ad443fff10",
   "metadata": {
    "tags": []
   },
   "source": [
    "# Lab 1: Configuring & Running Virtual Prototypes with SimBricks Cloud\n",
    "\n",
    "## 1. Minimal 2-Host Virtual Prototype\n",
    "To get started, we will set up a simple virtual prototype that is composed of two hosts that have one NIC each and are connected through a basic switch. The hosts run Linux with the regular network stack, and run the standard `iperf` network benchmark, with one host acting as the server, and the other as the client.\n",
    "\n",
    "To keep simulation times low for testing here, we use unsynchronized and inaccurate simulator configurations: QEMU with KVM acceleration (if available), the behavioral Intel x710 (`i40e`) NIC model, and our simple behavioral switch."
   ]
  },
  {
   "cell_type": "markdown",
   "id": "6e6f9399-9ba5-4bb4-8966-7af01b159640",
   "metadata": {},
   "source": [
    "### 1.1. System Configuration\n",
    "We will start by configuring the system from which we want to create a virtual prototype of. This is the usual way to start a SimBricks script.\n",
    "\n",
    "Writing this system configurations is about specifying **what** we want to simulate instead of making a choice on how (i.e. which simulator to use) to simulate "
   ]
  },
  {
   "cell_type": "markdown",
   "id": "c4602478-5f5a-4806-8fcc-0ad8bf2f7c8c",
   "metadata": {},
   "source": [
    "The first step is to create an `System` object. This object contains pointers to all relevant components of the system we want to simulate. Later on we will use those components and decide for each which simulator we want to use."
   ]
  },
  {
   "cell_type": "code",
   "execution_count": 2,
   "id": "8ece411b-d01a-4005-a2e9-81c388c8f238",
   "metadata": {},
   "outputs": [],
   "source": [
    "syst = sys_mod.System()"
   ]
  },
  {
   "cell_type": "markdown",
   "id": "16ad611a-39bf-424a-97bd-fb76b1756c7a",
   "metadata": {},
   "source": [
    "Now we create a host specification for our client and add it to our system object. In this case we create Linux host that is supposed to have the driver for the IntelI40E nic available. Then we add two disk images. The `DistroDiskImage` is one of the linux images distributed alongside SimBricks that contains the required driver. Note that the `DistroDiskImage` does not take the host it belongs to as a constructor argument. The `LinuxConfigDiskImage` will later on store the actual commands that we want to execute during the simulation on this host.   "
   ]
  },
  {
   "cell_type": "code",
   "execution_count": 3,
   "id": "c7f86f01-55ea-4ecd-a5d5-d077e54cbdcd",
   "metadata": {},
   "outputs": [],
   "source": [
    "# create disk images\n",
    "distro_disk_image = sys_mod.DistroDiskImage(syst, \"base\")\n",
    "\n",
    "# create client\n",
    "host0 = sys_mod.I40ELinuxHost(syst)\n",
    "host0.add_disk(distro_disk_image)\n",
    "host0.add_disk(sys_mod.LinuxConfigDiskImage(syst, host0))"
   ]
  },
  {
   "cell_type": "markdown",
   "id": "4539c073-f2bb-4de5-adf2-4599904a4ec3",
   "metadata": {},
   "source": [
    "After configuring the client host, we create a specification for an i40e NIC model, and connect it to both the host using a PCIe interface. Under the hood SimBricks system configurations use a notion of device interfaces that are connected through a channel. SImilar to the real world, we further assign an IP address to the NIC that will be made accessible to the host when connecting the NICs interface to the host. "
   ]
  },
  {
   "cell_type": "code",
   "execution_count": 4,
   "id": "5b1a5b63-74ff-40a2-9376-2757174b39cb",
   "metadata": {},
   "outputs": [
    {
     "data": {
      "text/plain": [
       "<simbricks.orchestration.system.pcie.PCIeChannel at 0x7bf6f2798410>"
      ]
     },
     "execution_count": 4,
     "metadata": {},
     "output_type": "execute_result"
    }
   ],
   "source": [
    "# create client NIC\n",
    "nic0 = sys_mod.IntelI40eNIC(syst)\n",
    "nic0.add_ipv4(\"10.0.0.1\")\n",
    "host0.connect_pcie_dev(nic0)"
   ]
  },
  {
   "cell_type": "markdown",
   "id": "506232f7-17f0-48bc-8253-04bcc1c39965",
   "metadata": {},
   "source": [
    "Similar to the client, we create a server and attach a nic to the server."
   ]
  },
  {
   "cell_type": "code",
   "execution_count": 5,
   "id": "3ffad74a-5a01-457a-b064-76322c6c6fd0",
   "metadata": {},
   "outputs": [
    {
     "data": {
      "text/plain": [
       "<simbricks.orchestration.system.pcie.PCIeChannel at 0x7bf6f1746db0>"
      ]
     },
     "execution_count": 5,
     "metadata": {},
     "output_type": "execute_result"
    }
   ],
   "source": [
    "# create server\n",
    "host1 = sys_mod.I40ELinuxHost(syst)\n",
    "host1.add_disk(distro_disk_image)\n",
    "host1.add_disk(sys_mod.LinuxConfigDiskImage(syst, host1))\n",
    "# create server NIC\n",
    "nic1 = sys_mod.IntelI40eNIC(syst)\n",
    "nic1.add_ipv4(\"10.0.0.2\")\n",
    "host1.connect_pcie_dev(nic1)"
   ]
  },
  {
   "cell_type": "markdown",
   "id": "f2fa2934-5435-4984-9046-c075f4dc9796",
   "metadata": {},
   "source": [
    "After creating and connecting the nic to our client host, we specify the application to run during the simulation. For the client we choose an iperf TCP client and pass it the server IP address to connect to. Further we specify the wait flag on that application. The wait flag is important to tell SimBricks to wait until this application ran through until the simualtion can be stopped and cleaned up (many simulators, for like a network simulator typically run until they are manually stopped when an experiment is executed. To basically tell SimBricks what applications and components we wait for, the wait flag is used)."
   ]
  },
  {
   "cell_type": "code",
   "execution_count": 6,
   "id": "82977f37-d37e-4b22-8d8a-f3b1abfa9a67",
   "metadata": {},
   "outputs": [],
   "source": [
    "# set client application\n",
    "client_app = sys_mod.IperfTCPClient(h=host0, server_ip=nic1._ip)\n",
    "client_app.wait = True\n",
    "host0.add_app(client_app)"
   ]
  },
  {
   "cell_type": "markdown",
   "id": "0751241c-d3f1-4be3-9ca8-cf5d0c760619",
   "metadata": {},
   "source": [
    "Again, similar to the client case, we create an iperf server application and assign it to the server host we created before. Note that we do not need to specify the wait flag in this case, as we are interested in the client application to finish, not the server one."
   ]
  },
  {
   "cell_type": "code",
   "execution_count": 7,
   "id": "d8fbab64-429c-4840-bf8f-da4e2650ca4e",
   "metadata": {},
   "outputs": [],
   "source": [
    "# set server application\n",
    "server_app = sys_mod.IperfTCPServer(h=host1)\n",
    "host1.add_app(server_app)"
   ]
  },
  {
   "cell_type": "markdown",
   "id": "d6425a15-33ba-4ae8-9f06-7430c17edf82",
   "metadata": {},
   "source": [
    "Once we specified the client and server host/NICs we want to simulate, we create a specificatio of a simple switch that we connect to the ethernet interfaces of the previously created NICs to connect those with each other like in a real network."
   ]
  },
  {
   "cell_type": "code",
   "execution_count": 8,
   "id": "6dd96824-d41e-4d19-80ed-17aa6d9ff0bb",
   "metadata": {},
   "outputs": [
    {
     "data": {
      "text/plain": [
       "<simbricks.orchestration.system.eth.EthChannel at 0x7bf6f1747440>"
      ]
     },
     "execution_count": 8,
     "metadata": {},
     "output_type": "execute_result"
    }
   ],
   "source": [
    "# create switch and connect NICs to switch\n",
    "switch = sys_mod.EthSwitch(syst)\n",
    "switch.connect_eth_peer_if(nic0._eth_if)\n",
    "switch.connect_eth_peer_if(nic1._eth_if)"
   ]
  },
  {
   "cell_type": "markdown",
   "id": "93347d9e-b4f4-4e3f-a7c8-c553ba990813",
   "metadata": {},
   "source": [
    "And that's it! We have assembled our first SimBricks system specification. We continue buy making a simulation choice."
   ]
  },
  {
   "cell_type": "markdown",
   "id": "3546d1ec-0366-4d57-bf48-1570775739ce",
   "metadata": {},
   "source": [
    "### 1.2. Simulation Configuration\n",
    "In the previoius step we configured the system that we want to simulate. After we did this we now have to make a choice on **what simulators** we want to use to simulate this system.\n",
    "\n",
    "When thinking about this, one realizes that e.g. a linux host might be simualted by e.g. either QEMU or Gem5 whereas a NIC might e.g. be simulated by using a behavioral model or by simulating the actual RTL. The next step is all about making this choice."
   ]
  },
  {
   "cell_type": "markdown",
   "id": "417cde6d-6376-4b5e-b759-a2028d1331a5",
   "metadata": {},
   "source": [
    "The first step is to create a Simulation object:"
   ]
  },
  {
   "cell_type": "code",
   "execution_count": 9,
   "id": "2df3f2a6-cb3a-45fc-8d86-9c1ab079f568",
   "metadata": {},
   "outputs": [],
   "source": [
    "\"\"\"\n",
    "Simulator Choice\n",
    "\"\"\"\n",
    "sim = simulation.Simulation(name=\"My-simple-simulation\", system=syst)"
   ]
  },
  {
   "cell_type": "markdown",
   "id": "09305f60-b9b4-4693-b3e6-17dfb05fecdb",
   "metadata": {},
   "source": [
    "In the next step, we go over the system components that we created before (i.e. the two hosts, the two nics and the switch) and create simulator instance. Each of the system components is then added to the simulator that is supposed to simulate that component. \n",
    "\n",
    "Depending on whether simulator supports this, you can also choose to add multiple of those components to the same simulator instance, thus causing a single simulator to simulate multiple components at once. This can be very useful. An example of this can be seen in the __[networking-case-study](https://github.com/simbricks/simbricks-examples/tree/orchestration-framework-rework/networking-case-study)__ example within this repo, were we use a single ns3 instance to simulate multiple components (e.g. switches)."
   ]
  },
  {
   "cell_type": "code",
   "execution_count": 10,
   "id": "251e1ecf-cd50-4054-aa6d-eb08b9511133",
   "metadata": {},
   "outputs": [],
   "source": [
    "host_inst0 = simulation.QemuSim(sim)\n",
    "host_inst0.add(host0)\n",
    "\n",
    "host_inst1 = simulation.QemuSim(sim)\n",
    "host_inst1.add(host1)\n",
    "\n",
    "nic_inst0 = simulation.I40eNicSim(sim)\n",
    "nic_inst0.add(nic0)\n",
    "\n",
    "nic_inst1 = simulation.I40eNicSim(sim)\n",
    "nic_inst1.add(nic1)\n",
    "\n",
    "net_inst = simulation.SwitchNet(sim)\n",
    "net_inst.add(switch)"
   ]
  },
  {
   "cell_type": "markdown",
   "id": "7b542125-c5d7-4be7-96e6-2f106b1bb48c",
   "metadata": {},
   "source": [
    "Alternatively, to make the process of choosing simulators for your components easier, you could use SimBricks helper functions (or define your own helpers using python):"
   ]
  },
  {
   "cell_type": "code",
   "execution_count": 11,
   "id": "fa32eee8-1a29-43ea-8aa4-a9bfb9d6c727",
   "metadata": {},
   "outputs": [],
   "source": [
    "sim = sim_helpers.simple_simulation(\n",
    "    syst,\n",
    "    compmap={\n",
    "        sys_mod.FullSystemHost: simulation.QemuSim,\n",
    "        sys_mod.IntelI40eNIC: simulation.I40eNicSim,\n",
    "        sys_mod.EthSwitch: simulation.SwitchNet,\n",
    "    },\n",
    ")"
   ]
  },
  {
   "cell_type": "markdown",
   "id": "3742b839-0e6e-4389-b1b3-0c03319b8e90",
   "metadata": {},
   "source": [
    "If you read the SimBricks paper you know that SimBricks connects simulator instances via shared memory queues to which we refer as `Channel` in the orchestration framework. Those channels can be used in synchronized mode or unsynchronized (default) mode. To e.g. enable to run an experiment synchronized (this is required for accurate time measurements) we need to enable synchronization for those channels:  "
   ]
  },
  {
   "cell_type": "code",
   "execution_count": 12,
   "id": "44c86214-a478-4415-93e0-11912dca938e",
   "metadata": {},
   "outputs": [],
   "source": [
    "# if synchronized set, enable synchronization for all SimBricks channels\n",
    "synchronized = False\n",
    "if synchronized:\n",
    "    sim.enable_synchronization(amount=500, ratio=utils_base.Time.Nanoseconds)"
   ]
  },
  {
   "cell_type": "markdown",
   "id": "37cebf03-7b8b-4cc5-92eb-736d9e7c441a",
   "metadata": {},
   "source": [
    "### 1.3 Instantiation\n",
    "\n",
    "The last thing we need to take care of in order to simulate our virtual prototype is to create an instantiation of it. In our example we create a very simple instantiation and assign the previously created simulation to it.\n",
    "\n",
    "Additionally we do create a single runtime Fragement that contains all simulators that are supposed to be executed as part of that Fragement, i.e. on the same machine. For this purpose we make use of a SimBricks helper function as well.\n",
    "\n",
    "In case you plan to distribute the execution of your virtual prototype across multiple machines, you would have to define multiple such Fragments. "
   ]
  },
  {
   "cell_type": "code",
   "execution_count": 13,
   "id": "d5c24f06-3b46-43b2-9b8b-77edc7cfc47f",
   "metadata": {},
   "outputs": [],
   "source": [
    "\"\"\"\n",
    "Create an instatiation of your virtual prototype\n",
    "\"\"\"\n",
    "instantiations = []\n",
    "instance = inst_helpers.simple_instantiation(sim)\n",
    "instantiations.append(instance)"
   ]
  },
  {
   "cell_type": "markdown",
   "id": "eb13b413-58b0-45d7-b0c8-850db0b002e3",
   "metadata": {},
   "source": [
    "And that's it! We have assembled our first SimBricks virtual prototype and we are ready to send it to the server for execution."
   ]
  },
  {
   "cell_type": "markdown",
   "id": "d3197c79-37cb-42c0-a4fb-7a5e95f0df13",
   "metadata": {},
   "source": [
    "## 2 Executing Virtual Prototypes"
   ]
  },
  {
   "cell_type": "markdown",
   "id": "c6a5b34f-5919-4aff-a2ee-f70937a41ef1",
   "metadata": {},
   "source": [
    "### 2.1 Via CLI"
   ]
  },
  {
   "cell_type": "markdown",
   "id": "be943f03-67ec-401d-97c3-fb59c73ed38e",
   "metadata": {},
   "source": [
    "SimBricks virtual prototype can conviniently be executed via the command line. To do this, the virtual prototyping script must be saved in a .py file (`my-firs-experiment.py` in this case), which has to declare a list Instantiation Configurations called `instantiations`. The Instantiation Configurations in this list along with the respective System- and Simulation-Configurations will then be used for execution.\n",
    "\n",
    "Here you can see the python script:"
   ]
  },
  {
   "cell_type": "code",
   "execution_count": 14,
   "id": "9864f345-c5ef-44b3-9c87-2d267ecb4de6",
   "metadata": {},
   "outputs": [
    {
     "data": {
      "text/html": [
       "<style>pre { line-height: 125%; }\n",
       "td.linenos .normal { color: inherit; background-color: transparent; padding-left: 5px; padding-right: 5px; }\n",
       "span.linenos { color: inherit; background-color: transparent; padding-left: 5px; padding-right: 5px; }\n",
       "td.linenos .special { color: #000000; background-color: #ffffc0; padding-left: 5px; padding-right: 5px; }\n",
       "span.linenos.special { color: #000000; background-color: #ffffc0; padding-left: 5px; padding-right: 5px; }\n",
       ".output_html .hll { background-color: #ffffcc }\n",
       ".output_html { background: #f8f8f8; }\n",
       ".output_html .c { color: #3D7B7B; font-style: italic } /* Comment */\n",
       ".output_html .err { border: 1px solid #F00 } /* Error */\n",
       ".output_html .k { color: #008000; font-weight: bold } /* Keyword */\n",
       ".output_html .o { color: #666 } /* Operator */\n",
       ".output_html .ch { color: #3D7B7B; font-style: italic } /* Comment.Hashbang */\n",
       ".output_html .cm { color: #3D7B7B; font-style: italic } /* Comment.Multiline */\n",
       ".output_html .cp { color: #9C6500 } /* Comment.Preproc */\n",
       ".output_html .cpf { color: #3D7B7B; font-style: italic } /* Comment.PreprocFile */\n",
       ".output_html .c1 { color: #3D7B7B; font-style: italic } /* Comment.Single */\n",
       ".output_html .cs { color: #3D7B7B; font-style: italic } /* Comment.Special */\n",
       ".output_html .gd { color: #A00000 } /* Generic.Deleted */\n",
       ".output_html .ge { font-style: italic } /* Generic.Emph */\n",
       ".output_html .ges { font-weight: bold; font-style: italic } /* Generic.EmphStrong */\n",
       ".output_html .gr { color: #E40000 } /* Generic.Error */\n",
       ".output_html .gh { color: #000080; font-weight: bold } /* Generic.Heading */\n",
       ".output_html .gi { color: #008400 } /* Generic.Inserted */\n",
       ".output_html .go { color: #717171 } /* Generic.Output */\n",
       ".output_html .gp { color: #000080; font-weight: bold } /* Generic.Prompt */\n",
       ".output_html .gs { font-weight: bold } /* Generic.Strong */\n",
       ".output_html .gu { color: #800080; font-weight: bold } /* Generic.Subheading */\n",
       ".output_html .gt { color: #04D } /* Generic.Traceback */\n",
       ".output_html .kc { color: #008000; font-weight: bold } /* Keyword.Constant */\n",
       ".output_html .kd { color: #008000; font-weight: bold } /* Keyword.Declaration */\n",
       ".output_html .kn { color: #008000; font-weight: bold } /* Keyword.Namespace */\n",
       ".output_html .kp { color: #008000 } /* Keyword.Pseudo */\n",
       ".output_html .kr { color: #008000; font-weight: bold } /* Keyword.Reserved */\n",
       ".output_html .kt { color: #B00040 } /* Keyword.Type */\n",
       ".output_html .m { color: #666 } /* Literal.Number */\n",
       ".output_html .s { color: #BA2121 } /* Literal.String */\n",
       ".output_html .na { color: #687822 } /* Name.Attribute */\n",
       ".output_html .nb { color: #008000 } /* Name.Builtin */\n",
       ".output_html .nc { color: #00F; font-weight: bold } /* Name.Class */\n",
       ".output_html .no { color: #800 } /* Name.Constant */\n",
       ".output_html .nd { color: #A2F } /* Name.Decorator */\n",
       ".output_html .ni { color: #717171; font-weight: bold } /* Name.Entity */\n",
       ".output_html .ne { color: #CB3F38; font-weight: bold } /* Name.Exception */\n",
       ".output_html .nf { color: #00F } /* Name.Function */\n",
       ".output_html .nl { color: #767600 } /* Name.Label */\n",
       ".output_html .nn { color: #00F; font-weight: bold } /* Name.Namespace */\n",
       ".output_html .nt { color: #008000; font-weight: bold } /* Name.Tag */\n",
       ".output_html .nv { color: #19177C } /* Name.Variable */\n",
       ".output_html .ow { color: #A2F; font-weight: bold } /* Operator.Word */\n",
       ".output_html .w { color: #BBB } /* Text.Whitespace */\n",
       ".output_html .mb { color: #666 } /* Literal.Number.Bin */\n",
       ".output_html .mf { color: #666 } /* Literal.Number.Float */\n",
       ".output_html .mh { color: #666 } /* Literal.Number.Hex */\n",
       ".output_html .mi { color: #666 } /* Literal.Number.Integer */\n",
       ".output_html .mo { color: #666 } /* Literal.Number.Oct */\n",
       ".output_html .sa { color: #BA2121 } /* Literal.String.Affix */\n",
       ".output_html .sb { color: #BA2121 } /* Literal.String.Backtick */\n",
       ".output_html .sc { color: #BA2121 } /* Literal.String.Char */\n",
       ".output_html .dl { color: #BA2121 } /* Literal.String.Delimiter */\n",
       ".output_html .sd { color: #BA2121; font-style: italic } /* Literal.String.Doc */\n",
       ".output_html .s2 { color: #BA2121 } /* Literal.String.Double */\n",
       ".output_html .se { color: #AA5D1F; font-weight: bold } /* Literal.String.Escape */\n",
       ".output_html .sh { color: #BA2121 } /* Literal.String.Heredoc */\n",
       ".output_html .si { color: #A45A77; font-weight: bold } /* Literal.String.Interpol */\n",
       ".output_html .sx { color: #008000 } /* Literal.String.Other */\n",
       ".output_html .sr { color: #A45A77 } /* Literal.String.Regex */\n",
       ".output_html .s1 { color: #BA2121 } /* Literal.String.Single */\n",
       ".output_html .ss { color: #19177C } /* Literal.String.Symbol */\n",
       ".output_html .bp { color: #008000 } /* Name.Builtin.Pseudo */\n",
       ".output_html .fm { color: #00F } /* Name.Function.Magic */\n",
       ".output_html .vc { color: #19177C } /* Name.Variable.Class */\n",
       ".output_html .vg { color: #19177C } /* Name.Variable.Global */\n",
       ".output_html .vi { color: #19177C } /* Name.Variable.Instance */\n",
       ".output_html .vm { color: #19177C } /* Name.Variable.Magic */\n",
       ".output_html .il { color: #666 } /* Literal.Number.Integer.Long */\n",
       "pre { line-height: 125%; }\n",
       "td.linenos .normal { color: inherit; background-color: transparent; padding-left: 5px; padding-right: 5px; }\n",
       "span.linenos { color: inherit; background-color: transparent; padding-left: 5px; padding-right: 5px; }\n",
       "td.linenos .special { color: #000000; background-color: #ffffc0; padding-left: 5px; padding-right: 5px; }\n",
       "span.linenos.special { color: #000000; background-color: #ffffc0; padding-left: 5px; padding-right: 5px; }\n",
       ".jp-RenderedHTML .hll { background-color: #ffffcc }\n",
       ".jp-RenderedHTML { background: #f8f8f8; }\n",
       ".jp-RenderedHTML .c { color: #3D7B7B; font-style: italic } /* Comment */\n",
       ".jp-RenderedHTML .err { border: 1px solid #F00 } /* Error */\n",
       ".jp-RenderedHTML .k { color: #008000; font-weight: bold } /* Keyword */\n",
       ".jp-RenderedHTML .o { color: #666 } /* Operator */\n",
       ".jp-RenderedHTML .ch { color: #3D7B7B; font-style: italic } /* Comment.Hashbang */\n",
       ".jp-RenderedHTML .cm { color: #3D7B7B; font-style: italic } /* Comment.Multiline */\n",
       ".jp-RenderedHTML .cp { color: #9C6500 } /* Comment.Preproc */\n",
       ".jp-RenderedHTML .cpf { color: #3D7B7B; font-style: italic } /* Comment.PreprocFile */\n",
       ".jp-RenderedHTML .c1 { color: #3D7B7B; font-style: italic } /* Comment.Single */\n",
       ".jp-RenderedHTML .cs { color: #3D7B7B; font-style: italic } /* Comment.Special */\n",
       ".jp-RenderedHTML .gd { color: #A00000 } /* Generic.Deleted */\n",
       ".jp-RenderedHTML .ge { font-style: italic } /* Generic.Emph */\n",
       ".jp-RenderedHTML .ges { font-weight: bold; font-style: italic } /* Generic.EmphStrong */\n",
       ".jp-RenderedHTML .gr { color: #E40000 } /* Generic.Error */\n",
       ".jp-RenderedHTML .gh { color: #000080; font-weight: bold } /* Generic.Heading */\n",
       ".jp-RenderedHTML .gi { color: #008400 } /* Generic.Inserted */\n",
       ".jp-RenderedHTML .go { color: #717171 } /* Generic.Output */\n",
       ".jp-RenderedHTML .gp { color: #000080; font-weight: bold } /* Generic.Prompt */\n",
       ".jp-RenderedHTML .gs { font-weight: bold } /* Generic.Strong */\n",
       ".jp-RenderedHTML .gu { color: #800080; font-weight: bold } /* Generic.Subheading */\n",
       ".jp-RenderedHTML .gt { color: #04D } /* Generic.Traceback */\n",
       ".jp-RenderedHTML .kc { color: #008000; font-weight: bold } /* Keyword.Constant */\n",
       ".jp-RenderedHTML .kd { color: #008000; font-weight: bold } /* Keyword.Declaration */\n",
       ".jp-RenderedHTML .kn { color: #008000; font-weight: bold } /* Keyword.Namespace */\n",
       ".jp-RenderedHTML .kp { color: #008000 } /* Keyword.Pseudo */\n",
       ".jp-RenderedHTML .kr { color: #008000; font-weight: bold } /* Keyword.Reserved */\n",
       ".jp-RenderedHTML .kt { color: #B00040 } /* Keyword.Type */\n",
       ".jp-RenderedHTML .m { color: #666 } /* Literal.Number */\n",
       ".jp-RenderedHTML .s { color: #BA2121 } /* Literal.String */\n",
       ".jp-RenderedHTML .na { color: #687822 } /* Name.Attribute */\n",
       ".jp-RenderedHTML .nb { color: #008000 } /* Name.Builtin */\n",
       ".jp-RenderedHTML .nc { color: #00F; font-weight: bold } /* Name.Class */\n",
       ".jp-RenderedHTML .no { color: #800 } /* Name.Constant */\n",
       ".jp-RenderedHTML .nd { color: #A2F } /* Name.Decorator */\n",
       ".jp-RenderedHTML .ni { color: #717171; font-weight: bold } /* Name.Entity */\n",
       ".jp-RenderedHTML .ne { color: #CB3F38; font-weight: bold } /* Name.Exception */\n",
       ".jp-RenderedHTML .nf { color: #00F } /* Name.Function */\n",
       ".jp-RenderedHTML .nl { color: #767600 } /* Name.Label */\n",
       ".jp-RenderedHTML .nn { color: #00F; font-weight: bold } /* Name.Namespace */\n",
       ".jp-RenderedHTML .nt { color: #008000; font-weight: bold } /* Name.Tag */\n",
       ".jp-RenderedHTML .nv { color: #19177C } /* Name.Variable */\n",
       ".jp-RenderedHTML .ow { color: #A2F; font-weight: bold } /* Operator.Word */\n",
       ".jp-RenderedHTML .w { color: #BBB } /* Text.Whitespace */\n",
       ".jp-RenderedHTML .mb { color: #666 } /* Literal.Number.Bin */\n",
       ".jp-RenderedHTML .mf { color: #666 } /* Literal.Number.Float */\n",
       ".jp-RenderedHTML .mh { color: #666 } /* Literal.Number.Hex */\n",
       ".jp-RenderedHTML .mi { color: #666 } /* Literal.Number.Integer */\n",
       ".jp-RenderedHTML .mo { color: #666 } /* Literal.Number.Oct */\n",
       ".jp-RenderedHTML .sa { color: #BA2121 } /* Literal.String.Affix */\n",
       ".jp-RenderedHTML .sb { color: #BA2121 } /* Literal.String.Backtick */\n",
       ".jp-RenderedHTML .sc { color: #BA2121 } /* Literal.String.Char */\n",
       ".jp-RenderedHTML .dl { color: #BA2121 } /* Literal.String.Delimiter */\n",
       ".jp-RenderedHTML .sd { color: #BA2121; font-style: italic } /* Literal.String.Doc */\n",
       ".jp-RenderedHTML .s2 { color: #BA2121 } /* Literal.String.Double */\n",
       ".jp-RenderedHTML .se { color: #AA5D1F; font-weight: bold } /* Literal.String.Escape */\n",
       ".jp-RenderedHTML .sh { color: #BA2121 } /* Literal.String.Heredoc */\n",
       ".jp-RenderedHTML .si { color: #A45A77; font-weight: bold } /* Literal.String.Interpol */\n",
       ".jp-RenderedHTML .sx { color: #008000 } /* Literal.String.Other */\n",
       ".jp-RenderedHTML .sr { color: #A45A77 } /* Literal.String.Regex */\n",
       ".jp-RenderedHTML .s1 { color: #BA2121 } /* Literal.String.Single */\n",
       ".jp-RenderedHTML .ss { color: #19177C } /* Literal.String.Symbol */\n",
       ".jp-RenderedHTML .bp { color: #008000 } /* Name.Builtin.Pseudo */\n",
       ".jp-RenderedHTML .fm { color: #00F } /* Name.Function.Magic */\n",
       ".jp-RenderedHTML .vc { color: #19177C } /* Name.Variable.Class */\n",
       ".jp-RenderedHTML .vg { color: #19177C } /* Name.Variable.Global */\n",
       ".jp-RenderedHTML .vi { color: #19177C } /* Name.Variable.Instance */\n",
       ".jp-RenderedHTML .vm { color: #19177C } /* Name.Variable.Magic */\n",
       ".jp-RenderedHTML .il { color: #666 } /* Literal.Number.Integer.Long */</style><div class=\"highlight\"><pre><span></span><span class=\"c1\"># Copyright 2021 Max Planck Institute for Software Systems, and</span>\n",
       "<span class=\"c1\"># National University of Singapore</span>\n",
       "<span class=\"c1\">#</span>\n",
       "<span class=\"c1\"># Permission is hereby granted, free of charge, to any person obtaining</span>\n",
       "<span class=\"c1\"># a copy of this software and associated documentation files (the</span>\n",
       "<span class=\"c1\"># &quot;Software&quot;), to deal in the Software without restriction, including</span>\n",
       "<span class=\"c1\"># without limitation the rights to use, copy, modify, merge, publish,</span>\n",
       "<span class=\"c1\"># distribute, sublicense, and/or sell copies of the Software, and to</span>\n",
       "<span class=\"c1\"># permit persons to whom the Software is furnished to do so, subject to</span>\n",
       "<span class=\"c1\"># the following conditions:</span>\n",
       "<span class=\"c1\">#</span>\n",
       "<span class=\"c1\"># The above copyright notice and this permission notice shall be</span>\n",
       "<span class=\"c1\"># included in all copies or substantial portions of the Software.</span>\n",
       "<span class=\"c1\">#</span>\n",
       "<span class=\"c1\"># THE SOFTWARE IS PROVIDED &quot;AS IS&quot;, WITHOUT WARRANTY OF ANY KIND,</span>\n",
       "<span class=\"c1\"># EXPRESS OR IMPLIED, INCLUDING BUT NOT LIMITED TO THE WARRANTIES OF</span>\n",
       "<span class=\"c1\"># MERCHANTABILITY, FITNESS FOR A PARTICULAR PURPOSE AND NONINFRINGEMENT.</span>\n",
       "<span class=\"c1\"># IN NO EVENT SHALL THE AUTHORS OR COPYRIGHT HOLDERS BE LIABLE FOR ANY</span>\n",
       "<span class=\"c1\"># CLAIM, DAMAGES OR OTHER LIABILITY, WHETHER IN AN ACTION OF CONTRACT,</span>\n",
       "<span class=\"c1\"># TORT OR OTHERWISE, ARISING FROM, OUT OF OR IN CONNECTION WITH THE</span>\n",
       "<span class=\"c1\"># SOFTWARE OR THE USE OR OTHER DEALINGS IN THE SOFTWARE.</span>\n",
       "\n",
       "\n",
       "<span class=\"kn\">from</span><span class=\"w\"> </span><span class=\"nn\">simbricks.orchestration</span><span class=\"w\"> </span><span class=\"kn\">import</span> <span class=\"n\">system</span>\n",
       "<span class=\"kn\">from</span><span class=\"w\"> </span><span class=\"nn\">simbricks.orchestration</span><span class=\"w\"> </span><span class=\"kn\">import</span> <span class=\"n\">simulation</span>\n",
       "<span class=\"kn\">from</span><span class=\"w\"> </span><span class=\"nn\">simbricks.orchestration.helpers</span><span class=\"w\"> </span><span class=\"kn\">import</span> <span class=\"n\">simulation</span> <span class=\"k\">as</span> <span class=\"n\">sim_helpers</span>\n",
       "<span class=\"kn\">from</span><span class=\"w\"> </span><span class=\"nn\">simbricks.orchestration.helpers</span><span class=\"w\"> </span><span class=\"kn\">import</span> <span class=\"n\">instantiation</span> <span class=\"k\">as</span> <span class=\"n\">inst_helpers</span>\n",
       "\n",
       "\n",
       "<span class=\"sd\">&quot;&quot;&quot;</span>\n",
       "<span class=\"sd\">This list is used and expected</span>\n",
       "<span class=\"sd\">&quot;&quot;&quot;</span>\n",
       "<span class=\"n\">instantiations</span> <span class=\"o\">=</span> <span class=\"p\">[]</span>\n",
       "\n",
       "\n",
       "<span class=\"sd\">&quot;&quot;&quot;</span>\n",
       "<span class=\"sd\">System Specification</span>\n",
       "<span class=\"sd\">&quot;&quot;&quot;</span>\n",
       "<span class=\"n\">syst</span> <span class=\"o\">=</span> <span class=\"n\">system</span><span class=\"o\">.</span><span class=\"n\">System</span><span class=\"p\">()</span>\n",
       "\n",
       "<span class=\"c1\"># create disk images</span>\n",
       "<span class=\"n\">distro_disk_image</span> <span class=\"o\">=</span> <span class=\"n\">system</span><span class=\"o\">.</span><span class=\"n\">DistroDiskImage</span><span class=\"p\">(</span><span class=\"n\">syst</span><span class=\"p\">,</span> <span class=\"s2\">&quot;base&quot;</span><span class=\"p\">)</span>\n",
       "\n",
       "<span class=\"c1\"># create client</span>\n",
       "<span class=\"n\">host0</span> <span class=\"o\">=</span> <span class=\"n\">system</span><span class=\"o\">.</span><span class=\"n\">I40ELinuxHost</span><span class=\"p\">(</span><span class=\"n\">syst</span><span class=\"p\">)</span>\n",
       "<span class=\"n\">host0</span><span class=\"o\">.</span><span class=\"n\">add_disk</span><span class=\"p\">(</span><span class=\"n\">distro_disk_image</span><span class=\"p\">)</span>\n",
       "<span class=\"n\">host0</span><span class=\"o\">.</span><span class=\"n\">add_disk</span><span class=\"p\">(</span><span class=\"n\">system</span><span class=\"o\">.</span><span class=\"n\">LinuxConfigDiskImage</span><span class=\"p\">(</span><span class=\"n\">syst</span><span class=\"p\">,</span> <span class=\"n\">host0</span><span class=\"p\">))</span>\n",
       "<span class=\"c1\"># create client NIC</span>\n",
       "<span class=\"n\">nic0</span> <span class=\"o\">=</span> <span class=\"n\">system</span><span class=\"o\">.</span><span class=\"n\">IntelI40eNIC</span><span class=\"p\">(</span><span class=\"n\">syst</span><span class=\"p\">)</span>\n",
       "<span class=\"n\">nic0</span><span class=\"o\">.</span><span class=\"n\">add_ipv4</span><span class=\"p\">(</span><span class=\"s2\">&quot;10.0.0.1&quot;</span><span class=\"p\">)</span>\n",
       "<span class=\"n\">host0</span><span class=\"o\">.</span><span class=\"n\">connect_pcie_dev</span><span class=\"p\">(</span><span class=\"n\">nic0</span><span class=\"p\">)</span>\n",
       "\n",
       "<span class=\"c1\"># create server</span>\n",
       "<span class=\"n\">host1</span> <span class=\"o\">=</span> <span class=\"n\">system</span><span class=\"o\">.</span><span class=\"n\">I40ELinuxHost</span><span class=\"p\">(</span><span class=\"n\">syst</span><span class=\"p\">)</span>\n",
       "<span class=\"n\">host1</span><span class=\"o\">.</span><span class=\"n\">add_disk</span><span class=\"p\">(</span><span class=\"n\">distro_disk_image</span><span class=\"p\">)</span>\n",
       "<span class=\"n\">host1</span><span class=\"o\">.</span><span class=\"n\">add_disk</span><span class=\"p\">(</span><span class=\"n\">system</span><span class=\"o\">.</span><span class=\"n\">LinuxConfigDiskImage</span><span class=\"p\">(</span><span class=\"n\">syst</span><span class=\"p\">,</span> <span class=\"n\">host1</span><span class=\"p\">))</span>\n",
       "<span class=\"c1\"># create server NIC</span>\n",
       "<span class=\"n\">nic1</span> <span class=\"o\">=</span> <span class=\"n\">system</span><span class=\"o\">.</span><span class=\"n\">IntelI40eNIC</span><span class=\"p\">(</span><span class=\"n\">syst</span><span class=\"p\">)</span>\n",
       "<span class=\"n\">nic1</span><span class=\"o\">.</span><span class=\"n\">add_ipv4</span><span class=\"p\">(</span><span class=\"s2\">&quot;10.0.0.2&quot;</span><span class=\"p\">)</span>\n",
       "<span class=\"n\">host1</span><span class=\"o\">.</span><span class=\"n\">connect_pcie_dev</span><span class=\"p\">(</span><span class=\"n\">nic1</span><span class=\"p\">)</span>\n",
       "\n",
       "<span class=\"c1\"># set client application</span>\n",
       "<span class=\"n\">client_app</span> <span class=\"o\">=</span> <span class=\"n\">system</span><span class=\"o\">.</span><span class=\"n\">IperfTCPClient</span><span class=\"p\">(</span><span class=\"n\">h</span><span class=\"o\">=</span><span class=\"n\">host0</span><span class=\"p\">,</span> <span class=\"n\">server_ip</span><span class=\"o\">=</span><span class=\"n\">nic1</span><span class=\"o\">.</span><span class=\"n\">_ip</span><span class=\"p\">)</span>\n",
       "<span class=\"n\">client_app</span><span class=\"o\">.</span><span class=\"n\">wait</span> <span class=\"o\">=</span> <span class=\"kc\">True</span>\n",
       "<span class=\"n\">host0</span><span class=\"o\">.</span><span class=\"n\">add_app</span><span class=\"p\">(</span><span class=\"n\">client_app</span><span class=\"p\">)</span>\n",
       "<span class=\"c1\"># set server application</span>\n",
       "<span class=\"n\">server_app</span> <span class=\"o\">=</span> <span class=\"n\">system</span><span class=\"o\">.</span><span class=\"n\">IperfTCPServer</span><span class=\"p\">(</span><span class=\"n\">h</span><span class=\"o\">=</span><span class=\"n\">host1</span><span class=\"p\">)</span>\n",
       "<span class=\"n\">host1</span><span class=\"o\">.</span><span class=\"n\">add_app</span><span class=\"p\">(</span><span class=\"n\">server_app</span><span class=\"p\">)</span>\n",
       "\n",
       "<span class=\"c1\"># create switch and connect NICs to switch</span>\n",
       "<span class=\"n\">switch</span> <span class=\"o\">=</span> <span class=\"n\">system</span><span class=\"o\">.</span><span class=\"n\">EthSwitch</span><span class=\"p\">(</span><span class=\"n\">syst</span><span class=\"p\">)</span>\n",
       "<span class=\"n\">switch</span><span class=\"o\">.</span><span class=\"n\">connect_eth_peer_if</span><span class=\"p\">(</span><span class=\"n\">nic0</span><span class=\"o\">.</span><span class=\"n\">_eth_if</span><span class=\"p\">)</span>\n",
       "<span class=\"n\">switch</span><span class=\"o\">.</span><span class=\"n\">connect_eth_peer_if</span><span class=\"p\">(</span><span class=\"n\">nic1</span><span class=\"o\">.</span><span class=\"n\">_eth_if</span><span class=\"p\">)</span>\n",
       "\n",
       "\n",
       "<span class=\"sd\">&quot;&quot;&quot;</span>\n",
       "<span class=\"sd\">Simulator Choice</span>\n",
       "<span class=\"sd\">&quot;&quot;&quot;</span>\n",
       "<span class=\"n\">sim</span> <span class=\"o\">=</span> <span class=\"n\">sim_helpers</span><span class=\"o\">.</span><span class=\"n\">simple_simulation</span><span class=\"p\">(</span>\n",
       "    <span class=\"n\">syst</span><span class=\"p\">,</span>\n",
       "    <span class=\"n\">compmap</span><span class=\"o\">=</span><span class=\"p\">{</span>\n",
       "        <span class=\"n\">system</span><span class=\"o\">.</span><span class=\"n\">FullSystemHost</span><span class=\"p\">:</span> <span class=\"n\">simulation</span><span class=\"o\">.</span><span class=\"n\">QemuSim</span><span class=\"p\">,</span>\n",
       "        <span class=\"n\">system</span><span class=\"o\">.</span><span class=\"n\">IntelI40eNIC</span><span class=\"p\">:</span> <span class=\"n\">simulation</span><span class=\"o\">.</span><span class=\"n\">I40eNicSim</span><span class=\"p\">,</span>\n",
       "        <span class=\"n\">system</span><span class=\"o\">.</span><span class=\"n\">EthSwitch</span><span class=\"p\">:</span> <span class=\"n\">simulation</span><span class=\"o\">.</span><span class=\"n\">SwitchNet</span><span class=\"p\">,</span>\n",
       "    <span class=\"p\">},</span>\n",
       "<span class=\"p\">)</span>\n",
       "\n",
       "\n",
       "<span class=\"sd\">&quot;&quot;&quot;</span>\n",
       "<span class=\"sd\">Instantiation</span>\n",
       "<span class=\"sd\">&quot;&quot;&quot;</span>\n",
       "<span class=\"n\">instance</span> <span class=\"o\">=</span> <span class=\"n\">inst_helpers</span><span class=\"o\">.</span><span class=\"n\">simple_instantiation</span><span class=\"p\">(</span><span class=\"n\">sim</span><span class=\"p\">)</span>\n",
       "<span class=\"n\">instantiations</span><span class=\"o\">.</span><span class=\"n\">append</span><span class=\"p\">(</span><span class=\"n\">instance</span><span class=\"p\">)</span>\n",
       "</pre></div>\n"
      ],
      "text/latex": [
       "\\begin{Verbatim}[commandchars=\\\\\\{\\}]\n",
       "\\PY{c+c1}{\\PYZsh{} Copyright 2021 Max Planck Institute for Software Systems, and}\n",
       "\\PY{c+c1}{\\PYZsh{} National University of Singapore}\n",
       "\\PY{c+c1}{\\PYZsh{}}\n",
       "\\PY{c+c1}{\\PYZsh{} Permission is hereby granted, free of charge, to any person obtaining}\n",
       "\\PY{c+c1}{\\PYZsh{} a copy of this software and associated documentation files (the}\n",
       "\\PY{c+c1}{\\PYZsh{} \\PYZdq{}Software\\PYZdq{}), to deal in the Software without restriction, including}\n",
       "\\PY{c+c1}{\\PYZsh{} without limitation the rights to use, copy, modify, merge, publish,}\n",
       "\\PY{c+c1}{\\PYZsh{} distribute, sublicense, and/or sell copies of the Software, and to}\n",
       "\\PY{c+c1}{\\PYZsh{} permit persons to whom the Software is furnished to do so, subject to}\n",
       "\\PY{c+c1}{\\PYZsh{} the following conditions:}\n",
       "\\PY{c+c1}{\\PYZsh{}}\n",
       "\\PY{c+c1}{\\PYZsh{} The above copyright notice and this permission notice shall be}\n",
       "\\PY{c+c1}{\\PYZsh{} included in all copies or substantial portions of the Software.}\n",
       "\\PY{c+c1}{\\PYZsh{}}\n",
       "\\PY{c+c1}{\\PYZsh{} THE SOFTWARE IS PROVIDED \\PYZdq{}AS IS\\PYZdq{}, WITHOUT WARRANTY OF ANY KIND,}\n",
       "\\PY{c+c1}{\\PYZsh{} EXPRESS OR IMPLIED, INCLUDING BUT NOT LIMITED TO THE WARRANTIES OF}\n",
       "\\PY{c+c1}{\\PYZsh{} MERCHANTABILITY, FITNESS FOR A PARTICULAR PURPOSE AND NONINFRINGEMENT.}\n",
       "\\PY{c+c1}{\\PYZsh{} IN NO EVENT SHALL THE AUTHORS OR COPYRIGHT HOLDERS BE LIABLE FOR ANY}\n",
       "\\PY{c+c1}{\\PYZsh{} CLAIM, DAMAGES OR OTHER LIABILITY, WHETHER IN AN ACTION OF CONTRACT,}\n",
       "\\PY{c+c1}{\\PYZsh{} TORT OR OTHERWISE, ARISING FROM, OUT OF OR IN CONNECTION WITH THE}\n",
       "\\PY{c+c1}{\\PYZsh{} SOFTWARE OR THE USE OR OTHER DEALINGS IN THE SOFTWARE.}\n",
       "\n",
       "\n",
       "\\PY{k+kn}{from}\\PY{+w}{ }\\PY{n+nn}{simbricks}\\PY{n+nn}{.}\\PY{n+nn}{orchestration}\\PY{+w}{ }\\PY{k+kn}{import} \\PY{n}{system}\n",
       "\\PY{k+kn}{from}\\PY{+w}{ }\\PY{n+nn}{simbricks}\\PY{n+nn}{.}\\PY{n+nn}{orchestration}\\PY{+w}{ }\\PY{k+kn}{import} \\PY{n}{simulation}\n",
       "\\PY{k+kn}{from}\\PY{+w}{ }\\PY{n+nn}{simbricks}\\PY{n+nn}{.}\\PY{n+nn}{orchestration}\\PY{n+nn}{.}\\PY{n+nn}{helpers}\\PY{+w}{ }\\PY{k+kn}{import} \\PY{n}{simulation} \\PY{k}{as} \\PY{n}{sim\\PYZus{}helpers}\n",
       "\\PY{k+kn}{from}\\PY{+w}{ }\\PY{n+nn}{simbricks}\\PY{n+nn}{.}\\PY{n+nn}{orchestration}\\PY{n+nn}{.}\\PY{n+nn}{helpers}\\PY{+w}{ }\\PY{k+kn}{import} \\PY{n}{instantiation} \\PY{k}{as} \\PY{n}{inst\\PYZus{}helpers}\n",
       "\n",
       "\n",
       "\\PY{l+s+sd}{\\PYZdq{}\\PYZdq{}\\PYZdq{}}\n",
       "\\PY{l+s+sd}{This list is used and expected}\n",
       "\\PY{l+s+sd}{\\PYZdq{}\\PYZdq{}\\PYZdq{}}\n",
       "\\PY{n}{instantiations} \\PY{o}{=} \\PY{p}{[}\\PY{p}{]}\n",
       "\n",
       "\n",
       "\\PY{l+s+sd}{\\PYZdq{}\\PYZdq{}\\PYZdq{}}\n",
       "\\PY{l+s+sd}{System Specification}\n",
       "\\PY{l+s+sd}{\\PYZdq{}\\PYZdq{}\\PYZdq{}}\n",
       "\\PY{n}{syst} \\PY{o}{=} \\PY{n}{system}\\PY{o}{.}\\PY{n}{System}\\PY{p}{(}\\PY{p}{)}\n",
       "\n",
       "\\PY{c+c1}{\\PYZsh{} create disk images}\n",
       "\\PY{n}{distro\\PYZus{}disk\\PYZus{}image} \\PY{o}{=} \\PY{n}{system}\\PY{o}{.}\\PY{n}{DistroDiskImage}\\PY{p}{(}\\PY{n}{syst}\\PY{p}{,} \\PY{l+s+s2}{\\PYZdq{}}\\PY{l+s+s2}{base}\\PY{l+s+s2}{\\PYZdq{}}\\PY{p}{)}\n",
       "\n",
       "\\PY{c+c1}{\\PYZsh{} create client}\n",
       "\\PY{n}{host0} \\PY{o}{=} \\PY{n}{system}\\PY{o}{.}\\PY{n}{I40ELinuxHost}\\PY{p}{(}\\PY{n}{syst}\\PY{p}{)}\n",
       "\\PY{n}{host0}\\PY{o}{.}\\PY{n}{add\\PYZus{}disk}\\PY{p}{(}\\PY{n}{distro\\PYZus{}disk\\PYZus{}image}\\PY{p}{)}\n",
       "\\PY{n}{host0}\\PY{o}{.}\\PY{n}{add\\PYZus{}disk}\\PY{p}{(}\\PY{n}{system}\\PY{o}{.}\\PY{n}{LinuxConfigDiskImage}\\PY{p}{(}\\PY{n}{syst}\\PY{p}{,} \\PY{n}{host0}\\PY{p}{)}\\PY{p}{)}\n",
       "\\PY{c+c1}{\\PYZsh{} create client NIC}\n",
       "\\PY{n}{nic0} \\PY{o}{=} \\PY{n}{system}\\PY{o}{.}\\PY{n}{IntelI40eNIC}\\PY{p}{(}\\PY{n}{syst}\\PY{p}{)}\n",
       "\\PY{n}{nic0}\\PY{o}{.}\\PY{n}{add\\PYZus{}ipv4}\\PY{p}{(}\\PY{l+s+s2}{\\PYZdq{}}\\PY{l+s+s2}{10.0.0.1}\\PY{l+s+s2}{\\PYZdq{}}\\PY{p}{)}\n",
       "\\PY{n}{host0}\\PY{o}{.}\\PY{n}{connect\\PYZus{}pcie\\PYZus{}dev}\\PY{p}{(}\\PY{n}{nic0}\\PY{p}{)}\n",
       "\n",
       "\\PY{c+c1}{\\PYZsh{} create server}\n",
       "\\PY{n}{host1} \\PY{o}{=} \\PY{n}{system}\\PY{o}{.}\\PY{n}{I40ELinuxHost}\\PY{p}{(}\\PY{n}{syst}\\PY{p}{)}\n",
       "\\PY{n}{host1}\\PY{o}{.}\\PY{n}{add\\PYZus{}disk}\\PY{p}{(}\\PY{n}{distro\\PYZus{}disk\\PYZus{}image}\\PY{p}{)}\n",
       "\\PY{n}{host1}\\PY{o}{.}\\PY{n}{add\\PYZus{}disk}\\PY{p}{(}\\PY{n}{system}\\PY{o}{.}\\PY{n}{LinuxConfigDiskImage}\\PY{p}{(}\\PY{n}{syst}\\PY{p}{,} \\PY{n}{host1}\\PY{p}{)}\\PY{p}{)}\n",
       "\\PY{c+c1}{\\PYZsh{} create server NIC}\n",
       "\\PY{n}{nic1} \\PY{o}{=} \\PY{n}{system}\\PY{o}{.}\\PY{n}{IntelI40eNIC}\\PY{p}{(}\\PY{n}{syst}\\PY{p}{)}\n",
       "\\PY{n}{nic1}\\PY{o}{.}\\PY{n}{add\\PYZus{}ipv4}\\PY{p}{(}\\PY{l+s+s2}{\\PYZdq{}}\\PY{l+s+s2}{10.0.0.2}\\PY{l+s+s2}{\\PYZdq{}}\\PY{p}{)}\n",
       "\\PY{n}{host1}\\PY{o}{.}\\PY{n}{connect\\PYZus{}pcie\\PYZus{}dev}\\PY{p}{(}\\PY{n}{nic1}\\PY{p}{)}\n",
       "\n",
       "\\PY{c+c1}{\\PYZsh{} set client application}\n",
       "\\PY{n}{client\\PYZus{}app} \\PY{o}{=} \\PY{n}{system}\\PY{o}{.}\\PY{n}{IperfTCPClient}\\PY{p}{(}\\PY{n}{h}\\PY{o}{=}\\PY{n}{host0}\\PY{p}{,} \\PY{n}{server\\PYZus{}ip}\\PY{o}{=}\\PY{n}{nic1}\\PY{o}{.}\\PY{n}{\\PYZus{}ip}\\PY{p}{)}\n",
       "\\PY{n}{client\\PYZus{}app}\\PY{o}{.}\\PY{n}{wait} \\PY{o}{=} \\PY{k+kc}{True}\n",
       "\\PY{n}{host0}\\PY{o}{.}\\PY{n}{add\\PYZus{}app}\\PY{p}{(}\\PY{n}{client\\PYZus{}app}\\PY{p}{)}\n",
       "\\PY{c+c1}{\\PYZsh{} set server application}\n",
       "\\PY{n}{server\\PYZus{}app} \\PY{o}{=} \\PY{n}{system}\\PY{o}{.}\\PY{n}{IperfTCPServer}\\PY{p}{(}\\PY{n}{h}\\PY{o}{=}\\PY{n}{host1}\\PY{p}{)}\n",
       "\\PY{n}{host1}\\PY{o}{.}\\PY{n}{add\\PYZus{}app}\\PY{p}{(}\\PY{n}{server\\PYZus{}app}\\PY{p}{)}\n",
       "\n",
       "\\PY{c+c1}{\\PYZsh{} create switch and connect NICs to switch}\n",
       "\\PY{n}{switch} \\PY{o}{=} \\PY{n}{system}\\PY{o}{.}\\PY{n}{EthSwitch}\\PY{p}{(}\\PY{n}{syst}\\PY{p}{)}\n",
       "\\PY{n}{switch}\\PY{o}{.}\\PY{n}{connect\\PYZus{}eth\\PYZus{}peer\\PYZus{}if}\\PY{p}{(}\\PY{n}{nic0}\\PY{o}{.}\\PY{n}{\\PYZus{}eth\\PYZus{}if}\\PY{p}{)}\n",
       "\\PY{n}{switch}\\PY{o}{.}\\PY{n}{connect\\PYZus{}eth\\PYZus{}peer\\PYZus{}if}\\PY{p}{(}\\PY{n}{nic1}\\PY{o}{.}\\PY{n}{\\PYZus{}eth\\PYZus{}if}\\PY{p}{)}\n",
       "\n",
       "\n",
       "\\PY{l+s+sd}{\\PYZdq{}\\PYZdq{}\\PYZdq{}}\n",
       "\\PY{l+s+sd}{Simulator Choice}\n",
       "\\PY{l+s+sd}{\\PYZdq{}\\PYZdq{}\\PYZdq{}}\n",
       "\\PY{n}{sim} \\PY{o}{=} \\PY{n}{sim\\PYZus{}helpers}\\PY{o}{.}\\PY{n}{simple\\PYZus{}simulation}\\PY{p}{(}\n",
       "    \\PY{n}{syst}\\PY{p}{,}\n",
       "    \\PY{n}{compmap}\\PY{o}{=}\\PY{p}{\\PYZob{}}\n",
       "        \\PY{n}{system}\\PY{o}{.}\\PY{n}{FullSystemHost}\\PY{p}{:} \\PY{n}{simulation}\\PY{o}{.}\\PY{n}{QemuSim}\\PY{p}{,}\n",
       "        \\PY{n}{system}\\PY{o}{.}\\PY{n}{IntelI40eNIC}\\PY{p}{:} \\PY{n}{simulation}\\PY{o}{.}\\PY{n}{I40eNicSim}\\PY{p}{,}\n",
       "        \\PY{n}{system}\\PY{o}{.}\\PY{n}{EthSwitch}\\PY{p}{:} \\PY{n}{simulation}\\PY{o}{.}\\PY{n}{SwitchNet}\\PY{p}{,}\n",
       "    \\PY{p}{\\PYZcb{}}\\PY{p}{,}\n",
       "\\PY{p}{)}\n",
       "\n",
       "\n",
       "\\PY{l+s+sd}{\\PYZdq{}\\PYZdq{}\\PYZdq{}}\n",
       "\\PY{l+s+sd}{Instantiation}\n",
       "\\PY{l+s+sd}{\\PYZdq{}\\PYZdq{}\\PYZdq{}}\n",
       "\\PY{n}{instance} \\PY{o}{=} \\PY{n}{inst\\PYZus{}helpers}\\PY{o}{.}\\PY{n}{simple\\PYZus{}instantiation}\\PY{p}{(}\\PY{n}{sim}\\PY{p}{)}\n",
       "\\PY{n}{instantiations}\\PY{o}{.}\\PY{n}{append}\\PY{p}{(}\\PY{n}{instance}\\PY{p}{)}\n",
       "\\end{Verbatim}\n"
      ],
      "text/plain": [
       "# Copyright 2021 Max Planck Institute for Software Systems, and\n",
       "# National University of Singapore\n",
       "#\n",
       "# Permission is hereby granted, free of charge, to any person obtaining\n",
       "# a copy of this software and associated documentation files (the\n",
       "# \"Software\"), to deal in the Software without restriction, including\n",
       "# without limitation the rights to use, copy, modify, merge, publish,\n",
       "# distribute, sublicense, and/or sell copies of the Software, and to\n",
       "# permit persons to whom the Software is furnished to do so, subject to\n",
       "# the following conditions:\n",
       "#\n",
       "# The above copyright notice and this permission notice shall be\n",
       "# included in all copies or substantial portions of the Software.\n",
       "#\n",
       "# THE SOFTWARE IS PROVIDED \"AS IS\", WITHOUT WARRANTY OF ANY KIND,\n",
       "# EXPRESS OR IMPLIED, INCLUDING BUT NOT LIMITED TO THE WARRANTIES OF\n",
       "# MERCHANTABILITY, FITNESS FOR A PARTICULAR PURPOSE AND NONINFRINGEMENT.\n",
       "# IN NO EVENT SHALL THE AUTHORS OR COPYRIGHT HOLDERS BE LIABLE FOR ANY\n",
       "# CLAIM, DAMAGES OR OTHER LIABILITY, WHETHER IN AN ACTION OF CONTRACT,\n",
       "# TORT OR OTHERWISE, ARISING FROM, OUT OF OR IN CONNECTION WITH THE\n",
       "# SOFTWARE OR THE USE OR OTHER DEALINGS IN THE SOFTWARE.\n",
       "\n",
       "\n",
       "from simbricks.orchestration import system\n",
       "from simbricks.orchestration import simulation\n",
       "from simbricks.orchestration.helpers import simulation as sim_helpers\n",
       "from simbricks.orchestration.helpers import instantiation as inst_helpers\n",
       "\n",
       "\n",
       "\"\"\"\n",
       "This list is used and expected\n",
       "\"\"\"\n",
       "instantiations = []\n",
       "\n",
       "\n",
       "\"\"\"\n",
       "System Specification\n",
       "\"\"\"\n",
       "syst = system.System()\n",
       "\n",
       "# create disk images\n",
       "distro_disk_image = system.DistroDiskImage(syst, \"base\")\n",
       "\n",
       "# create client\n",
       "host0 = system.I40ELinuxHost(syst)\n",
       "host0.add_disk(distro_disk_image)\n",
       "host0.add_disk(system.LinuxConfigDiskImage(syst, host0))\n",
       "# create client NIC\n",
       "nic0 = system.IntelI40eNIC(syst)\n",
       "nic0.add_ipv4(\"10.0.0.1\")\n",
       "host0.connect_pcie_dev(nic0)\n",
       "\n",
       "# create server\n",
       "host1 = system.I40ELinuxHost(syst)\n",
       "host1.add_disk(distro_disk_image)\n",
       "host1.add_disk(system.LinuxConfigDiskImage(syst, host1))\n",
       "# create server NIC\n",
       "nic1 = system.IntelI40eNIC(syst)\n",
       "nic1.add_ipv4(\"10.0.0.2\")\n",
       "host1.connect_pcie_dev(nic1)\n",
       "\n",
       "# set client application\n",
       "client_app = system.IperfTCPClient(h=host0, server_ip=nic1._ip)\n",
       "client_app.wait = True\n",
       "host0.add_app(client_app)\n",
       "# set server application\n",
       "server_app = system.IperfTCPServer(h=host1)\n",
       "host1.add_app(server_app)\n",
       "\n",
       "# create switch and connect NICs to switch\n",
       "switch = system.EthSwitch(syst)\n",
       "switch.connect_eth_peer_if(nic0._eth_if)\n",
       "switch.connect_eth_peer_if(nic1._eth_if)\n",
       "\n",
       "\n",
       "\"\"\"\n",
       "Simulator Choice\n",
       "\"\"\"\n",
       "sim = sim_helpers.simple_simulation(\n",
       "    syst,\n",
       "    compmap={\n",
       "        system.FullSystemHost: simulation.QemuSim,\n",
       "        system.IntelI40eNIC: simulation.I40eNicSim,\n",
       "        system.EthSwitch: simulation.SwitchNet,\n",
       "    },\n",
       ")\n",
       "\n",
       "\n",
       "\"\"\"\n",
       "Instantiation\n",
       "\"\"\"\n",
       "instance = inst_helpers.simple_instantiation(sim)\n",
       "instantiations.append(instance)"
      ]
     },
     "execution_count": 14,
     "metadata": {},
     "output_type": "execute_result"
    }
   ],
   "source": [
    "# This code just displays nicely formatted contents of my-simple-experiment.py\n",
    "\n",
    "import IPython\n",
    "\n",
    "\n",
    "def display_source(code):\n",
    "\n",
    "    def _jupyterlab_repr_html_(self):\n",
    "        from pygments import highlight\n",
    "        from pygments.formatters import HtmlFormatter\n",
    "\n",
    "        fmt = HtmlFormatter()\n",
    "        style = '<style>{}\\n{}</style>'.format(\n",
    "            fmt.get_style_defs('.output_html'),\n",
    "            fmt.get_style_defs('.jp-RenderedHTML')\n",
    "        )\n",
    "        return style + highlight(self.data, self._get_lexer(), fmt)\n",
    "\n",
    "    # Replace _repr_html_ with our own version that adds the 'jp-RenderedHTML' class\n",
    "    # in addition to 'output_html'.\n",
    "    IPython.display.Code._repr_html_ = _jupyterlab_repr_html_\n",
    "    return IPython.display.Code(data=code, language='python3')\n",
    "\n",
    "\n",
    "with open('my-simple-experiment.py', 'r') as f:\n",
    "    test2_src = f.read()\n",
    "\n",
    "display_source(test2_src)"
   ]
  },
  {
   "cell_type": "markdown",
   "id": "2e76c26d-37e3-4e82-8f40-3e5fb29b9644",
   "metadata": {},
   "source": [
    "To submit the script for execution to the SimBricks server, you can simply run the `simbricks-cli` tool in your terminal:"
   ]
  },
  {
   "cell_type": "code",
   "execution_count": 15,
   "id": "fb5d587b-bfb9-48a7-9c23-c5b28e718a33",
   "metadata": {},
   "outputs": [
    {
     "name": "stdout",
     "output_type": "stream",
     "text": [
      "Please visit https://auth.simbricks.io/realms/SimBricks/device in the browser\n",
      "There, enter the code: UWYX-EFHM\n",
      "Waiting...\n",
      "\u001b[3m                    Run                     \u001b[0m\n",
      "\n",
      "\u001b[1m \u001b[0m\u001b[1mid\u001b[0m\u001b[1m \u001b[0m\u001b[1m \u001b[0m\u001b[1minstantiation_id\u001b[0m\u001b[1m \u001b[0m\u001b[1m \u001b[0m\u001b[1mstate           \u001b[0m\u001b[1m \u001b[0m\n",
      "\n",
      " 26  26                RunState.PENDING \n",
      "\n",
      "\u001b[2K\u001b[38;5;157m[host.QemuSim-28]\u001b[0m Formatting sh...\u001b[0m0m\n",
      "'/simbricks/runner-work/run-26/tmp/imgs/hdcopy.28.9.0', fmt=qcow2 \n",
      "cluster_size=65536 extended_l2=off compression_type=zlib size=42949672960 \n",
      "backing_file=/simbricks/images/output-base/base backing_fmt=qcow2 \n",
      "lazy_refcounts=off refcount_bits=16\n",
      "\u001b[2K\u001b[38;5;157m[host.QemuSim-28]\u001b[0m prepare command exited with code 0\n",
      "\u001b[2K\u001b[38;5;65m[host.QemuSim-24]\u001b[0m Formatting ..\u001b[0m\n",
      "'/simbricks/runner-work/run-26/tmp/imgs/hdcopy.24.2.0', fmt=qcow2 \n",
      "cluster_size=65536 extended_l2=off compression_type=zlib size=42949672960 \n",
      "backing_file=/simbricks/images/output-base/base backing_fmt=qcow2 \n",
      "lazy_refcounts=off refcount_bits=16\n",
      "\u001b[2K\u001b[38;5;65m[host.QemuSim-24]\u001b[0m prepare command exited with code 0\n",
      "\u001b[2K\u001b[38;5;125m[net.SwitchNet-32]\u001b[0m Switch connecting to: \n",
      "/simbricks/runner-work/run-26/tmp/shm/eth-5.20.19\n",
      "\u001b[2K\u001b[38;5;125m[net.SwitchNet-32]\u001b[0m Switch connecting to: \n",
      "/simbricks/runner-work/run-26/tmp/shm/eth-12.22.21\n",
      "\u001b[2K\u001b[38;5;65m[host.QemuSim-24]\u001b[0m Wrong EFI loader signature.\n",
      "\u001b[2K\u001b[38;5;65m[host.QemuSim-24]\u001b[0m early console in extract_kernel\n",
      "\u001b[2K\u001b[38;5;65m[host.QemuSim-24]\u001b[0m input_data: 0x00000000023793a8\n",
      "\u001b[2K\u001b[38;5;65m[host.QemuSim-24]\u001b[0m input_len: 0x0000000000440104\n",
      "\u001b[2K\u001b[38;5;65m[host.QemuSim-24]\u001b[0m output: 0x0000000001000000\n",
      "\u001b[2K\u001b[38;5;65m[host.QemuSim-24]\u001b[0m output_len: 0x0000000001780a40\n",
      "\u001b[2K\u001b[38;5;65m[host.QemuSim-24]\u001b[0m kernel_total_size: 0x0000000001626000\n",
      "\u001b[2K\u001b[38;5;65m[host.QemuSim-24]\u001b[0m needed_size: 0x0000000001800000\n",
      "\u001b[2K\u001b[38;5;65m[host.QemuSim-24]\u001b[0m trampoline_32bit: 0x000000000009d000\n",
      "\u001b[2K\u001b[38;5;65m[host.QemuSim-24]\u001b[0m  to finish...\u001b[0m\n",
      "\u001b[2K\u001b[38;5;65m[host.QemuSim-24]\u001b[0m Decompressing Linux... Parsing ELF... done.\n",
      "\u001b[2K\u001b[38;5;65m[host.QemuSim-24]\u001b[0m Booting the kernel.\n",
      "\u001b[2K\u001b[38;5;65m[host.QemuSim-24]\u001b[0m [    0.000000] Linux version 5.15.93 \n",
      "(simbricks@buildkitsandbox) (gcc (Ubuntu 11.4.0-1ubuntu1~22.04) 11.4.0, GNU ld \n",
      "(GNU Binutils for Ubuntu) 2.38) #1 SMP Mon Apr 28 15:13:53 UTC 2025\n",
      "\u001b[2K\u001b[38;5;65m[host.QemuSim-24]\u001b[0m [    0.000000] Command line: earlyprintk=ttyS0 console=ttyS0 \n",
      "root=/dev/sda1 init=/home/ubuntu/guestinit.sh rw\n",
      "\u001b[2K\u001b[38;5;65m[host.QemuSim-24]\u001b[0m [    0.000000] x86/fpu: Supporting XSAVE feature 0x001: 'x87 \n",
      "floating point registers'\n",
      "\u001b[2K\u001b[38;5;65m[host.QemuSim-24]\u001b[0m [    0.000000] x86/fpu: Supporting XSAVE feature 0x002: 'SSE \n",
      "registers'\n",
      "\u001b[2K\u001b[38;5;65m[host.QemuSim-24]\u001b[0m [    0.000000] x86/fpu: Supporting XSAVE feature 0x004: 'AVX \n",
      "registers'\n",
      "\u001b[2K\u001b[38;5;65m[host.QemuSim-24]\u001b[0m [    0.000000] x86/fpu: Supporting XSAVE feature 0x020: \n",
      "'AVX-512 opmask'\n",
      "\u001b[2K\u001b[38;5;65m[host.QemuSim-24]\u001b[0m [    0.000000] x86/fpu: Supporting XSAVE feature 0x040: \n",
      "'AVX-512 Hi256'\n",
      "\u001b[2K\u001b[38;5;65m[host.QemuSim-24]\u001b[0m [    0.000000] x86/fpu: Supporting XSAVE feature 0x080: \n",
      "'AVX-512 ZMM_Hi256'\n",
      "\u001b[2K\u001b[38;5;65m[host.QemuSim-24]\u001b[0m [    0.000000] x86/fpu: Supporting XSAVE feature 0x200: \n",
      "'Protection Keys User registers'\n",
      "\u001b[2K\u001b[38;5;65m[host.QemuSim-24]\u001b[0m [    0.000000] x86/fpu: xstate_offset[2]:  576, \n",
      "xstate_sizes[2]:  256\n",
      "\u001b[2K\u001b[38;5;65m[host.QemuSim-24]\u001b[0m [    0.000000] x86/fpu: xstate_offset[5]: 1088, \n",
      "xstate_sizes[5]:   64\n",
      "\u001b[2K\u001b[38;5;65m[host.QemuSim-24]\u001b[0m [    0.000000] x86/fpu: xstate_offset[6]: 1152, \n",
      "xstate_sizes[6]:  512\n",
      "\u001b[2K\u001b[38;5;65m[host.QemuSim-24]\u001b[0m [    0.000000] x86/fpu: xstate_offset[7]: 1664, \n",
      "xstate_sizes[7]: 1024\n",
      "\u001b[2K\u001b[38;5;65m[host.QemuSim-24]\u001b[0m [    0.000000] x86/fpu: xstate_offset[9]: 2688, \n",
      "xstate_sizes[9]:    8\n",
      "\u001b[2K\u001b[38;5;65m[host.QemuSim-24]\u001b[0m [    0.000000] x86/fpu: Enabled xstate features 0x2e7, context\n",
      "size is 2696 bytes, using 'standard' format.\n",
      "\u001b[2K\u001b[38;5;65m[host.QemuSim-24]\u001b[0m [    0.000000] signal: max sigframe size: 3632\n",
      "\u001b[2K\u001b[38;5;65m[host.QemuSim-24]\u001b[0m [    0.000000] BIOS-provided physical RAM map:\n",
      "\u001b[2K\u001b[38;5;65m[host.QemuSim-24]\u001b[0m [    0.000000] BIOS-e820: [mem \n",
      "0x0000000000000000-0x000000000009fbff] usable\n",
      "\u001b[2K\u001b[38;5;65m[host.QemuSim-24]\u001b[0m [    0.000000] BIOS-e820: [mem \n",
      "0x000000000009fc00-0x000000000009ffff] reserved\n",
      "\u001b[2K\u001b[38;5;65m[host.QemuSim-24]\u001b[0m [    0.000000] BIOS-e820: [mem \n",
      "0x00000000000f0000-0x00000000000fffff] reserved\n",
      "\u001b[2K\u001b[38;5;65m[host.QemuSim-24]\u001b[0m [    0.000000] BIOS-e820: [mem \n",
      "0x0000000000100000-0x000000007ffddfff] usable\n",
      "\u001b[2K\u001b[38;5;65m[host.QemuSim-24]\u001b[0m [    0.000000] BIOS-e820: [mem \n",
      "0x000000007ffde000-0x000000007fffffff] reserved\n",
      "\u001b[2K\u001b[38;5;65m[host.QemuSim-24]\u001b[0m [    0.000000] BIOS-e820: [mem \n",
      "0x00000000b0000000-0x00000000bfffffff] reserved\n",
      "\u001b[2K\u001b[38;5;65m[host.QemuSim-24]\u001b[0m [    0.000000] BIOS-e820: [mem \n",
      "0x00000000fed1c000-0x00000000fed1ffff] reserved\n",
      "\u001b[2K\u001b[38;5;65m[host.QemuSim-24]\u001b[0m [    0.000000] BIOS-e820: [mem \n",
      "0x00000000feffc000-0x00000000feffffff] reserved\n",
      "\u001b[2K\u001b[38;5;65m[host.QemuSim-24]\u001b[0m [    0.000000] BIOS-e820: [mem \n",
      "0x00000000fffc0000-0x00000000ffffffff] reserved\n",
      "\u001b[2K\u001b[38;5;65m[host.QemuSim-24]\u001b[0m [    0.000000] printk: bootconsole [earlyser0] enabled\n",
      "\u001b[2K\u001b[38;5;65m[host.QemuSim-24]\u001b[0m [    0.000000] NX (Execute Disable) protection: active\n",
      "\u001b[2K\u001b[38;5;65m[host.QemuSim-24]\u001b[0m [    0.000000] SMBIOS 2.8 present.\n",
      "\u001b[2K\u001b[38;5;65m[host.QemuSim-24]\u001b[0m [    0.000000] DMI: QEMU Standard PC (Q35 + ICH9, 2009), BIOS \n",
      "rel-1.14.0-0-g155821a1990b-prebuilt.qemu.org 04/01/2014\n",
      "\u001b[2K\u001b[38;5;65m[host.QemuSim-24]\u001b[0m [    0.000000] Hypervisor detected: KVM\n",
      "\u001b[2K\u001b[38;5;65m[host.QemuSim-24]\u001b[0m [    0.000000] kvm-clock: Using msrs 4b564d01 and 4b564d00\n",
      "\u001b[2K\u001b[38;5;65m[host.QemuSim-24]\u001b[0m [    0.000000] kvm-clock: cpu 0, msr 2396001, primary cpu \n",
      "clock\n",
      "\u001b[2K\u001b[38;5;65m[host.QemuSim-24]\u001b[0m [    0.000004] kvm-clock: using sched offset of 293927028 \n",
      "cycles\n",
      "\u001b[2K\u001b[38;5;65m[host.QemuSim-24]\u001b[0m [    0.001245] clocksource: kvm-clock: mask: \n",
      "0xffffffffffffffff max_cycles: 0x1cd42e4dffb, max_idle_ns: 881590591483 ns\n",
      "\u001b[2K\u001b[38;5;65m[host.QemuSim-24]\u001b[0m [    0.004732] tsc: Detected 2095.082 MHz processor\n",
      "\u001b[2K\u001b[38;5;65m[host.QemuSim-24]\u001b[0m [    0.006715] last_pfn = 0x7ffde max_arch_pfn = 0x400000000\n",
      "\u001b[2K\u001b[38;5;65m[host.QemuSim-24]\u001b[0m [    0.007951] x86/PAT: Configuration [0-7]: WB  WC  UC- UC  \n",
      "WB  WP  UC- WT  \n",
      "\u001b[2K\u001b[38;5;65m[host.QemuSim-24]\u001b[0m [    0.018182] found SMP MP-table at [mem \n",
      "0x000f5ab0-0x000f5abf]\n",
      "\u001b[2K\u001b[38;5;65m[host.QemuSim-24]\u001b[0m [    0.019449] Using GB pages for direct mapping\n",
      "\u001b[2K\u001b[38;5;65m[host.QemuSim-24]\u001b[0m [    0.020633] ACPI: Early table checksum verification \n",
      "disabled\n",
      "\u001b[2K\u001b[38;5;65m[host.QemuSim-24]\u001b[0m [    0.021887] ACPI: RSDP 0x00000000000F58E0 000014 (v00 BOCHS\n",
      ")\n",
      "\u001b[2K\u001b[38;5;65m[host.QemuSim-24]\u001b[0m [    0.023128] ACPI: RSDT 0x000000007FFE20CE 000038 (v01 BOCHS\n",
      "BXPCRSDT 00000001 BXPC 00000001)\n",
      "\u001b[2K\u001b[38;5;65m[host.QemuSim-24]\u001b[0m [    0.024971] ACPI: FACP 0x000000007FFE1EC6 0000F4 (v03 BOCHS\n",
      "BXPCFACP 00000001 BXPC 00000001)\n",
      "\u001b[2K\u001b[38;5;65m[host.QemuSim-24]\u001b[0m [    0.026805] ACPI: DSDT 0x000000007FFE0040 001E86 (v01 BOCHS\n",
      "BXPCDSDT 00000001 BXPC 00000001)\n",
      "\u001b[2K\u001b[38;5;65m[host.QemuSim-24]\u001b[0m [    0.028633] ACPI: FACS 0x000000007FFE0000 000040\n",
      "\u001b[2K\u001b[38;5;65m[host.QemuSim-24]\u001b[0m [    0.029636] ACPI: APIC 0x000000007FFE1FBA 000078 (v01 BOCHS\n",
      "BXPCAPIC 00000001 BXPC 00000001)\n",
      "\u001b[2K\u001b[38;5;65m[host.QemuSim-24]\u001b[0m [    0.031470] ACPI: HPET 0x000000007FFE2032 000038 (v01 BOCHS\n",
      "BXPCHPET 00000001 BXPC 00000001)\n",
      "\u001b[2K\u001b[38;5;65m[host.QemuSim-24]\u001b[0m [    0.033307] ACPI: MCFG 0x000000007FFE206A 00003C (v01 BOCHS\n",
      "BXPCMCFG 00000001 BXPC 00000001)\n",
      "\u001b[2K\u001b[38;5;65m[host.QemuSim-24]\u001b[0m [    0.035138] ACPI: WAET 0x000000007FFE20A6 000028 (v01 BOCHS\n",
      "BXPCWAET 00000001 BXPC 00000001)\n",
      "\u001b[2K\u001b[38;5;65m[host.QemuSim-24]\u001b[0m [    0.036969] ACPI: Reserving FACP table memory at [mem \n",
      "0x7ffe1ec6-0x7ffe1fb9]\n",
      "\u001b[2K\u001b[38;5;65m[host.QemuSim-24]\u001b[0m [    0.038487] ACPI: Reserving DSDT table memory at [mem \n",
      "0x7ffe0040-0x7ffe1ec5]\n",
      "\u001b[2K\u001b[38;5;65m[host.QemuSim-24]\u001b[0m [    0.039999] ACPI: Reserving FACS table memory at [mem \n",
      "0x7ffe0000-0x7ffe003f]\n",
      "\u001b[2K\u001b[38;5;65m[host.QemuSim-24]\u001b[0m [    0.041529] ACPI: Reserving APIC table memory at [mem \n",
      "0x7ffe1fba-0x7ffe2031]\n",
      "\u001b[2K\u001b[38;5;65m[host.QemuSim-24]\u001b[0m [    0.043048] ACPI: Reserving HPET table memory at [mem \n",
      "0x7ffe2032-0x7ffe2069]\n",
      "\u001b[2K\u001b[38;5;65m[host.QemuSim-24]\u001b[0m [    0.044572] ACPI: Reserving MCFG table memory at [mem \n",
      "0x7ffe206a-0x7ffe20a5]\n",
      "\u001b[2K\u001b[38;5;65m[host.QemuSim-24]\u001b[0m [    0.046097] ACPI: Reserving WAET table memory at [mem \n",
      "0x7ffe20a6-0x7ffe20cd]\n",
      "\u001b[2K\u001b[38;5;65m[host.QemuSim-24]\u001b[0m [    0.048087] No NUMA configuration found\n",
      "\u001b[2K\u001b[38;5;65m[host.QemuSim-24]\u001b[0m [    0.048912] Faking a node at [mem \n",
      "0x0000000000000000-0x000000007ffddfff]\n",
      "\u001b[2K\u001b[38;5;65m[host.QemuSim-24]\u001b[0m [    0.050372] NODE_DATA(0) allocated [mem \n",
      "0x7ffbc000-0x7ffddfff]\n",
      "\u001b[2K\u001b[38;5;65m[host.QemuSim-24]\u001b[0m [    0.052110] Zone ranges:\n",
      "\u001b[2K\u001b[38;5;65m[host.QemuSim-24]\u001b[0m [    0.052654]   DMA      [mem \n",
      "0x0000000000001000-0x0000000000ffffff]\n",
      "\u001b[2K\u001b[38;5;65m[host.QemuSim-24]\u001b[0m [    0.054001]   DMA32    [mem \n",
      "0x0000000001000000-0x000000007ffddfff]\n",
      "\u001b[2K\u001b[38;5;65m[host.QemuSim-24]\u001b[0m [    0.055338]   Normal   empty\n",
      "\u001b[2K\u001b[38;5;65m[host.QemuSim-24]\u001b[0m [    0.055957] Movable zone start for each node\n",
      "\u001b[2K\u001b[38;5;65m[host.QemuSim-24]\u001b[0m [    0.056896] Early memory node ranges\n",
      "\u001b[2K\u001b[38;5;65m[host.QemuSim-24]\u001b[0m [    0.057688]   node   0: [mem \n",
      "0x0000000000001000-0x000000000009efff]\n",
      "\u001b[2K\u001b[38;5;65m[host.QemuSim-24]\u001b[0m [    0.059065]   node   0: [mem \n",
      "0x0000000000100000-0x000000007ffddfff]\n",
      "\u001b[2K\u001b[38;5;65m[host.QemuSim-24]\u001b[0m [    0.060443] Initmem setup node 0 [mem \n",
      "0x0000000000001000-0x000000007ffddfff]\n",
      "\u001b[2K\u001b[38;5;65m[host.QemuSim-24]\u001b[0m [    0.062539] On node 0, zone DMA: 1 pages in unavailable \n",
      "ranges\n",
      "\u001b[2K\u001b[38;5;65m[host.QemuSim-24]\u001b[0m [    0.062580] On node 0, zone DMA: 97 pages in unavailable \n",
      "ranges\n",
      "\u001b[2K\u001b[38;5;65m[host.QemuSim-24]\u001b[0m [    0.076385] On node 0, zone DMA32: 34 pages in unavailable \n",
      "ranges\n",
      "\u001b[2K\u001b[38;5;65m[host.QemuSim-24]\u001b[0m [    0.078213] ACPI: PM-Timer IO Port: 0x608\n",
      "\u001b[2K\u001b[38;5;65m[host.QemuSim-24]\u001b[0m [    0.080418] ACPI: LAPIC_NMI (acpi_id[0xff] dfl dfl \n",
      "lint[0x1])\n",
      "\u001b[2K\u001b[38;5;65m[host.QemuSim-24]\u001b[0m [    0.081746] IOAPIC[0]: apic_id 0, version 17, address \n",
      "0xfec00000, GSI 0-23\n",
      "\u001b[2K\u001b[38;5;65m[host.QemuSim-24]\u001b[0m [    0.083224] ACPI: INT_SRC_OVR (bus 0 bus_irq 0 global_irq 2\n",
      "dfl dfl)\n",
      "\u001b[2K\u001b[38;5;65m[host.QemuSim-24]\u001b[0m [    0.084593] ACPI: INT_SRC_OVR (bus 0 bus_irq 5 global_irq 5\n",
      "high level)\n",
      "\u001b[2K\u001b[38;5;65m[host.QemuSim-24]\u001b[0m [    0.086023] ACPI: INT_SRC_OVR (bus 0 bus_irq 9 global_irq 9\n",
      "high level)\n",
      "\u001b[2K\u001b[38;5;65m[host.QemuSim-24]\u001b[0m [    0.087461] ACPI: INT_SRC_OVR (bus 0 bus_irq 10 global_irq \n",
      "10 high level)\n",
      "\u001b[2K\u001b[38;5;65m[host.QemuSim-24]\u001b[0m [    0.088951] ACPI: INT_SRC_OVR (bus 0 bus_irq 11 global_irq \n",
      "11 high level)\n",
      "\u001b[2K\u001b[38;5;65m[host.QemuSim-24]\u001b[0m [    0.090446] ACPI: Using ACPI (MADT) for SMP configuration \n",
      "information\n",
      "\u001b[2K\u001b[38;5;65m[host.QemuSim-24]\u001b[0m [    0.091858] ACPI: HPET id: 0x8086a201 base: 0xfed00000\n",
      "\u001b[2K\u001b[38;5;65m[host.QemuSim-24]\u001b[0m [    0.092990] TSC deadline timer available\n",
      "\u001b[2K\u001b[38;5;65m[host.QemuSim-24]\u001b[0m [    0.093871] smpboot: Allowing 1 CPUs, 0 hotplug CPUs\n",
      "\u001b[2K\u001b[38;5;65m[host.QemuSim-24]\u001b[0m [    0.094964] [mem 0xc0000000-0xfed1bfff] available for PCI \n",
      "devices\n",
      "\u001b[2K\u001b[38;5;65m[host.QemuSim-24]\u001b[0m [    0.096257] Booting paravirtualized kernel on KVM\n",
      "\u001b[2K\u001b[38;5;65m[host.QemuSim-24]\u001b[0m [    0.097272] clocksource: refined-jiffies: mask: 0xffffffff \n",
      "max_cycles: 0xffffffff, max_idle_ns: 1910969940391419 ns\n",
      "\u001b[2K\u001b[38;5;65m[host.QemuSim-24]\u001b[0m [    0.112002] setup_percpu: NR_CPUS:8192 nr_cpumask_bits:1 \n",
      "nr_cpu_ids:1 nr_node_ids:1\n",
      "\u001b[2K\u001b[38;5;65m[host.QemuSim-24]\u001b[0m [    0.114476] percpu: Embedded 50 pages/cpu s166936 r8192 \n",
      "d29672 u2097152\n",
      "\u001b[2K\u001b[38;5;65m[host.QemuSim-24]\u001b[0m [    0.115949] kvm-guest: stealtime: cpu 0, msr 7de1b000\n",
      "\u001b[2K\u001b[38;5;65m[host.QemuSim-24]\u001b[0m [    0.117053] Built 1 zonelists, mobility grouping on.  Total\n",
      "pages: 516830\n",
      "\u001b[2K\u001b[38;5;65m[host.QemuSim-24]\u001b[0m [    0.118536] Policy zone: DMA32\n",
      "\u001b[2K\u001b[38;5;65m[host.QemuSim-24]\u001b[0m [    0.119195] Kernel command line: earlyprintk=ttyS0 \n",
      "console=ttyS0 root=/dev/sda1 init=/home/ubuntu/guestinit.sh rw\n",
      "\u001b[2K\u001b[38;5;65m[host.QemuSim-24]\u001b[0m [    0.122930] Dentry cache hash table entries: 262144 (order:\n",
      "9, 2097152 bytes, linear)\n",
      "\u001b[2K\u001b[38;5;65m[host.QemuSim-24]\u001b[0m [    0.124782] Inode-cache hash table entries: 131072 (order: \n",
      "8, 1048576 bytes, linear)\n",
      "\u001b[2K\u001b[38;5;65m[host.QemuSim-24]\u001b[0m [    0.126540] mem auto-init: stack:off, heap alloc:off, heap \n",
      "free:off\n",
      "\u001b[2K\u001b[38;5;65m[host.QemuSim-24]\u001b[0m [    0.133733] Memory: 2041056K/2096624K available (8197K \n",
      "kernel code, 1892K rwdata, 2212K rodata, 1920K init, 2560K bss, 55312K reserved,\n",
      "0K cma-reserved)\n",
      "\u001b[2K\u001b[38;5;65m[host.QemuSim-24]\u001b[0m [    0.137476] rcu: Hierarchical RCU implementation.\n",
      "\u001b[2K\u001b[38;5;65m[host.QemuSim-24]\u001b[0m [    0.138478] rcu:   RCU restricting CPUs from NR_CPUS=8192 \n",
      "to nr_cpu_ids=1.\n",
      "\u001b[2K\u001b[38;5;65m[host.QemuSim-24]\u001b[0m [    0.139911] rcu: RCU calculated value of \n",
      "scheduler-enlistment delay is 100 jiffies.\n",
      "\u001b[2K\u001b[38;5;65m[host.QemuSim-24]\u001b[0m [    0.141543] rcu: Adjusting geometry for rcu_fanout_leaf=16,\n",
      "nr_cpu_ids=1\n",
      "\u001b[2K\u001b[38;5;65m[host.QemuSim-24]\u001b[0m [    0.143534] NR_IRQS: 524544, nr_irqs: 256, preallocated \n",
      "irqs: 16\n",
      "\u001b[2K\u001b[38;5;65m[host.QemuSim-24]\u001b[0m [    0.145044] random: crng init done\n",
      "\u001b[2K\u001b[38;5;65m[host.QemuSim-24]\u001b[0m [    0.171677] Console: colour VGA+ 80x25\n",
      "\u001b[2K\u001b[38;5;65m[host.QemuSim-24]\u001b[0m [    0.172530] printk: console [ttyS0] enabled\n",
      "\u001b[2K\u001b[38;5;157m[host.QemuSim-28]\u001b[0m Wrong EFI loader signature.\n",
      "\u001b[2K\u001b[38;5;157m[host.QemuSim-28]\u001b[0m early console in extract_kernel\n",
      "\u001b[2K\u001b[38;5;157m[host.QemuSim-28]\u001b[0m input_data: 0x00000000023793a8\n",
      "\u001b[2K\u001b[38;5;157m[host.QemuSim-28]\u001b[0m input_len: 0x0000000000440104\n",
      "\u001b[2K\u001b[38;5;157m[host.QemuSim-28]\u001b[0m output: 0x0000000001000000\n",
      "\u001b[2K\u001b[38;5;157m[host.QemuSim-28]\u001b[0m output_len: 0x0000000001780a40\n",
      "\u001b[2K\u001b[38;5;157m[host.QemuSim-28]\u001b[0m kernel_total_size: 0x0000000001626000\n",
      "\u001b[2K\u001b[38;5;157m[host.QemuSim-28]\u001b[0m needed_size: 0x0000000001800000\n",
      "\u001b[2K\u001b[38;5;157m[host.QemuSim-28]\u001b[0m trampoline_32bit: 0x000000000009d000\n",
      "\u001b[2K\u001b[38;5;157m[host.QemuSim-28]\u001b[0m to finish...\u001b[0m\n",
      "\u001b[2K\u001b[38;5;157m[host.QemuSim-28]\u001b[0m Decompressing Linux... Parsing ELF... done.\n",
      "\u001b[2K\u001b[38;5;157m[host.QemuSim-28]\u001b[0m Booting the kernel.\n",
      "\u001b[2K\u001b[38;5;157m[host.QemuSim-28]\u001b[0m [    0.000000] Linux version 5.15.93 \n",
      "(simbricks@buildkitsandbox) (gcc (Ubuntu 11.4.0-1ubuntu1~22.04) 11.4.0, GNU ld \n",
      "(GNU Binutils for Ubuntu) 2.38) #1 SMP Mon Apr 28 15:13:53 UTC 2025\n",
      "\u001b[2K\u001b[38;5;157m[host.QemuSim-28]\u001b[0m [    0.000000] Command line: earlyprintk=ttyS0 console=ttyS0 \n",
      "root=/dev/sda1 init=/home/ubuntu/guestinit.sh rw\n",
      "\u001b[2K\u001b[38;5;157m[host.QemuSim-28]\u001b[0m [    0.000000] x86/fpu: Supporting XSAVE feature 0x001: 'x87 \n",
      "floating point registers'\n",
      "\u001b[2K\u001b[38;5;157m[host.QemuSim-28]\u001b[0m [    0.000000] x86/fpu: Supporting XSAVE feature 0x002: 'SSE \n",
      "registers'\n",
      "\u001b[2K\u001b[38;5;157m[host.QemuSim-28]\u001b[0m [    0.000000] x86/fpu: Supporting XSAVE feature 0x004: 'AVX \n",
      "registers'\n",
      "\u001b[2K\u001b[38;5;157m[host.QemuSim-28]\u001b[0m [    0.000000] x86/fpu: Supporting XSAVE feature 0x020: \n",
      "'AVX-512 opmask'\n",
      "\u001b[2K\u001b[38;5;157m[host.QemuSim-28]\u001b[0m [    0.000000] x86/fpu: Supporting XSAVE feature 0x040: \n",
      "'AVX-512 Hi256'\n",
      "\u001b[2K\u001b[38;5;157m[host.QemuSim-28]\u001b[0m [    0.000000] x86/fpu: Supporting XSAVE feature 0x080: \n",
      "'AVX-512 ZMM_Hi256'\n",
      "\u001b[2K\u001b[38;5;157m[host.QemuSim-28]\u001b[0m [    0.000000] x86/fpu: Supporting XSAVE feature 0x200: \n",
      "'Protection Keys User registers'\n",
      "\u001b[2K\u001b[38;5;157m[host.QemuSim-28]\u001b[0m [    0.000000] x86/fpu: xstate_offset[2]:  576, \n",
      "xstate_sizes[2]:  256\n",
      "\u001b[2K\u001b[38;5;157m[host.QemuSim-28]\u001b[0m [    0.000000] x86/fpu: xstate_offset[5]: 1088, \n",
      "xstate_sizes[5]:   64\n",
      "\u001b[2K\u001b[38;5;157m[host.QemuSim-28]\u001b[0m [    0.000000] x86/fpu: xstate_offset[6]: 1152, \n",
      "xstate_sizes[6]:  512\n",
      "\u001b[2K\u001b[38;5;157m[host.QemuSim-28]\u001b[0m [    0.000000] x86/fpu: xstate_offset[7]: 1664, \n",
      "xstate_sizes[7]: 1024\n",
      "\u001b[2K\u001b[38;5;157m[host.QemuSim-28]\u001b[0m [    0.000000] x86/fpu: xstate_offset[9]: 2688, \n",
      "xstate_sizes[9]:    8\n",
      "\u001b[2K\u001b[38;5;157m[host.QemuSim-28]\u001b[0m [    0.000000] x86/fpu: Enabled xstate features 0x2e7, context\n",
      "size is 2696 bytes, using 'standard' format.\n",
      "\u001b[2K\u001b[38;5;157m[host.QemuSim-28]\u001b[0m [    0.000000] signal: max sigframe size: 3632\n",
      "\u001b[2K\u001b[38;5;157m[host.QemuSim-28]\u001b[0m [    0.000000] BIOS-provided physical RAM map:\n",
      "\u001b[2K\u001b[38;5;157m[host.QemuSim-28]\u001b[0m [    0.000000] BIOS-e820: [mem \n",
      "0x0000000000000000-0x000000000009fbff] usable\n",
      "\u001b[2K\u001b[38;5;157m[host.QemuSim-28]\u001b[0m [    0.000000] BIOS-e820: [mem \n",
      "0x000000000009fc00-0x000000000009ffff] reserved\n",
      "\u001b[2K\u001b[38;5;157m[host.QemuSim-28]\u001b[0m [    0.000000] BIOS-e820: [mem \n",
      "0x00000000000f0000-0x00000000000fffff] reserved\n",
      "\u001b[2K\u001b[38;5;157m[host.QemuSim-28]\u001b[0m [    0.000000] BIOS-e820: [mem \n",
      "0x0000000000100000-0x000000007ffddfff] usable\n",
      "\u001b[2K\u001b[38;5;157m[host.QemuSim-28]\u001b[0m [    0.000000] BIOS-e820: [mem \n",
      "0x000000007ffde000-0x000000007fffffff] reserved\n",
      "\u001b[2K\u001b[38;5;157m[host.QemuSim-28]\u001b[0m [    0.000000] BIOS-e820: [mem \n",
      "0x00000000b0000000-0x00000000bfffffff] reserved\n",
      "\u001b[2K\u001b[38;5;157m[host.QemuSim-28]\u001b[0m [    0.000000] BIOS-e820: [mem \n",
      "0x00000000fed1c000-0x00000000fed1ffff] reserved\n",
      "\u001b[2K\u001b[38;5;157m[host.QemuSim-28]\u001b[0m [    0.000000] BIOS-e820: [mem \n",
      "0x00000000feffc000-0x00000000feffffff] reserved\n",
      "\u001b[2K\u001b[38;5;157m[host.QemuSim-28]\u001b[0m [    0.000000] BIOS-e820: [mem \n",
      "0x00000000fffc0000-0x00000000ffffffff] reserved\n",
      "\u001b[2K\u001b[38;5;157m[host.QemuSim-28]\u001b[0m [    0.000000] printk: bootconsole [earlyser0] enabled\n",
      "\u001b[2K\u001b[38;5;157m[host.QemuSim-28]\u001b[0m [    0.000000] NX (Execute Disable) protection: active\n",
      "\u001b[2K\u001b[38;5;157m[host.QemuSim-28]\u001b[0m [    0.000000] SMBIOS 2.8 present.\n",
      "\u001b[2K\u001b[38;5;157m[host.QemuSim-28]\u001b[0m [    0.000000] DMI: QEMU Standard PC (Q35 + ICH9, 2009), BIOS \n",
      "rel-1.14.0-0-g155821a1990b-prebuilt.qemu.org 04/01/2014\n",
      "\u001b[2K\u001b[38;5;157m[host.QemuSim-28]\u001b[0m [    0.000000] Hypervisor detected: KVM\n",
      "\u001b[2K\u001b[38;5;157m[host.QemuSim-28]\u001b[0m [    0.000000] kvm-clock: Using msrs 4b564d01 and 4b564d00\n",
      "\u001b[2K\u001b[38;5;157m[host.QemuSim-28]\u001b[0m [    0.000000] kvm-clock: cpu 0, msr 2396001, primary cpu \n",
      "clock\n",
      "\u001b[2K\u001b[38;5;157m[host.QemuSim-28]\u001b[0m [    0.000003] kvm-clock: using sched offset of 307723985 \n",
      "cycles\n",
      "\u001b[2K\u001b[38;5;157m[host.QemuSim-28]\u001b[0m [    0.000996] clocksource: kvm-clock: mask: \n",
      "0xffffffffffffffff max_cycles: 0x1cd42e4dffb, max_idle_ns: 881590591483 ns\n",
      "\u001b[2K\u001b[38;5;157m[host.QemuSim-28]\u001b[0m [    0.003831] tsc: Detected 2095.082 MHz processor\n",
      "\u001b[2K\u001b[38;5;157m[host.QemuSim-28]\u001b[0m [    0.005475] last_pfn = 0x7ffde max_arch_pfn = 0x400000000\n",
      "\u001b[2K\u001b[38;5;157m[host.QemuSim-28]\u001b[0m [    0.006539] x86/PAT: Configuration [0-7]: WB  WC  UC- UC  \n",
      "WB  WP  UC- WT  \n",
      "\u001b[2K\u001b[38;5;157m[host.QemuSim-28]\u001b[0m [    0.014845] found SMP MP-table at [mem \n",
      "0x000f5ab0-0x000f5abf]\n",
      "\u001b[2K\u001b[38;5;157m[host.QemuSim-28]\u001b[0m [    0.015858] Using GB pages for direct mapping\n",
      "\u001b[2K\u001b[38;5;157m[host.QemuSim-28]\u001b[0m [    0.016810] ACPI: Early table checksum verification \n",
      "disabled\n",
      "\u001b[2K\u001b[38;5;157m[host.QemuSim-28]\u001b[0m [    0.017855] ACPI: RSDP 0x00000000000F58E0 000014 (v00 BOCHS\n",
      ")\n",
      "\u001b[2K\u001b[38;5;157m[host.QemuSim-28]\u001b[0m [    0.018918] ACPI: RSDT 0x000000007FFE20CE 000038 (v01 BOCHS\n",
      "BXPCRSDT 00000001 BXPC 00000001)\n",
      "\u001b[2K\u001b[38;5;157m[host.QemuSim-28]\u001b[0m [    0.020400] ACPI: FACP 0x000000007FFE1EC6 0000F4 (v03 BOCHS\n",
      "BXPCFACP 00000001 BXPC 00000001)\n",
      "\u001b[2K\u001b[38;5;157m[host.QemuSim-28]\u001b[0m [    0.021891] ACPI: DSDT 0x000000007FFE0040 001E86 (v01 BOCHS\n",
      "BXPCDSDT 00000001 BXPC 00000001)\n",
      "\u001b[2K\u001b[38;5;157m[host.QemuSim-28]\u001b[0m [    0.023365] ACPI: FACS 0x000000007FFE0000 000040\n",
      "\u001b[2K\u001b[38;5;157m[host.QemuSim-28]\u001b[0m [    0.024162] ACPI: APIC 0x000000007FFE1FBA 000078 (v01 BOCHS\n",
      "BXPCAPIC 00000001 BXPC 00000001)\n",
      "\u001b[2K\u001b[38;5;157m[host.QemuSim-28]\u001b[0m [    0.025635] ACPI: HPET 0x000000007FFE2032 000038 (v01 BOCHS\n",
      "BXPCHPET 00000001 BXPC 00000001)\n",
      "\u001b[2K\u001b[38;5;157m[host.QemuSim-28]\u001b[0m [    0.027103] ACPI: MCFG 0x000000007FFE206A 00003C (v01 BOCHS\n",
      "BXPCMCFG 00000001 BXPC 00000001)\n",
      "\u001b[2K\u001b[38;5;157m[host.QemuSim-28]\u001b[0m [    0.028576] ACPI: WAET 0x000000007FFE20A6 000028 (v01 BOCHS\n",
      "BXPCWAET 00000001 BXPC 00000001)\n",
      "\u001b[2K\u001b[38;5;157m[host.QemuSim-28]\u001b[0m [    0.030050] ACPI: Reserving FACP table memory at [mem \n",
      "0x7ffe1ec6-0x7ffe1fb9]\n",
      "\u001b[2K\u001b[38;5;157m[host.QemuSim-28]\u001b[0m [    0.031271] ACPI: Reserving DSDT table memory at [mem \n",
      "0x7ffe0040-0x7ffe1ec5]\n",
      "\u001b[2K\u001b[38;5;157m[host.QemuSim-28]\u001b[0m [    0.032483] ACPI: Reserving FACS table memory at [mem \n",
      "0x7ffe0000-0x7ffe003f]\n",
      "\u001b[2K\u001b[38;5;157m[host.QemuSim-28]\u001b[0m [    0.033710] ACPI: Reserving APIC table memory at [mem \n",
      "0x7ffe1fba-0x7ffe2031]\n",
      "\u001b[2K\u001b[38;5;157m[host.QemuSim-28]\u001b[0m [    0.034955] ACPI: Reserving HPET table memory at [mem \n",
      "0x7ffe2032-0x7ffe2069]\n",
      "\u001b[2K\u001b[38;5;157m[host.QemuSim-28]\u001b[0m [    0.036255] ACPI: Reserving MCFG table memory at [mem \n",
      "0x7ffe206a-0x7ffe20a5]\n",
      "\u001b[2K\u001b[38;5;157m[host.QemuSim-28]\u001b[0m [    0.037543] ACPI: Reserving WAET table memory at [mem \n",
      "0x7ffe20a6-0x7ffe20cd]\n",
      "\u001b[2K\u001b[38;5;157m[host.QemuSim-28]\u001b[0m [    0.039218] No NUMA configuration found\n",
      "\u001b[2K\u001b[38;5;157m[host.QemuSim-28]\u001b[0m [    0.039904] Faking a node at [mem \n",
      "0x0000000000000000-0x000000007ffddfff]\n",
      "\u001b[2K\u001b[38;5;157m[host.QemuSim-28]\u001b[0m [    0.041158] NODE_DATA(0) allocated [mem \n",
      "0x7ffbc000-0x7ffddfff]\n",
      "\u001b[2K\u001b[38;5;157m[host.QemuSim-28]\u001b[0m [    0.042710] Zone ranges:\n",
      "\u001b[2K\u001b[38;5;157m[host.QemuSim-28]\u001b[0m [    0.043147]   DMA      [mem \n",
      "0x0000000000001000-0x0000000000ffffff]\n",
      "\u001b[2K\u001b[38;5;157m[host.QemuSim-28]\u001b[0m [    0.044212]   DMA32    [mem \n",
      "0x0000000001000000-0x000000007ffddfff]\n",
      "\u001b[2K\u001b[38;5;157m[host.QemuSim-28]\u001b[0m [    0.045282]   Normal   empty\n",
      "\u001b[2K\u001b[38;5;157m[host.QemuSim-28]\u001b[0m [    0.045786] Movable zone start for each node\n",
      "\u001b[2K\u001b[38;5;157m[host.QemuSim-28]\u001b[0m [    0.046529] Early memory node ranges\n",
      "\u001b[2K\u001b[38;5;157m[host.QemuSim-28]\u001b[0m [    0.047146]   node   0: [mem \n",
      "0x0000000000001000-0x000000000009efff]\n",
      "\u001b[2K\u001b[38;5;157m[host.QemuSim-28]\u001b[0m [    0.048235]   node   0: [mem \n",
      "0x0000000000100000-0x000000007ffddfff]\n",
      "\u001b[2K\u001b[38;5;157m[host.QemuSim-28]\u001b[0m [    0.049325] Initmem setup node 0 [mem \n",
      "0x0000000000001000-0x000000007ffddfff]\n",
      "\u001b[2K\u001b[38;5;157m[host.QemuSim-28]\u001b[0m [    0.051146] On node 0, zone DMA: 1 pages in unavailable \n",
      "ranges\n",
      "\u001b[2K\u001b[38;5;157m[host.QemuSim-28]\u001b[0m [    0.051179] On node 0, zone DMA: 97 pages in unavailable \n",
      "ranges\n",
      "\u001b[2K\u001b[38;5;157m[host.QemuSim-28]\u001b[0m [    0.063420] On node 0, zone DMA32: 34 pages in unavailable \n",
      "ranges\n",
      "\u001b[2K\u001b[38;5;157m[host.QemuSim-28]\u001b[0m [    0.064878] ACPI: PM-Timer IO Port: 0x608\n",
      "\u001b[2K\u001b[38;5;157m[host.QemuSim-28]\u001b[0m [    0.066651] ACPI: LAPIC_NMI (acpi_id[0xff] dfl dfl \n",
      "lint[0x1])\n",
      "\u001b[2K\u001b[38;5;157m[host.QemuSim-28]\u001b[0m [    0.067705] IOAPIC[0]: apic_id 0, version 17, address \n",
      "0xfec00000, GSI 0-23\n",
      "\u001b[2K\u001b[38;5;157m[host.QemuSim-28]\u001b[0m [    0.068898] ACPI: INT_SRC_OVR (bus 0 bus_irq 0 global_irq 2\n",
      "dfl dfl)\n",
      "\u001b[2K\u001b[38;5;157m[host.QemuSim-28]\u001b[0m [    0.070002] ACPI: INT_SRC_OVR (bus 0 bus_irq 5 global_irq 5\n",
      "high level)\n",
      "\u001b[2K\u001b[38;5;157m[host.QemuSim-28]\u001b[0m [    0.071152] ACPI: INT_SRC_OVR (bus 0 bus_irq 9 global_irq 9\n",
      "high level)\n",
      "\u001b[2K\u001b[38;5;157m[host.QemuSim-28]\u001b[0m [    0.072305] ACPI: INT_SRC_OVR (bus 0 bus_irq 10 global_irq \n",
      "10 high level)\n",
      "\u001b[2K\u001b[38;5;157m[host.QemuSim-28]\u001b[0m [    0.073493] ACPI: INT_SRC_OVR (bus 0 bus_irq 11 global_irq \n",
      "11 high level)\n",
      "\u001b[2K\u001b[38;5;157m[host.QemuSim-28]\u001b[0m [    0.074666] ACPI: Using ACPI (MADT) for SMP configuration \n",
      "information\n",
      "\u001b[2K\u001b[38;5;157m[host.QemuSim-28]\u001b[0m [    0.075776] ACPI: HPET id: 0x8086a201 base: 0xfed00000\n",
      "\u001b[2K\u001b[38;5;157m[host.QemuSim-28]\u001b[0m [    0.076664] TSC deadline timer available\n",
      "\u001b[2K\u001b[38;5;157m[host.QemuSim-28]\u001b[0m [    0.077341] smpboot: Allowing 1 CPUs, 0 hotplug CPUs\n",
      "\u001b[2K\u001b[38;5;157m[host.QemuSim-28]\u001b[0m [    0.078318] [mem 0xc0000000-0xfed1bfff] available for PCI \n",
      "devices\n",
      "\u001b[2K\u001b[38;5;157m[host.QemuSim-28]\u001b[0m [    0.079407] Booting paravirtualized kernel on KVM\n",
      "\u001b[2K\u001b[38;5;157m[host.QemuSim-28]\u001b[0m [    0.080222] clocksource: refined-jiffies: mask: 0xffffffff \n",
      "max_cycles: 0xffffffff, max_idle_ns: 1910969940391419 ns\n",
      "\u001b[2K\u001b[38;5;157m[host.QemuSim-28]\u001b[0m [    0.092397] setup_percpu: NR_CPUS:8192 nr_cpumask_bits:1 \n",
      "nr_cpu_ids:1 nr_node_ids:1\n",
      "\u001b[2K\u001b[38;5;157m[host.QemuSim-28]\u001b[0m [    0.094511] percpu: Embedded 50 pages/cpu s166936 r8192 \n",
      "d29672 u2097152\n",
      "\u001b[2K\u001b[38;5;157m[host.QemuSim-28]\u001b[0m [    0.095704] kvm-guest: stealtime: cpu 0, msr 7de1b000\n",
      "\u001b[2K\u001b[38;5;157m[host.QemuSim-28]\u001b[0m [    0.096587] Built 1 zonelists, mobility grouping on.  Total\n",
      "pages: 516830\n",
      "\u001b[2K\u001b[38;5;157m[host.QemuSim-28]\u001b[0m [    0.097803] Policy zone: DMA32\n",
      "\u001b[2K\u001b[38;5;157m[host.QemuSim-28]\u001b[0m [    0.098362] Kernel command line: earlyprintk=ttyS0 \n",
      "console=ttyS0 root=/dev/sda1 init=/home/ubuntu/guestinit.sh rw\n",
      "\u001b[2K\u001b[38;5;157m[host.QemuSim-28]\u001b[0m [    0.101737] Dentry cache hash table entries: 262144 (order:\n",
      "9, 2097152 bytes, linear)\n",
      "\u001b[2K\u001b[38;5;157m[host.QemuSim-28]\u001b[0m [    0.103329] Inode-cache hash table entries: 131072 (order: \n",
      "8, 1048576 bytes, linear)\n",
      "\u001b[2K\u001b[38;5;157m[host.QemuSim-28]\u001b[0m [    0.104725] mem auto-init: stack:off, heap alloc:off, heap \n",
      "free:off\n",
      "\u001b[2K\u001b[38;5;157m[host.QemuSim-28]\u001b[0m [    0.111111] Memory: 2041056K/2096624K available (8197K \n",
      "kernel code, 1892K rwdata, 2212K rodata, 1920K init, 2560K bss, 55312K reserved,\n",
      "0K cma-reserved)\n",
      "\u001b[2K\u001b[38;5;157m[host.QemuSim-28]\u001b[0m [    0.114291] rcu: Hierarchical RCU implementation.\n",
      "\u001b[2K\u001b[38;5;157m[host.QemuSim-28]\u001b[0m [    0.115132] rcu:   RCU restricting CPUs from NR_CPUS=8192 \n",
      "to nr_cpu_ids=1.\n",
      "\u001b[2K\u001b[38;5;157m[host.QemuSim-28]\u001b[0m [    0.116287] rcu: RCU calculated value of \n",
      "scheduler-enlistment delay is 100 jiffies.\n",
      "\u001b[2K\u001b[38;5;157m[host.QemuSim-28]\u001b[0m [    0.117601] rcu: Adjusting geometry for rcu_fanout_leaf=16,\n",
      "nr_cpu_ids=1\n",
      "\u001b[2K\u001b[38;5;157m[host.QemuSim-28]\u001b[0m [    0.119219] NR_IRQS: 524544, nr_irqs: 256, preallocated \n",
      "irqs: 16\n",
      "\u001b[2K\u001b[38;5;157m[host.QemuSim-28]\u001b[0m [    0.120471] random: crng init done\n",
      "\u001b[2K\u001b[38;5;157m[host.QemuSim-28]\u001b[0m [    0.141952] Console: colour VGA+ 80x25\n",
      "\u001b[2K\u001b[38;5;157m[host.QemuSim-28]\u001b[0m [    0.142683] printk: console [ttyS0] enabled\n",
      "\u001b[2K\u001b[38;5;65m[host.QemuSim-24]\u001b[0m [    0.172530] printk: console [ttyS0] enabled\n",
      "\u001b[2K\u001b[38;5;65m[host.QemuSim-24]\u001b[0m [    0.174320] printk: bootconsole [earlyser0] disabled\n",
      "\u001b[2K\u001b[38;5;65m[host.QemuSim-24]\u001b[0m [    0.174320] printk: bootconsole [earlyser0] disabled\n",
      "\u001b[2K\u001b[38;5;65m[host.QemuSim-24]\u001b[0m [    0.176446] ACPI: Core revision 20210730\n",
      "\u001b[2K\u001b[38;5;65m[host.QemuSim-24]\u001b[0m [    0.177489] clocksource: hpet: mask: 0xffffffff max_cycles:\n",
      "0xffffffff, max_idle_ns: 19112604467 ns\n",
      "\u001b[2K\u001b[38;5;65m[host.QemuSim-24]\u001b[0m [    0.179622] APIC: Switch to symmetric I/O mode setup\n",
      "\u001b[2K\u001b[38;5;65m[host.QemuSim-24]\u001b[0m [    0.182486] ..TIMER: vector=0x30 apic1=0 pin1=2 apic2=-1 \n",
      "pin2=-1\n",
      "\u001b[2K\u001b[38;5;65m[host.QemuSim-24]\u001b[0m [    0.183906] clocksource: tsc-early: mask: \n",
      "0xffffffffffffffff max_cycles: 0x1e330abbade, max_idle_ns: 440795251159 ns\n",
      "\u001b[2K\u001b[38;5;65m[host.QemuSim-24]\u001b[0m [    0.186238] Calibrating delay loop (skipped) preset value..\n",
      "4190.16 BogoMIPS (lpj=2095082)\n",
      "\u001b[2K\u001b[38;5;65m[host.QemuSim-24]\u001b[0m [    0.187238] pid_max: default: 32768 minimum: 301\n",
      "\u001b[2K\u001b[38;5;65m[host.QemuSim-24]\u001b[0m [    0.188313] Mount-cache hash table entries: 4096 (order: 3,\n",
      "32768 bytes, linear)\n",
      "\u001b[2K\u001b[38;5;65m[host.QemuSim-24]\u001b[0m [    0.189242] Mountpoint-cache hash table entries: 4096 \n",
      "(order: 3, 32768 bytes, linear)\n",
      "\u001b[2K\u001b[38;5;65m[host.QemuSim-24]\u001b[0m [    0.191706] Last level iTLB entries: 4KB 0, 2MB 0, 4MB 0\n",
      "\u001b[2K\u001b[38;5;65m[host.QemuSim-24]\u001b[0m [    0.192239] Last level dTLB entries: 4KB 0, 2MB 0, 4MB 0, \n",
      "1GB 0\n",
      "\u001b[2K\u001b[38;5;65m[host.QemuSim-24]\u001b[0m [    0.193242] Spectre V1 : Mitigation: usercopy/swapgs \n",
      "barriers and __user pointer sanitization\n",
      "\u001b[2K\u001b[38;5;65m[host.QemuSim-24]\u001b[0m [    0.194239] Spectre V2 : Kernel not compiled with \n",
      "retpoline; no mitigation available!\n",
      "\u001b[2K\u001b[38;5;65m[host.QemuSim-24]\u001b[0m [    0.194240] Spectre V2 : Vulnerable\n",
      "\u001b[2K\u001b[38;5;65m[host.QemuSim-24]\u001b[0m [    0.196238] Spectre V2 : Spectre v2 / SpectreRSB \n",
      "mitigation: Filling RSB on context switch\n",
      "\u001b[2K\u001b[38;5;65m[host.QemuSim-24]\u001b[0m [    0.197238] RETBleed: WARNING: Spectre v2 mitigation leaves\n",
      "CPU vulnerable to RETBleed attacks, data leaks possible!\n",
      "\u001b[2K\u001b[38;5;65m[host.QemuSim-24]\u001b[0m [    0.198238] RETBleed: Vulnerable\n",
      "\u001b[2K\u001b[38;5;65m[host.QemuSim-24]\u001b[0m [    0.199238] Speculative Store Bypass: Vulnerable\n",
      "\u001b[2K\u001b[38;5;65m[host.QemuSim-24]\u001b[0m [    0.200239] MDS: Vulnerable: Clear CPU buffers attempted, \n",
      "no microcode\n",
      "\u001b[2K\u001b[38;5;65m[host.QemuSim-24]\u001b[0m [    0.201238] TAA: Vulnerable: Clear CPU buffers attempted, \n",
      "no microcode\n",
      "\u001b[2K\u001b[38;5;65m[host.QemuSim-24]\u001b[0m [    0.202238] MMIO Stale Data: Vulnerable: Clear CPU buffers \n",
      "attempted, no microcode\n",
      "\u001b[2K\u001b[38;5;65m[host.QemuSim-24]\u001b[0m [    0.206127] Freeing SMP alternatives memory: 12K\n",
      "\u001b[2K\u001b[38;5;65m[host.QemuSim-24]\u001b[0m [    0.207311] smpboot: CPU0: Intel Xeon Processor (Skylake) \n",
      "(family: 0x6, model: 0x55, stepping: 0x4)\n",
      "\u001b[2K\u001b[38;5;65m[host.QemuSim-24]\u001b[0m [    0.208319] Performance Events: unsupported p6 CPU model 85\n",
      "no PMU driver, software events only.\n",
      "\u001b[2K\u001b[38;5;65m[host.QemuSim-24]\u001b[0m [    0.209297] rcu: Hierarchical SRCU implementation.\n",
      "\u001b[2K\u001b[38;5;65m[host.QemuSim-24]\u001b[0m [    0.210278] smp: Bringing up secondary CPUs ...\n",
      "\u001b[2K\u001b[38;5;65m[host.QemuSim-24]\u001b[0m [    0.211240] smp: Brought up 1 node, 1 CPU\n",
      "\u001b[2K\u001b[38;5;65m[host.QemuSim-24]\u001b[0m [    0.212113] smpboot: Max logical packages: 1\n",
      "\u001b[2K\u001b[38;5;65m[host.QemuSim-24]\u001b[0m [    0.212240] smpboot: Total of 1 processors activated \n",
      "(4190.16 BogoMIPS)\n",
      "\u001b[2K\u001b[38;5;65m[host.QemuSim-24]\u001b[0m [    0.213523] devtmpfs: initialized\n",
      "\u001b[2K\u001b[38;5;65m[host.QemuSim-24]\u001b[0m [    0.214291] x86/mm: Memory block size: 128MB\n",
      "\u001b[2K\u001b[38;5;65m[host.QemuSim-24]\u001b[0m [    0.215454] clocksource: jiffies: mask: 0xffffffff \n",
      "max_cycles: 0xffffffff, max_idle_ns: 1911260446275000 ns\n",
      "\u001b[2K\u001b[38;5;65m[host.QemuSim-24]\u001b[0m [    0.216243] futex hash table entries: 256 (order: 2, 16384 \n",
      "bytes, linear)\n",
      "\u001b[2K\u001b[38;5;65m[host.QemuSim-24]\u001b[0m [    0.217290] 0m\n",
      "\u001b[2K\u001b[38;5;65m[host.QemuSim-24]\u001b[0m [    0.217626] 0m\n",
      "*************************************************************\n",
      "\u001b[2K\u001b[38;5;65m[host.QemuSim-24]\u001b[0m [    0.218240] **     NOTICE NOTICE NOTICE NOTICE NOTICE \n",
      "NOTICE NOTICE    **\n",
      "\u001b[2K\u001b[38;5;65m[host.QemuSim-24]\u001b[0m [    0.219240] **                                             \n",
      "**\n",
      "\u001b[2K\u001b[38;5;65m[host.QemuSim-24]\u001b[0m [    0.220240] **  IOMMU DebugFS SUPPORT HAS BEEN ENABLED IN \n",
      "THIS KERNEL  **\n",
      "\u001b[2K\u001b[38;5;65m[host.QemuSim-24]\u001b[0m [    0.221240] **                                             \n",
      "**\n",
      "\u001b[2K\u001b[38;5;65m[host.QemuSim-24]\u001b[0m [    0.222240] ** This means that this kernel is built to \n",
      "expose internal **\n",
      "\u001b[2K\u001b[38;5;65m[host.QemuSim-24]\u001b[0m [    0.223240] ** IOMMU data structures, which may compromise \n",
      "security on **\n",
      "\u001b[2K\u001b[38;5;65m[host.QemuSim-24]\u001b[0m [    0.224240] ** your system.                                \n",
      "**\n",
      "\u001b[2K\u001b[38;5;65m[host.QemuSim-24]\u001b[0m [    0.225240] **                                             \n",
      "**\n",
      "\u001b[2K\u001b[38;5;65m[host.QemuSim-24]\u001b[0m [    0.226240] ** If you see this message and you are not \n",
      "debugging the   **\n",
      "\u001b[2K\u001b[38;5;65m[host.QemuSim-24]\u001b[0m [    0.227240] ** kernel, report this immediately to your \n",
      "vendor!         **\n",
      "\u001b[2K\u001b[38;5;65m[host.QemuSim-24]\u001b[0m [    0.228240] **                                             \n",
      "**\n",
      "\u001b[2K\u001b[38;5;65m[host.QemuSim-24]\u001b[0m [    0.229240] **     NOTICE NOTICE NOTICE NOTICE NOTICE \n",
      "NOTICE NOTICE    **\n",
      "\u001b[2K\u001b[38;5;65m[host.QemuSim-24]\u001b[0m [    0.230240] 0m\n",
      "*************************************************************\n",
      "\u001b[2K\u001b[38;5;65m[host.QemuSim-24]\u001b[0m [    0.231323] NET: Registered PF_NETLINK/PF_ROUTE protocol \n",
      "family\n",
      "\u001b[2K\u001b[38;5;65m[host.QemuSim-24]\u001b[0m [    0.232826] audit: initializing netlink subsys (disabled)\n",
      "\u001b[2K\u001b[38;5;65m[host.QemuSim-24]\u001b[0m [    0.233332] thermal_sys: Registered thermal governor \n",
      "'step_wise'\n",
      "\u001b[2K\u001b[38;5;65m[host.QemuSim-24]\u001b[0m [    0.233333] thermal_sys: Registered thermal governor \n",
      "'user_space'\n",
      "\u001b[2K\u001b[38;5;65m[host.QemuSim-24]\u001b[0m [    0.234244] cpuidle: using governor ladder\n",
      "\u001b[2K\u001b[38;5;65m[host.QemuSim-24]\u001b[0m [    0.236159] ACPI: bus type PCI registered\n",
      "\u001b[2K\u001b[38;5;65m[host.QemuSim-24]\u001b[0m [    0.236243] acpiphp: ACPI Hot Plug PCI Controller Driver \n",
      "version: 0.5\n",
      "\u001b[2K\u001b[38;5;65m[host.QemuSim-24]\u001b[0m [    0.237330] PCI: MMCONFIG for domain 0000 [bus 00-ff] at \n",
      "[mem 0xb0000000-0xbfffffff] (base 0xb0000000)\n",
      "\u001b[2K\u001b[38;5;65m[host.QemuSim-24]\u001b[0m [    0.238241] PCI: MMCONFIG at [mem 0xb0000000-0xbfffffff] \n",
      "reserved in E820\n",
      "\u001b[2K\u001b[38;5;65m[host.QemuSim-24]\u001b[0m [    0.239255] PCI: Using configuration type 1 for base access\n",
      "\u001b[2K\u001b[38;5;65m[host.QemuSim-24]\u001b[0m [    0.241195] audit: type=2000 audit(1746031206.140:1): \n",
      "state=initialized audit_enabled=0 res=1\n",
      "\u001b[2K\u001b[38;5;65m[host.QemuSim-24]\u001b[0m [    0.241291] HugeTLB registered 1.00 GiB page size, \n",
      "pre-allocated 0 pages\n",
      "\u001b[2K\u001b[38;5;65m[host.QemuSim-24]\u001b[0m [    0.242242] HugeTLB registered 2.00 MiB page size, \n",
      "pre-allocated 0 pages\n",
      "\u001b[2K\u001b[38;5;65m[host.QemuSim-24]\u001b[0m [    0.243598] ACPI: Added _OSI(Module Device)\n",
      "\u001b[2K\u001b[38;5;65m[host.QemuSim-24]\u001b[0m [    0.244246] ACPI: Added _OSI(Processor Device)\n",
      "\u001b[2K\u001b[38;5;65m[host.QemuSim-24]\u001b[0m [    0.245207] ACPI: Added _OSI(3.0 _SCP Extensions)\n",
      "\u001b[2K\u001b[38;5;65m[host.QemuSim-24]\u001b[0m [    0.245241] ACPI: Added _OSI(Processor Aggregator Device)\n",
      "\u001b[2K\u001b[38;5;65m[host.QemuSim-24]\u001b[0m [    0.246241] ACPI: Added _OSI(Linux-Dell-Video)\n",
      "\u001b[2K\u001b[38;5;65m[host.QemuSim-24]\u001b[0m [    0.247205] ACPI: Added _OSI(Linux-Lenovo-NV-HDMI-Audio)\n",
      "\u001b[2K\u001b[38;5;65m[host.QemuSim-24]\u001b[0m [    0.247241] ACPI: Added _OSI(Linux-HPI-Hybrid-Graphics)\n",
      "\u001b[2K\u001b[38;5;65m[host.QemuSim-24]\u001b[0m [    0.249389] ACPI: 1 ACPI AML tables successfully acquired \n",
      "and loaded\n",
      "\u001b[2K\u001b[38;5;65m[host.QemuSim-24]\u001b[0m [    0.251402] ACPI: Interpreter enabled\n",
      "\u001b[2K\u001b[38;5;65m[host.QemuSim-24]\u001b[0m [    0.252217] ACPI: PM: (supports S0 S5)\n",
      "\u001b[2K\u001b[38;5;65m[host.QemuSim-24]\u001b[0m [    0.252241] ACPI: Using IOAPIC for interrupt routing\n",
      "\u001b[2K\u001b[38;5;65m[host.QemuSim-24]\u001b[0m [    0.253265] PCI: Using host bridge windows from ACPI; if \n",
      "necessary, use \"pci=nocrs\" and report a bug\n",
      "\u001b[2K\u001b[38;5;65m[host.QemuSim-24]\u001b[0m [    0.254321] ACPI: Enabled 1 GPEs in block 00 to 3F\n",
      "\u001b[2K\u001b[38;5;65m[host.QemuSim-24]\u001b[0m [    0.256801] ACPI: PCI Root Bridge [PCI0] (domain 0000 [bus \n",
      "00-ff])\n",
      "\u001b[2K\u001b[38;5;65m[host.QemuSim-24]\u001b[0m [    0.257249] acpi PNP0A08:00: _OSC: OS supports \n",
      "[ExtendedConfig ASPM ClockPM Segments MSI HPX-Type3]\n",
      "\u001b[2K\u001b[38;5;65m[host.QemuSim-24]\u001b[0m [    0.258316] acpi PNP0A08:00: _OSC: platform does not \n",
      "support [LTR]\n",
      "\u001b[2K\u001b[38;5;65m[host.QemuSim-24]\u001b[0m [    0.259304] acpi PNP0A08:00: _OSC: OS now controls \n",
      "[PCIeHotplug PME AER PCIeCapability]\n",
      "\u001b[2K\u001b[38;5;65m[host.QemuSim-24]\u001b[0m [    0.260368] PCI host bridge to bus 0000:00\n",
      "\u001b[2K\u001b[38;5;65m[host.QemuSim-24]\u001b[0m [    0.261241] pci_bus 0000:00: root bus resource [io  \n",
      "0x0000-0x0cf7 window]\n",
      "\u001b[2K\u001b[38;5;65m[host.QemuSim-24]\u001b[0m [    0.262240] pci_bus 0000:00: root bus resource [io  \n",
      "0x0d00-0xffff window]\n",
      "\u001b[2K\u001b[38;5;65m[host.QemuSim-24]\u001b[0m [    0.263240] pci_bus 0000:00: root bus resource [mem \n",
      "0x000a0000-0x000bffff window]\n",
      "\u001b[2K\u001b[38;5;65m[host.QemuSim-24]\u001b[0m [    0.264240] pci_bus 0000:00: root bus resource [mem \n",
      "0x80000000-0xafffffff window]\n",
      "\u001b[2K\u001b[38;5;65m[host.QemuSim-24]\u001b[0m [    0.265240] pci_bus 0000:00: root bus resource [mem \n",
      "0xc0000000-0xfebfffff window]\n",
      "\u001b[2K\u001b[38;5;65m[host.QemuSim-24]\u001b[0m [    0.266240] pci_bus 0000:00: root bus resource [mem \n",
      "0x100000000-0x8ffffffff window]\n",
      "\u001b[2K\u001b[38;5;65m[host.QemuSim-24]\u001b[0m [    0.267241] pci_bus 0000:00: root bus resource [bus 00-ff]\n",
